Component: ARM Compiler 5.06 update 6 (build 750) Tool: armlink [4d35ed]

==============================================================================

Section Cross References

    startup_stm32f103xb.o(RESET) refers to startup_stm32f103xb.o(STACK) for __initial_sp
    startup_stm32f103xb.o(RESET) refers to startup_stm32f103xb.o(.text) for Reset_Handler
    startup_stm32f103xb.o(RESET) refers to stm32f1xx_it.o(i.NMI_Handler) for NMI_Handler
    startup_stm32f103xb.o(RESET) refers to stm32f1xx_it.o(i.HardFault_Handler) for HardFault_Handler
    startup_stm32f103xb.o(RESET) refers to stm32f1xx_it.o(i.MemManage_Handler) for MemManage_Handler
    startup_stm32f103xb.o(RESET) refers to stm32f1xx_it.o(i.BusFault_Handler) for BusFault_Handler
    startup_stm32f103xb.o(RESET) refers to stm32f1xx_it.o(i.UsageFault_Handler) for UsageFault_Handler
    startup_stm32f103xb.o(RESET) refers to stm32f1xx_it.o(i.SVC_Handler) for SVC_Handler
    startup_stm32f103xb.o(RESET) refers to stm32f1xx_it.o(i.DebugMon_Handler) for DebugMon_Handler
    startup_stm32f103xb.o(RESET) refers to stm32f1xx_it.o(i.PendSV_Handler) for PendSV_Handler
    startup_stm32f103xb.o(RESET) refers to stm32f1xx_it.o(i.SysTick_Handler) for SysTick_Handler
    startup_stm32f103xb.o(.text) refers to system_stm32f1xx.o(i.SystemInit) for SystemInit
    startup_stm32f103xb.o(.text) refers to entry.o(.ARM.Collect$$$$00000000) for __main
    main.o(i.MX_GPIO_Init) refers to stm32f1xx_hal_gpio.o(i.HAL_GPIO_WritePin) for HAL_GPIO_WritePin
    main.o(i.MX_GPIO_Init) refers to stm32f1xx_hal_gpio.o(i.HAL_GPIO_Init) for HAL_GPIO_Init
    main.o(i.MX_USART1_UART_Init) refers to stm32f1xx_hal_uart.o(i.HAL_UART_Init) for HAL_UART_Init
    main.o(i.MX_USART1_UART_Init) refers to main.o(i.Error_Handler) for Error_Handler
    main.o(i.MX_USART1_UART_Init) refers to main.o(.bss) for huart1
    main.o(i.SystemClock_Config) refers to memseta.o(.text) for __aeabi_memclr4
    main.o(i.SystemClock_Config) refers to stm32f1xx_hal_rcc.o(i.HAL_RCC_OscConfig) for HAL_RCC_OscConfig
    main.o(i.SystemClock_Config) refers to main.o(i.Error_Handler) for Error_Handler
    main.o(i.SystemClock_Config) refers to stm32f1xx_hal_rcc.o(i.HAL_RCC_ClockConfig) for HAL_RCC_ClockConfig
    main.o(i.fputc) refers to stm32f1xx_hal_uart.o(i.HAL_UART_Transmit) for HAL_UART_Transmit
    main.o(i.fputc) refers to main.o(.bss) for huart1
    main.o(i.main) refers to stm32f1xx_hal.o(i.HAL_Init) for HAL_Init
    main.o(i.main) refers to main.o(i.SystemClock_Config) for SystemClock_Config
    main.o(i.main) refers to main.o(i.MX_GPIO_Init) for MX_GPIO_Init
    main.o(i.main) refers to main.o(i.MX_USART1_UART_Init) for MX_USART1_UART_Init
    main.o(i.main) refers to mpu6050.o(i.MPU_Init) for MPU_Init
    main.o(i.main) refers to inv_mpu.o(i.mpu_dmp_init) for mpu_dmp_init
    main.o(i.main) refers to inv_mpu.o(i.mpu_dmp_get_data) for mpu_dmp_get_data
    main.o(i.main) refers to stm32f1xx_hal_gpio.o(i.HAL_GPIO_TogglePin) for HAL_GPIO_TogglePin
    main.o(i.main) refers to stm32f1xx_hal.o(i.HAL_Delay) for HAL_Delay
    main.o(i.main) refers to f2d.o(.text) for __aeabi_f2d
    main.o(i.main) refers to printfa.o(i.__0printf) for __2printf
    main.o(i.main) refers to main.o(.data) for yaw
    stm32f1xx_it.o(i.SysTick_Handler) refers to stm32f1xx_hal.o(i.HAL_IncTick) for HAL_IncTick
    stm32f1xx_hal_msp.o(i.HAL_UART_MspDeInit) refers to stm32f1xx_hal_gpio.o(i.HAL_GPIO_DeInit) for HAL_GPIO_DeInit
    stm32f1xx_hal_msp.o(i.HAL_UART_MspInit) refers to stm32f1xx_hal_gpio.o(i.HAL_GPIO_Init) for HAL_GPIO_Init
    iic.o(i.IIC_Ack) refers to stm32f1xx_hal_gpio.o(i.HAL_GPIO_WritePin) for HAL_GPIO_WritePin
    iic.o(i.IIC_Ack) refers to iic.o(i.IIC_Delay) for IIC_Delay
    iic.o(i.IIC_CheckDevice) refers to iic.o(i.IIC_GPIO_Init) for IIC_GPIO_Init
    iic.o(i.IIC_CheckDevice) refers to iic.o(i.IIC_Start) for IIC_Start
    iic.o(i.IIC_CheckDevice) refers to iic.o(i.IIC_Send_Byte) for IIC_Send_Byte
    iic.o(i.IIC_CheckDevice) refers to iic.o(i.IIC_Wait_Ack) for IIC_Wait_Ack
    iic.o(i.IIC_CheckDevice) refers to iic.o(i.IIC_Stop) for IIC_Stop
    iic.o(i.IIC_GPIO_Init) refers to stm32f1xx_hal_gpio.o(i.HAL_GPIO_Init) for HAL_GPIO_Init
    iic.o(i.IIC_GPIO_Init) refers to iic.o(i.IIC_Stop) for IIC_Stop
    iic.o(i.IIC_NAck) refers to stm32f1xx_hal_gpio.o(i.HAL_GPIO_WritePin) for HAL_GPIO_WritePin
    iic.o(i.IIC_NAck) refers to iic.o(i.IIC_Delay) for IIC_Delay
    iic.o(i.IIC_Read_Byte) refers to stm32f1xx_hal_gpio.o(i.HAL_GPIO_WritePin) for HAL_GPIO_WritePin
    iic.o(i.IIC_Read_Byte) refers to iic.o(i.IIC_Delay) for IIC_Delay
    iic.o(i.IIC_Read_Byte) refers to stm32f1xx_hal_gpio.o(i.HAL_GPIO_ReadPin) for HAL_GPIO_ReadPin
    iic.o(i.IIC_Read_Byte) refers to iic.o(i.IIC_NAck) for IIC_NAck
    iic.o(i.IIC_Read_Byte) refers to iic.o(i.IIC_Ack) for IIC_Ack
    iic.o(i.IIC_Send_Byte) refers to stm32f1xx_hal_gpio.o(i.HAL_GPIO_WritePin) for HAL_GPIO_WritePin
[...]
    Removing stm32f1xx_hal_pwr.o(i.HAL_PWR_ConfigPVD), (180 bytes).
    Removing stm32f1xx_hal_pwr.o(i.HAL_PWR_DeInit), (28 bytes).
    Removing stm32f1xx_hal_pwr.o(i.HAL_PWR_DisableBkUpAccess), (12 bytes).
    Removing stm32f1xx_hal_pwr.o(i.HAL_PWR_DisablePVD), (12 bytes).
    Removing stm32f1xx_hal_pwr.o(i.HAL_PWR_DisableSEVOnPend), (20 bytes).
    Removing stm32f1xx_hal_pwr.o(i.HAL_PWR_DisableSleepOnExit), (20 bytes).
    Removing stm32f1xx_hal_pwr.o(i.HAL_PWR_DisableWakeUpPin), (28 bytes).
    Removing stm32f1xx_hal_pwr.o(i.HAL_PWR_EnableBkUpAccess), (12 bytes).
    Removing stm32f1xx_hal_pwr.o(i.HAL_PWR_EnablePVD), (12 bytes).
    Removing stm32f1xx_hal_pwr.o(i.HAL_PWR_EnableSEVOnPend), (20 bytes).
    Removing stm32f1xx_hal_pwr.o(i.HAL_PWR_EnableSleepOnExit), (20 bytes).
    Removing stm32f1xx_hal_pwr.o(i.HAL_PWR_EnableWakeUpPin), (28 bytes).
    Removing stm32f1xx_hal_pwr.o(i.HAL_PWR_EnterSLEEPMode), (32 bytes).
    Removing stm32f1xx_hal_pwr.o(i.HAL_PWR_EnterSTANDBYMode), (40 bytes).
    Removing stm32f1xx_hal_pwr.o(i.HAL_PWR_EnterSTOPMode), (84 bytes).
    Removing stm32f1xx_hal_pwr.o(i.HAL_PWR_PVDCallback), (2 bytes).
    Removing stm32f1xx_hal_pwr.o(i.HAL_PWR_PVD_IRQHandler), (32 bytes).
    Removing stm32f1xx_hal_pwr.o(i.PWR_OverloadWfe), (6 bytes).
    Removing stm32f1xx_hal_flash.o(.rev16_text), (4 bytes).
    Removing stm32f1xx_hal_flash.o(.revsh_text), (4 bytes).
    Removing stm32f1xx_hal_flash.o(.rrx_text), (6 bytes).
    Removing stm32f1xx_hal_flash.o(i.FLASH_Program_HalfWord), (32 bytes).
    Removing stm32f1xx_hal_flash.o(i.FLASH_SetErrorCode), (132 bytes).
    Removing stm32f1xx_hal_flash.o(i.FLASH_WaitForLastOperation), (112 bytes).
    Removing stm32f1xx_hal_flash.o(i.HAL_FLASH_EndOfOperationCallback), (2 bytes).
    Removing stm32f1xx_hal_flash.o(i.HAL_FLASH_GetError), (12 bytes).
    Removing stm32f1xx_hal_flash.o(i.HAL_FLASH_IRQHandler), (376 bytes).
    Removing stm32f1xx_hal_flash.o(i.HAL_FLASH_Lock), (20 bytes).
    Removing stm32f1xx_hal_flash.o(i.HAL_FLASH_OB_Launch), (8 bytes).
    Removing stm32f1xx_hal_flash.o(i.HAL_FLASH_OB_Lock), (20 bytes).
    Removing stm32f1xx_hal_flash.o(i.HAL_FLASH_OB_Unlock), (44 bytes).
    Removing stm32f1xx_hal_flash.o(i.HAL_FLASH_OperationErrorCallback), (2 bytes).
    Removing stm32f1xx_hal_flash.o(i.HAL_FLASH_Program), (176 bytes).
    Removing stm32f1xx_hal_flash.o(i.HAL_FLASH_Program_IT), (100 bytes).
    Removing stm32f1xx_hal_flash.o(i.HAL_FLASH_Unlock), (48 bytes).
    Removing stm32f1xx_hal_flash.o(.bss), (32 bytes).
    Removing stm32f1xx_hal_flash_ex.o(.rev16_text), (4 bytes).
    Removing stm32f1xx_hal_flash_ex.o(.revsh_text), (4 bytes).
    Removing stm32f1xx_hal_flash_ex.o(.rrx_text), (6 bytes).
    Removing stm32f1xx_hal_flash_ex.o(i.FLASH_MassErase), (40 bytes).
    Removing stm32f1xx_hal_flash_ex.o(i.FLASH_OB_DisableWRP), (232 bytes).
    Removing stm32f1xx_hal_flash_ex.o(i.FLASH_OB_EnableWRP), (236 bytes).
    Removing stm32f1xx_hal_flash_ex.o(i.FLASH_OB_GetRDP), (28 bytes).
    Removing stm32f1xx_hal_flash_ex.o(i.FLASH_OB_GetUser), (16 bytes).
    Removing stm32f1xx_hal_flash_ex.o(i.FLASH_OB_GetWRP), (12 bytes).
    Removing stm32f1xx_hal_flash_ex.o(i.FLASH_OB_ProgramData), (76 bytes).
    Removing stm32f1xx_hal_flash_ex.o(i.FLASH_OB_RDP_LevelConfig), (124 bytes).
    Removing stm32f1xx_hal_flash_ex.o(i.FLASH_OB_UserConfig), (84 bytes).
    Removing stm32f1xx_hal_flash_ex.o(i.FLASH_PageErase), (40 bytes).
    Removing stm32f1xx_hal_flash_ex.o(i.HAL_FLASHEx_Erase), (176 bytes).
    Removing stm32f1xx_hal_flash_ex.o(i.HAL_FLASHEx_Erase_IT), (80 bytes).
    Removing stm32f1xx_hal_flash_ex.o(i.HAL_FLASHEx_OBErase), (96 bytes).
    Removing stm32f1xx_hal_flash_ex.o(i.HAL_FLASHEx_OBGetConfig), (28 bytes).
    Removing stm32f1xx_hal_flash_ex.o(i.HAL_FLASHEx_OBGetUserData), (40 bytes).
    Removing stm32f1xx_hal_flash_ex.o(i.HAL_FLASHEx_OBProgram), (200 bytes).
    Removing stm32f1xx_hal_exti.o(.rev16_text), (4 bytes).
    Removing stm32f1xx_hal_exti.o(.revsh_text), (4 bytes).
    Removing stm32f1xx_hal_exti.o(.rrx_text), (6 bytes).
    Removing stm32f1xx_hal_exti.o(i.HAL_EXTI_ClearConfigLine), (120 bytes).
    Removing stm32f1xx_hal_exti.o(i.HAL_EXTI_ClearPending), (28 bytes).
    Removing stm32f1xx_hal_exti.o(i.HAL_EXTI_GenerateSWI), (24 bytes).
    Removing stm32f1xx_hal_exti.o(i.HAL_EXTI_GetConfigLine), (156 bytes).
    Removing stm32f1xx_hal_exti.o(i.HAL_EXTI_GetHandle), (14 bytes).
    Removing stm32f1xx_hal_exti.o(i.HAL_EXTI_GetPending), (36 bytes).
    Removing stm32f1xx_hal_exti.o(i.HAL_EXTI_IRQHandler), (44 bytes).
    Removing stm32f1xx_hal_exti.o(i.HAL_EXTI_RegisterCallback), (20 bytes).
    Removing stm32f1xx_hal_exti.o(i.HAL_EXTI_SetConfigLine), (240 bytes).
    Removing system_stm32f1xx.o(.rev16_text), (4 bytes).
    Removing system_stm32f1xx.o(.revsh_text), (4 bytes).
    Removing system_stm32f1xx.o(.rrx_text), (6 bytes).
    Removing system_stm32f1xx.o(i.SystemCoreClockUpdate), (164 bytes).
    Removing dflti.o(.text), (34 bytes).
    Removing ffixi.o(.text), (50 bytes).
    Removing cfcmple.o(.text), (20 bytes).
    Removing cfrcmple.o(.text), (20 bytes).
    Removing cdcmple.o(.text), (48 bytes).

297 unused section(s) (total 21494 bytes) removed from the image.

==============================================================================

Image Symbol Table

    Local Symbols

    Symbol Name                              Value     Ov Type        Size  Object(Section)

    ../Core/Src/main.c                       0x00000000   Number         0  main.o ABSOLUTE
    ../Core/Src/stm32f1xx_hal_msp.c          0x00000000   Number         0  stm32f1xx_hal_msp.o ABSOLUTE
    ../Core/Src/stm32f1xx_it.c               0x00000000   Number         0  stm32f1xx_it.o ABSOLUTE
    ../Core/Src/system_stm32f1xx.c           0x00000000   Number         0  system_stm32f1xx.o ABSOLUTE
    ../Drivers/STM32F1xx_HAL_Driver/Src/stm32f1xx_hal.c 0x00000000   Number         0  stm32f1xx_hal.o ABSOLUTE
    ../Drivers/STM32F1xx_HAL_Driver/Src/stm32f1xx_hal_cortex.c 0x00000000   Number         0  stm32f1xx_hal_cortex.o ABSOLUTE
    ../Drivers/STM32F1xx_HAL_Driver/Src/stm32f1xx_hal_dma.c 0x00000000   Number         0  stm32f1xx_hal_dma.o ABSOLUTE
    ../Drivers/STM32F1xx_HAL_Driver/Src/stm32f1xx_hal_exti.c 0x00000000   Number         0  stm32f1xx_hal_exti.o ABSOLUTE
    ../Drivers/STM32F1xx_HAL_Driver/Src/stm32f1xx_hal_flash.c 0x00000000   Number         0  stm32f1xx_hal_flash.o ABSOLUTE
    ../Drivers/STM32F1xx_HAL_Driver/Src/stm32f1xx_hal_flash_ex.c 0x00000000   Number         0  stm32f1xx_hal_flash_ex.o ABSOLUTE
    ../Drivers/STM32F1xx_HAL_Driver/Src/stm32f1xx_hal_gpio.c 0x00000000   Number         0  stm32f1xx_hal_gpio.o ABSOLUTE
    ../Drivers/STM32F1xx_HAL_Driver/Src/stm32f1xx_hal_gpio_ex.c 0x00000000   Number         0  stm32f1xx_hal_gpio_ex.o ABSOLUTE
    ../Drivers/STM32F1xx_HAL_Driver/Src/stm32f1xx_hal_pwr.c 0x00000000   Number         0  stm32f1xx_hal_pwr.o ABSOLUTE
    ../Drivers/STM32F1xx_HAL_Driver/Src/stm32f1xx_hal_rcc.c 0x00000000   Number         0  stm32f1xx_hal_rcc.o ABSOLUTE
    ../Drivers/STM32F1xx_HAL_Driver/Src/stm32f1xx_hal_rcc_ex.c 0x00000000   Number         0  stm32f1xx_hal_rcc_ex.o ABSOLUTE
    ../Drivers/STM32F1xx_HAL_Driver/Src/stm32f1xx_hal_tim.c 0x00000000   Number         0  stm32f1xx_hal_tim.o ABSOLUTE
    ../Drivers/STM32F1xx_HAL_Driver/Src/stm32f1xx_hal_tim_ex.c 0x00000000   Number         0  stm32f1xx_hal_tim_ex.o ABSOLUTE
    ../Drivers/STM32F1xx_HAL_Driver/Src/stm32f1xx_hal_uart.c 0x00000000   Number         0  stm32f1xx_hal_uart.o ABSOLUTE
    ../clib/microlib/division.c              0x00000000   Number         0  ldiv.o ABSOLUTE
    ../clib/microlib/division.c              0x00000000   Number         0  uidiv.o ABSOLUTE
    ../clib/microlib/division.c              0x00000000   Number         0  uldiv.o ABSOLUTE
    ../clib/microlib/errno.c                 0x00000000   Number         0  errno.o ABSOLUTE
    ../clib/microlib/init/entry.s            0x00000000   Number         0  entry10a.o ABSOLUTE
    ../clib/microlib/init/entry.s            0x00000000   Number         0  entry7b.o ABSOLUTE
    ../clib/microlib/init/entry.s            0x00000000   Number         0  entry.o ABSOLUTE
    ../clib/microlib/init/entry.s            0x00000000   Number         0  entry9b.o ABSOLUTE
    ../clib/microlib/init/entry.s            0x00000000   Number         0  entry5.o ABSOLUTE
    ../clib/microlib/init/entry.s            0x00000000   Number         0  entry2.o ABSOLUTE
    ../clib/microlib/init/entry.s            0x00000000   Number         0  entry10b.o ABSOLUTE
    ../clib/microlib/init/entry.s            0x00000000   Number         0  entry11a.o ABSOLUTE
    ../clib/microlib/init/entry.s            0x00000000   Number         0  entry11b.o ABSOLUTE
    ../clib/microlib/init/entry.s            0x00000000   Number         0  entry8a.o ABSOLUTE
    ../clib/microlib/init/entry.s            0x00000000   Number         0  entry8b.o ABSOLUTE
    ../clib/microlib/init/entry.s            0x00000000   Number         0  entry9a.o ABSOLUTE
    ../clib/microlib/init/entry.s            0x00000000   Number         0  entry7a.o ABSOLUTE
    ../clib/microlib/longlong.c              0x00000000   Number         0  llsshr.o ABSOLUTE
    ../clib/microlib/longlong.c              0x00000000   Number         0  llushr.o ABSOLUTE
    ../clib/microlib/longlong.c              0x00000000   Number         0  llshl.o ABSOLUTE
    ../clib/microlib/printf/printf.c         0x00000000   Number         0  printfa.o ABSOLUTE
    ../clib/microlib/printf/printf.c         0x00000000   Number         0  printf8.o ABSOLUTE
    ../clib/microlib/printf/printf.c         0x00000000   Number         0  printf7.o ABSOLUTE
    ../clib/microlib/printf/printf.c         0x00000000   Number         0  printf6.o ABSOLUTE
    ../clib/microlib/printf/printf.c         0x00000000   Number         0  printfb.o ABSOLUTE
    ../clib/microlib/printf/printf.c         0x00000000   Number         0  printf5.o ABSOLUTE
    ../clib/microlib/printf/printf.c         0x00000000   Number         0  printf4.o ABSOLUTE
    ../clib/microlib/printf/printf.c         0x00000000   Number         0  printf2.o ABSOLUTE
    ../clib/microlib/printf/printf.c         0x00000000   Number         0  printf1.o ABSOLUTE
    ../clib/microlib/printf/printf.c         0x00000000   Number         0  printf0.o ABSOLUTE
    ../clib/microlib/printf/printf.c         0x00000000   Number         0  printf3.o ABSOLUTE
    ../clib/microlib/printf/stubs.s          0x00000000   Number         0  stubs.o ABSOLUTE
    ../clib/microlib/stdio/streams.c         0x00000000   Number         0  stdout.o ABSOLUTE
    ../clib/microlib/string/memcmp.c         0x00000000   Number         0  memcmp.o ABSOLUTE
    ../clib/microlib/string/memset.c         0x00000000   Number         0  memseta.o ABSOLUTE
    ../clib/microlib/stubs.s                 0x00000000   Number         0  iusefp.o ABSOLUTE
    ../fplib/microlib/d2f.c                  0x00000000   Number         0  d2f.o ABSOLUTE
    ../fplib/microlib/f2d.c                  0x00000000   Number         0  f2d.o ABSOLUTE
    ../fplib/microlib/fpadd.c                0x00000000   Number         0  fadd.o ABSOLUTE
    ../fplib/microlib/fpadd.c                0x00000000   Number         0  dadd.o ABSOLUTE
    ../fplib/microlib/fpdiv.c                0x00000000   Number         0  ddiv.o ABSOLUTE
    ../fplib/microlib/fpdiv.c                0x00000000   Number         0  fdiv.o ABSOLUTE
    ../fplib/microlib/fpepilogue.c           0x00000000   Number         0  fepilogue.o ABSOLUTE
    ../fplib/microlib/fpepilogue.c           0x00000000   Number         0  depilogue.o ABSOLUTE
    ../fplib/microlib/fpfix.c                0x00000000   Number         0  ffixi.o ABSOLUTE
    ../fplib/microlib/fpfix.c                0x00000000   Number         0  dfixul.o ABSOLUTE
    ../fplib/microlib/fpfix.c                0x00000000   Number         0  ffixui.o ABSOLUTE
    ../fplib/microlib/fpflt.c                0x00000000   Number         0  dflti.o ABSOLUTE
    ../fplib/microlib/fpflt.c                0x00000000   Number         0  fflti.o ABSOLUTE
    ../fplib/microlib/fpflt.c                0x00000000   Number         0  ffltui.o ABSOLUTE
    ../fplib/microlib/fpmul.c                0x00000000   Number         0  dmul.o ABSOLUTE
    ../fplib/microlib/fpmul.c                0x00000000   Number         0  fmul.o ABSOLUTE
    ../fplib/microlib/fpscalb.c              0x00000000   Number         0  dscalb.o ABSOLUTE
    ../fplib/microlib/fpsqrt.c               0x00000000   Number         0  dsqrt.o ABSOLUTE
    ../mathlib/asin.c                        0x00000000   Number         0  asin.o ABSOLUTE
    ../mathlib/asin.c                        0x00000000   Number         0  asin_x.o ABSOLUTE
    ../mathlib/atan.c                        0x00000000   Number         0  atan.o ABSOLUTE
    ../mathlib/atan.c                        0x00000000   Number         0  atan_x.o ABSOLUTE
    ../mathlib/atan2.c                       0x00000000   Number         0  atan2.o ABSOLUTE
    ../mathlib/atan2.c                       0x00000000   Number         0  atan2_x.o ABSOLUTE
    ../mathlib/dunder.c                      0x00000000   Number         0  dunder.o ABSOLUTE
    ../mathlib/fpclassify.c                  0x00000000   Number         0  fpclassify.o ABSOLUTE
    ../mathlib/poly.c                        0x00000000   Number         0  poly.o ABSOLUTE
    ../mathlib/qnan.c                        0x00000000   Number         0  qnan.o ABSOLUTE
    ../mathlib/sqrt.c                        0x00000000   Number         0  sqrt_x.o ABSOLUTE
    ../mathlib/sqrt.c                        0x00000000   Number         0  sqrt.o ABSOLUTE
    ..\Core\Src\main.c                       0x00000000   Number         0  main.o ABSOLUTE
    ..\Core\Src\stm32f1xx_hal_msp.c          0x00000000   Number         0  stm32f1xx_hal_msp.o ABSOLUTE
    ..\Core\Src\stm32f1xx_it.c               0x00000000   Number         0  stm32f1xx_it.o ABSOLUTE
    ..\Core\Src\system_stm32f1xx.c           0x00000000   Number         0  system_stm32f1xx.o ABSOLUTE
    ..\Drivers\BSP\Src\IIC.c                 0x00000000   Number         0  iic.o ABSOLUTE
    ..\Drivers\BSP\Src\inv_mpu.c             0x00000000   Number         0  inv_mpu.o ABSOLUTE
    ..\Drivers\BSP\Src\inv_mpu_dmp_motion_driver.c 0x00000000   Number         0  inv_mpu_dmp_motion_driver.o ABSOLUTE
    ..\Drivers\BSP\Src\mpu6050.c             0x00000000   Number         0  mpu6050.o ABSOLUTE
    ..\Drivers\STM32F1xx_HAL_Driver\Src\stm32f1xx_hal.c 0x00000000   Number         0  stm32f1xx_hal.o ABSOLUTE
    ..\Drivers\STM32F1xx_HAL_Driver\Src\stm32f1xx_hal_cortex.c 0x00000000   Number         0  stm32f1xx_hal_cortex.o ABSOLUTE
    ..\Drivers\STM32F1xx_HAL_Driver\Src\stm32f1xx_hal_dma.c 0x00000000   Number         0  stm32f1xx_hal_dma.o ABSOLUTE
    ..\Drivers\STM32F1xx_HAL_Driver\Src\stm32f1xx_hal_exti.c 0x00000000   Number         0  stm32f1xx_hal_exti.o ABSOLUTE
    ..\Drivers\STM32F1xx_HAL_Driver\Src\stm32f1xx_hal_flash.c 0x00000000   Number         0  stm32f1xx_hal_flash.o ABSOLUTE
    ..\Drivers\STM32F1xx_HAL_Driver\Src\stm32f1xx_hal_flash_ex.c 0x00000000   Number         0  stm32f1xx_hal_flash_ex.o ABSOLUTE
    ..\Drivers\STM32F1xx_HAL_Driver\Src\stm32f1xx_hal_gpio.c 0x00000000   Number         0  stm32f1xx_hal_gpio.o ABSOLUTE
    ..\Drivers\STM32F1xx_HAL_Driver\Src\stm32f1xx_hal_gpio_ex.c 0x00000000   Number         0  stm32f1xx_hal_gpio_ex.o ABSOLUTE
    ..\Drivers\STM32F1xx_HAL_Driver\Src\stm32f1xx_hal_pwr.c 0x00000000   Number         0  stm32f1xx_hal_pwr.o ABSOLUTE
    ..\Drivers\STM32F1xx_HAL_Driver\Src\stm32f1xx_hal_rcc.c 0x00000000   Number         0  stm32f1xx_hal_rcc.o ABSOLUTE
    ..\Drivers\STM32F1xx_HAL_Driver\Src\stm32f1xx_hal_rcc_ex.c 0x00000000   Number         0  stm32f1xx_hal_rcc_ex.o ABSOLUTE
    ..\Drivers\STM32F1xx_HAL_Driver\Src\stm32f1xx_hal_tim.c 0x00000000   Number         0  stm32f1xx_hal_tim.o ABSOLUTE
    ..\Drivers\STM32F1xx_HAL_Driver\Src\stm32f1xx_hal_tim_ex.c 0x00000000   Number         0  stm32f1xx_hal_tim_ex.o ABSOLUTE
    ..\Drivers\STM32F1xx_HAL_Driver\Src\stm32f1xx_hal_uart.c 0x00000000   Number         0  stm32f1xx_hal_uart.o ABSOLUTE
    ..\\Drivers\\BSP\\Src\\IIC.c             0x00000000   Number         0  iic.o ABSOLUTE
    ..\\Drivers\\BSP\\Src\\inv_mpu.c         0x00000000   Number         0  inv_mpu.o ABSOLUTE
    ..\\Drivers\\BSP\\Src\\inv_mpu_dmp_motion_driver.c 0x00000000   Number         0  inv_mpu_dmp_motion_driver.o ABSOLUTE
    ..\\Drivers\\BSP\\Src\\mpu6050.c         0x00000000   Number         0  mpu6050.o ABSOLUTE
    cdcmple.s                                0x00000000   Number         0  cdcmple.o ABSOLUTE
    cdrcmple.s                               0x00000000   Number         0  cdrcmple.o ABSOLUTE
    cfcmple.s                                0x00000000   Number         0  cfcmple.o ABSOLUTE
    cfrcmple.s                               0x00000000   Number         0  cfrcmple.o ABSOLUTE
    dc.s                                     0x00000000   Number         0  dc.o ABSOLUTE
    handlers.s                               0x00000000   Number         0  handlers.o ABSOLUTE
    init.s                                   0x00000000   Number         0  init.o ABSOLUTE
    startup_stm32f103xb.s                    0x00000000   Number         0  startup_stm32f103xb.o ABSOLUTE
    RESET                                    0x08000000   Section      236  startup_stm32f103xb.o(RESET)
    .ARM.Collect$$$$00000000                 0x080000ec   Section        0  entry.o(.ARM.Collect$$$$00000000)
    .ARM.Collect$$$$00000001                 0x080000ec   Section        4  entry2.o(.ARM.Collect$$$$00000001)
    .ARM.Collect$$$$00000004                 0x080000f0   Section        4  entry5.o(.ARM.Collect$$$$00000004)
    .ARM.Collect$$$$00000008                 0x080000f4   Section        0  entry7b.o(.ARM.Collect$$$$00000008)
    .ARM.Collect$$$$0000000A                 0x080000f4   Section        0  entry8b.o(.ARM.Collect$$$$0000000A)
    .ARM.Collect$$$$0000000B                 0x080000f4   Section        8  entry9a.o(.ARM.Collect$$$$0000000B)
    .ARM.Collect$$$$0000000D                 0x080000fc   Section        0  entry10a.o(.ARM.Collect$$$$0000000D)
    .ARM.Collect$$$$0000000F                 0x080000fc   Section        0  entry11a.o(.ARM.Collect$$$$0000000F)
    .ARM.Collect$$$$00002712                 0x080000fc   Section        4  entry2.o(.ARM.Collect$$$$00002712)
    __lit__00000000                          0x080000fc   Data           4  entry2.o(.ARM.Collect$$$$00002712)
    .text                                    0x08000100   Section       36  startup_stm32f103xb.o(.text)
    .text                                    0x08000124   Section        0  llushr.o(.text)
    .text                                    0x08000144   Section        0  memseta.o(.text)
    .text                                    0x08000168   Section        0  memcmp.o(.text)
    .text                                    0x08000182   Section        0  fadd.o(.text)
    .text                                    0x08000232   Section        0  fmul.o(.text)
    .text                                    0x08000296   Section        0  fdiv.o(.text)
    .text                                    0x08000312   Section        0  dadd.o(.text)
    .text                                    0x08000460   Section        0  dmul.o(.text)
    .text                                    0x08000544   Section        0  ddiv.o(.text)
    .text                                    0x08000622   Section        0  fflti.o(.text)
    .text                                    0x08000634   Section        0  ffltui.o(.text)
    .text                                    0x0800063e   Section        0  ffixui.o(.text)
    .text                                    0x08000666   Section        0  f2d.o(.text)
    .text                                    0x0800068c   Section        0  d2f.o(.text)
    .text                                    0x080006c4   Section        0  uidiv.o(.text)
    .text                                    0x080006f0   Section        0  uldiv.o(.text)
    .text                                    0x08000752   Section        0  llshl.o(.text)
    .text                                    0x08000770   Section        0  llsshr.o(.text)
    .text                                    0x08000794   Section        0  fepilogue.o(.text)
    .text                                    0x08000794   Section        0  iusefp.o(.text)
    .text                                    0x08000802   Section        0  depilogue.o(.text)
    .text                                    0x080008bc   Section        0  dscalb.o(.text)
    .text                                    0x080008ea   Section        0  dfixul.o(.text)
    .text                                    0x0800091c   Section       48  cdrcmple.o(.text)
    .text                                    0x0800094c   Section       36  init.o(.text)
    .text                                    0x08000970   Section        0  dsqrt.o(.text)
    i.BusFault_Handler                       0x08000a12   Section        0  stm32f1xx_it.o(i.BusFault_Handler)
    i.DebugMon_Handler                       0x08000a16   Section        0  stm32f1xx_it.o(i.DebugMon_Handler)
    i.Error_Handler                          0x08000a18   Section        0  main.o(i.Error_Handler)
    i.HAL_Delay                              0x08000a20   Section        0  stm32f1xx_hal.o(i.HAL_Delay)
    i.HAL_GPIO_Init                          0x08000a48   Section        0  stm32f1xx_hal_gpio.o(i.HAL_GPIO_Init)
    i.HAL_GPIO_ReadPin                       0x08000d68   Section        0  stm32f1xx_hal_gpio.o(i.HAL_GPIO_ReadPin)
    i.HAL_GPIO_TogglePin                     0x08000d78   Section        0  stm32f1xx_hal_gpio.o(i.HAL_GPIO_TogglePin)
    i.HAL_GPIO_WritePin                      0x08000d8c   Section        0  stm32f1xx_hal_gpio.o(i.HAL_GPIO_WritePin)
    i.HAL_GetTick                            0x08000d98   Section        0  stm32f1xx_hal.o(i.HAL_GetTick)
    i.HAL_IncTick                            0x08000da4   Section        0  stm32f1xx_hal.o(i.HAL_IncTick)
    i.HAL_Init                               0x08000dbc   Section        0  stm32f1xx_hal.o(i.HAL_Init)
    i.HAL_InitTick                           0x08000de4   Section        0  stm32f1xx_hal.o(i.HAL_InitTick)
    i.HAL_MspInit                            0x08000e30   Section        0  stm32f1xx_hal_msp.o(i.HAL_MspInit)
    i.HAL_NVIC_SetPriority                   0x08000e84   Section        0  stm32f1xx_hal_cortex.o(i.HAL_NVIC_SetPriority)
    i.HAL_NVIC_SetPriorityGrouping           0x08000f00   Section        0  stm32f1xx_hal_cortex.o(i.HAL_NVIC_SetPriorityGrouping)
    i.HAL_RCC_ClockConfig                    0x08000f28   Section        0  stm32f1xx_hal_rcc.o(i.HAL_RCC_ClockConfig)
    i.HAL_RCC_GetHCLKFreq                    0x080010b4   Section        0  stm32f1xx_hal_rcc.o(i.HAL_RCC_GetHCLKFreq)
    i.HAL_RCC_GetPCLK1Freq                   0x080010c0   Section        0  stm32f1xx_hal_rcc.o(i.HAL_RCC_GetPCLK1Freq)
    i.HAL_RCC_GetPCLK2Freq                   0x080010e0   Section        0  stm32f1xx_hal_rcc.o(i.HAL_RCC_GetPCLK2Freq)
    i.HAL_RCC_GetSysClockFreq                0x08001100   Section        0  stm32f1xx_hal_rcc.o(i.HAL_RCC_GetSysClockFreq)
    i.HAL_RCC_OscConfig                      0x08001170   Section        0  stm32f1xx_hal_rcc.o(i.HAL_RCC_OscConfig)
    i.HAL_SYSTICK_Config                     0x080015d4   Section        0  stm32f1xx_hal_cortex.o(i.HAL_SYSTICK_Config)
    i.HAL_UART_Init                          0x08001608   Section        0  stm32f1xx_hal_uart.o(i.HAL_UART_Init)
    i.HAL_UART_MspInit                       0x08001680   Section        0  stm32f1xx_hal_msp.o(i.HAL_UART_MspInit)
    i.HAL_UART_Transmit                      0x08001708   Section        0  stm32f1xx_hal_uart.o(i.HAL_UART_Transmit)
    i.HardFault_Handler                      0x080017c6   Section        0  stm32f1xx_it.o(i.HardFault_Handler)
    i.IIC_Ack                                0x080017cc   Section        0  iic.o(i.IIC_Ack)
    i.IIC_Delay                              0x0800180c   Section        0  iic.o(i.IIC_Delay)
    IIC_Delay                                0x0800180d   Thumb Code    14  iic.o(i.IIC_Delay)
    i.IIC_GPIO_Init                          0x0800181c   Section        0  iic.o(i.IIC_GPIO_Init)
    i.IIC_NAck                               0x08001864   Section        0  iic.o(i.IIC_NAck)
    i.IIC_Read_Byte                          0x08001898   Section        0  iic.o(i.IIC_Read_Byte)
    i.IIC_Send_Byte                          0x080018f0   Section        0  iic.o(i.IIC_Send_Byte)
    i.IIC_Start                              0x08001958   Section        0  iic.o(i.IIC_Start)
    i.IIC_Stop                               0x08001998   Section        0  iic.o(i.IIC_Stop)
    i.IIC_Wait_Ack                           0x080019c4   Section        0  iic.o(i.IIC_Wait_Ack)
    i.MPU_Init                               0x08001a0c   Section        0  mpu6050.o(i.MPU_Init)
    i.MPU_Read_Byte                          0x08001a86   Section        0  mpu6050.o(i.MPU_Read_Byte)
    i.MPU_Read_Len                           0x08001ac0   Section        0  mpu6050.o(i.MPU_Read_Len)
    i.MPU_Set_Accel_Fsr                      0x08001b34   Section        0  mpu6050.o(i.MPU_Set_Accel_Fsr)
    i.MPU_Set_Gyro_Fsr                       0x08001b44   Section        0  mpu6050.o(i.MPU_Set_Gyro_Fsr)
    i.MPU_Set_LPF                            0x08001b54   Section        0  mpu6050.o(i.MPU_Set_LPF)
    i.MPU_Set_Rate                           0x08001b8e   Section        0  mpu6050.o(i.MPU_Set_Rate)
    i.MPU_Write_Byte                         0x08001bc8   Section        0  mpu6050.o(i.MPU_Write_Byte)
    i.MPU_Write_Len                          0x08001c0c   Section        0  mpu6050.o(i.MPU_Write_Len)
    i.MX_GPIO_Init                           0x08001c6c   Section        0  main.o(i.MX_GPIO_Init)
    MX_GPIO_Init                             0x08001c6d   Thumb Code   244  main.o(i.MX_GPIO_Init)
    i.MX_USART1_UART_Init                    0x08001d70   Section        0  main.o(i.MX_USART1_UART_Init)
    MX_USART1_UART_Init                      0x08001d71   Thumb Code    46  main.o(i.MX_USART1_UART_Init)
    i.MemManage_Handler                      0x08001da8   Section        0  stm32f1xx_it.o(i.MemManage_Handler)
    i.NMI_Handler                            0x08001dac   Section        0  stm32f1xx_it.o(i.NMI_Handler)
    i.PendSV_Handler                         0x08001db0   Section        0  stm32f1xx_it.o(i.PendSV_Handler)
    i.RCC_Delay                              0x08001db4   Section        0  stm32f1xx_hal_rcc.o(i.RCC_Delay)
    RCC_Delay                                0x08001db5   Thumb Code    36  stm32f1xx_hal_rcc.o(i.RCC_Delay)
    i.SVC_Handler                            0x08001ddc   Section        0  stm32f1xx_it.o(i.SVC_Handler)
    i.SysTick_Handler                        0x08001dde   Section        0  stm32f1xx_it.o(i.SysTick_Handler)
    i.SystemClock_Config                     0x08001de6   Section        0  main.o(i.SystemClock_Config)
    i.SystemInit                             0x08001e4c   Section        0  system_stm32f1xx.o(i.SystemInit)
    i.UART_EndRxTransfer                     0x08001e4e   Section        0  stm32f1xx_hal_uart.o(i.UART_EndRxTransfer)
    UART_EndRxTransfer                       0x08001e4f   Thumb Code   108  stm32f1xx_hal_uart.o(i.UART_EndRxTransfer)
    i.UART_SetConfig                         0x08001ebc   Section        0  stm32f1xx_hal_uart.o(i.UART_SetConfig)
    UART_SetConfig                           0x08001ebd   Thumb Code   248  stm32f1xx_hal_uart.o(i.UART_SetConfig)
    i.UART_WaitOnFlagUntilTimeout            0x08001fb8   Section        0  stm32f1xx_hal_uart.o(i.UART_WaitOnFlagUntilTimeout)
    UART_WaitOnFlagUntilTimeout              0x08001fb9   Thumb Code   140  stm32f1xx_hal_uart.o(i.UART_WaitOnFlagUntilTimeout)
    i.UsageFault_Handler                     0x08002044   Section        0  stm32f1xx_it.o(i.UsageFault_Handler)
    i.__0printf                              0x08002048   Section        0  printfa.o(i.__0printf)
    i.__ARM_fpclassify                       0x08002068   Section        0  fpclassify.o(i.__ARM_fpclassify)
    i.__NVIC_GetPriorityGrouping             0x08002090   Section        0  stm32f1xx_hal_cortex.o(i.__NVIC_GetPriorityGrouping)
    __NVIC_GetPriorityGrouping               0x08002091   Thumb Code    10  stm32f1xx_hal_cortex.o(i.__NVIC_GetPriorityGrouping)
    i.__NVIC_SetPriority                     0x080020a0   Section        0  stm32f1xx_hal_cortex.o(i.__NVIC_SetPriority)
    __NVIC_SetPriority                       0x080020a1   Thumb Code    32  stm32f1xx_hal_cortex.o(i.__NVIC_SetPriority)
    i.__kernel_poly                          0x080020c8   Section        0  poly.o(i.__kernel_poly)
    i.__mathlib_dbl_infnan                   0x08002172   Section        0  dunder.o(i.__mathlib_dbl_infnan)
    i.__mathlib_dbl_infnan2                  0x08002178   Section        0  dunder.o(i.__mathlib_dbl_infnan2)
    i.__mathlib_dbl_invalid                  0x0800217c   Section        0  dunder.o(i.__mathlib_dbl_invalid)
    i.__mathlib_dbl_underflow                0x08002188   Section        0  dunder.o(i.__mathlib_dbl_underflow)
    i.__scatterload_copy                     0x08002198   Section       14  handlers.o(i.__scatterload_copy)
    i.__scatterload_null                     0x080021a6   Section        2  handlers.o(i.__scatterload_null)
    i.__scatterload_zeroinit                 0x080021a8   Section       14  handlers.o(i.__scatterload_zeroinit)
    i.__set_errno                            0x080021b8   Section        0  errno.o(i.__set_errno)
    i._fp_digits                             0x080021c4   Section        0  printfa.o(i._fp_digits)
    _fp_digits                               0x080021c5   Thumb Code   366  printfa.o(i._fp_digits)
    i._printf_core                           0x08002348   Section        0  printfa.o(i._printf_core)
    _printf_core                             0x08002349   Thumb Code  1744  printfa.o(i._printf_core)
    i._printf_post_padding                   0x08002a24   Section        0  printfa.o(i._printf_post_padding)
    _printf_post_padding                     0x08002a25   Thumb Code    36  printfa.o(i._printf_post_padding)
    i._printf_pre_padding                    0x08002a48   Section        0  printfa.o(i._printf_pre_padding)
    _printf_pre_padding                      0x08002a49   Thumb Code    46  printfa.o(i._printf_pre_padding)
    i.asin                                   0x08002a78   Section        0  asin.o(i.asin)
    i.atan                                   0x08002ce8   Section        0  atan.o(i.atan)
    i.atan2                                  0x08002f08   Section        0  atan2.o(i.atan2)
    i.decode_gesture                         0x08003088   Section        0  inv_mpu_dmp_motion_driver.o(i.decode_gesture)
    decode_gesture                           0x08003089   Thumb Code    94  inv_mpu_dmp_motion_driver.o(i.decode_gesture)
    i.dmp_enable_6x_lp_quat                  0x080030ec   Section        0  inv_mpu_dmp_motion_driver.o(i.dmp_enable_6x_lp_quat)
    i.dmp_enable_feature                     0x08003128   Section        0  inv_mpu_dmp_motion_driver.o(i.dmp_enable_feature)
    i.dmp_enable_gyro_cal                    0x08003344   Section        0  inv_mpu_dmp_motion_driver.o(i.dmp_enable_gyro_cal)
    i.dmp_enable_lp_quat                     0x0800339c   Section        0  inv_mpu_dmp_motion_driver.o(i.dmp_enable_lp_quat)
    i.dmp_load_motion_driver_firmware        0x080033d8   Section        0  inv_mpu_dmp_motion_driver.o(i.dmp_load_motion_driver_firmware)
    i.dmp_read_fifo                          0x080033f0   Section        0  inv_mpu_dmp_motion_driver.o(i.dmp_read_fifo)
    i.dmp_set_fifo_rate                      0x080035bc   Section        0  inv_mpu_dmp_motion_driver.o(i.dmp_set_fifo_rate)
    i.dmp_set_orientation                    0x0800362c   Section        0  inv_mpu_dmp_motion_driver.o(i.dmp_set_orientation)
    i.dmp_set_shake_reject_thresh            0x08003764   Section        0  inv_mpu_dmp_motion_driver.o(i.dmp_set_shake_reject_thresh)
    i.dmp_set_shake_reject_time              0x0800379c   Section        0  inv_mpu_dmp_motion_driver.o(i.dmp_set_shake_reject_time)
    i.dmp_set_shake_reject_timeout           0x080037c2   Section        0  inv_mpu_dmp_motion_driver.o(i.dmp_set_shake_reject_timeout)
    i.dmp_set_tap_axes                       0x080037e8   Section        0  inv_mpu_dmp_motion_driver.o(i.dmp_set_tap_axes)
    i.dmp_set_tap_count                      0x0800382e   Section        0  inv_mpu_dmp_motion_driver.o(i.dmp_set_tap_count)
    i.dmp_set_tap_thresh                     0x08003854   Section        0  inv_mpu_dmp_motion_driver.o(i.dmp_set_tap_thresh)
    i.dmp_set_tap_time                       0x080039f4   Section        0  inv_mpu_dmp_motion_driver.o(i.dmp_set_tap_time)
    i.dmp_set_tap_time_multi                 0x08003a1a   Section        0  inv_mpu_dmp_motion_driver.o(i.dmp_set_tap_time_multi)
    i.fputc                                  0x08003a40   Section        0  main.o(i.fputc)
    i.inv_orientation_matrix_to_scalar       0x08003a5c   Section        0  inv_mpu.o(i.inv_orientation_matrix_to_scalar)
    i.inv_row_2_scale                        0x08003a84   Section        0  inv_mpu.o(i.inv_row_2_scale)
    i.main                                   0x08003ad4   Section        0  main.o(i.main)
    i.mget_ms                                0x08003b60   Section        0  inv_mpu.o(i.mget_ms)
    i.mpu_configure_fifo                     0x08003b64   Section        0  inv_mpu.o(i.mpu_configure_fifo)
    i.mpu_dmp_get_data                       0x08003bd4   Section        0  inv_mpu.o(i.mpu_dmp_get_data)
    i.mpu_dmp_init                           0x08003df8   Section        0  inv_mpu.o(i.mpu_dmp_init)
    i.mpu_get_accel_fsr                      0x08003e8c   Section        0  inv_mpu.o(i.mpu_get_accel_fsr)
    i.mpu_init                               0x08003ed8   Section        0  inv_mpu.o(i.mpu_init)
    i.mpu_load_firmware                      0x08004068   Section        0  inv_mpu.o(i.mpu_load_firmware)
    i.mpu_lp_accel_mode                      0x08004120   Section        0  inv_mpu.o(i.mpu_lp_accel_mode)
    i.mpu_read_fifo_stream                   0x08004200   Section        0  inv_mpu.o(i.mpu_read_fifo_stream)
    i.mpu_read_mem                           0x080042c0   Section        0  inv_mpu.o(i.mpu_read_mem)
    i.mpu_reset_fifo                         0x08004340   Section        0  inv_mpu.o(i.mpu_reset_fifo)
    i.mpu_set_accel_fsr                      0x08004508   Section        0  inv_mpu.o(i.mpu_set_accel_fsr)
    i.mpu_set_bypass                         0x0800458c   Section        0  inv_mpu.o(i.mpu_set_bypass)
    i.mpu_set_dmp_state                      0x080046d8   Section        0  inv_mpu.o(i.mpu_set_dmp_state)
    i.mpu_set_gyro_fsr                       0x08004768   Section        0  inv_mpu.o(i.mpu_set_gyro_fsr)
    i.mpu_set_int_latched                    0x080047f0   Section        0  inv_mpu.o(i.mpu_set_int_latched)
    i.mpu_set_lpf                            0x0800485c   Section        0  inv_mpu.o(i.mpu_set_lpf)
    i.mpu_set_sample_rate                    0x080048e0   Section        0  inv_mpu.o(i.mpu_set_sample_rate)
    i.mpu_set_sensors                        0x0800497c   Section        0  inv_mpu.o(i.mpu_set_sensors)
    i.mpu_write_mem                          0x08004a4c   Section        0  inv_mpu.o(i.mpu_write_mem)
    i.set_int_enable                         0x08004acc   Section        0  inv_mpu.o(i.set_int_enable)
    set_int_enable                           0x08004acd   Thumb Code   138  inv_mpu.o(i.set_int_enable)
    i.sqrt                                   0x08004b5c   Section        0  sqrt.o(i.sqrt)
    .constdata                               0x08004ba8   Section       80  inv_mpu.o(.constdata)
    .constdata                               0x08004bf8   Section     3062  inv_mpu_dmp_motion_driver.o(.constdata)
    dmp_memory                               0x08004bf8   Data        3062  inv_mpu_dmp_motion_driver.o(.constdata)
    .constdata                               0x080057ee   Section       18  stm32f1xx_hal_rcc.o(.constdata)
    aPLLMULFactorTable                       0x080057ee   Data          16  stm32f1xx_hal_rcc.o(.constdata)
    aPredivFactorTable                       0x080057fe   Data           2  stm32f1xx_hal_rcc.o(.constdata)
    .constdata                               0x08005800   Section       24  system_stm32f1xx.o(.constdata)
    .constdata                               0x08005818   Section       80  asin.o(.constdata)
    pS                                       0x08005818   Data          48  asin.o(.constdata)
    qS                                       0x08005848   Data          32  asin.o(.constdata)
    .constdata                               0x08005868   Section      152  atan.o(.constdata)
    atanhi                                   0x08005868   Data          32  atan.o(.constdata)
    atanlo                                   0x08005888   Data          32  atan.o(.constdata)
    aTodd                                    0x080058a8   Data          40  atan.o(.constdata)
    aTeven                                   0x080058d0   Data          48  atan.o(.constdata)
    .constdata                               0x08005900   Section        8  qnan.o(.constdata)
    .data                                    0x20000000   Section       24  main.o(.data)
    .data                                    0x20000018   Section       53  inv_mpu.o(.data)
    st                                       0x20000018   Data          44  inv_mpu.o(.data)
    gyro_orientation                         0x20000044   Data           9  inv_mpu.o(.data)
    .data                                    0x20000050   Section        9  stm32f1xx_hal.o(.data)
    .data                                    0x2000005c   Section        4  system_stm32f1xx.o(.data)
    .data                                    0x20000060   Section        4  stdout.o(.data)
    .data                                    0x20000064   Section        4  errno.o(.data)
    _errno                                   0x20000064   Data           4  errno.o(.data)
    .bss                                     0x20000068   Section       72  main.o(.bss)
    .bss                                     0x200000b0   Section       16  inv_mpu_dmp_motion_driver.o(.bss)
    dmp                                      0x200000b0   Data          16  inv_mpu_dmp_motion_driver.o(.bss)
    STACK                                    0x200000c0   Section     1024  startup_stm32f103xb.o(STACK)

    Global Symbols

    Symbol Name                              Value     Ov Type        Size  Object(Section)

    BuildAttributes$$THM_ISAv4$P$D$K$B$S$PE$A:L22UL41UL21$X:L11$S22US41US21$IEEE1$IW$USESV6$~STKCKD$USESV7$~SHL$OTIME$ROPI$IEEEX$EBA8$MICROLIB$REQ8$PRES8$EABIv2 0x00000000   Number         0  anon$$obj.o ABSOLUTE
    __ARM_use_no_argv                        0x00000000   Number         0  main.o ABSOLUTE
    _printf_a                                0x00000000   Number         0  stubs.o ABSOLUTE
    _printf_c                                0x00000000   Number         0  stubs.o ABSOLUTE
    _printf_charcount                        0x00000000   Number         0  stubs.o ABSOLUTE
    _printf_d                                0x00000000   Number         0  stubs.o ABSOLUTE
    _printf_e                                0x00000000   Number         0  stubs.o ABSOLUTE
    _printf_f                                0x00000000   Number         0  stubs.o ABSOLUTE
    _printf_flags                            0x00000000   Number         0  stubs.o ABSOLUTE
    _printf_fp_dec                           0x00000000   Number         0  stubs.o ABSOLUTE
    _printf_fp_hex                           0x00000000   Number         0  stubs.o ABSOLUTE
    _printf_g                                0x00000000   Number         0  stubs.o ABSOLUTE
    _printf_i                                0x00000000   Number         0  stubs.o ABSOLUTE
    _printf_int_dec                          0x00000000   Number         0  stubs.o ABSOLUTE
    _printf_l                                0x00000000   Number         0  stubs.o ABSOLUTE
    _printf_lc                               0x00000000   Number         0  stubs.o ABSOLUTE
    _printf_ll                               0x00000000   Number         0  stubs.o ABSOLUTE
    _printf_lld                              0x00000000   Number         0  stubs.o ABSOLUTE
    _printf_lli                              0x00000000   Number         0  stubs.o ABSOLUTE
    _printf_llo                              0x00000000   Number         0  stubs.o ABSOLUTE
    _printf_llu                              0x00000000   Number         0  stubs.o ABSOLUTE
    _printf_llx                              0x00000000   Number         0  stubs.o ABSOLUTE
    _printf_longlong_dec                     0x00000000   Number         0  stubs.o ABSOLUTE
    _printf_longlong_hex                     0x00000000   Number         0  stubs.o ABSOLUTE
    _printf_longlong_oct                     0x00000000   Number         0  stubs.o ABSOLUTE
    _printf_ls                               0x00000000   Number         0  stubs.o ABSOLUTE
    _printf_mbtowc                           0x00000000   Number         0  stubs.o ABSOLUTE
    _printf_n                                0x00000000   Number         0  stubs.o ABSOLUTE
    _printf_o                                0x00000000   Number         0  stubs.o ABSOLUTE
    _printf_p                                0x00000000   Number         0  stubs.o ABSOLUTE
    _printf_percent                          0x00000000   Number         0  stubs.o ABSOLUTE
    _printf_pre_padding                      0x00000000   Number         0  stubs.o ABSOLUTE
    _printf_return_value                     0x00000000   Number         0  stubs.o ABSOLUTE
    _printf_s                                0x00000000   Number         0  stubs.o ABSOLUTE
    _printf_sizespec                         0x00000000   Number         0  stubs.o ABSOLUTE
    _printf_str                              0x00000000   Number         0  stubs.o ABSOLUTE
    _printf_truncate_signed                  0x00000000   Number         0  stubs.o ABSOLUTE
    _printf_truncate_unsigned                0x00000000   Number         0  stubs.o ABSOLUTE
    _printf_u                                0x00000000   Number         0  stubs.o ABSOLUTE
    _printf_wc                               0x00000000   Number         0  stubs.o ABSOLUTE
    _printf_wctomb                           0x00000000   Number         0  stubs.o ABSOLUTE
    _printf_widthprec                        0x00000000   Number         0  stubs.o ABSOLUTE
    _printf_x                                0x00000000   Number         0  stubs.o ABSOLUTE
    __cpp_initialize__aeabi_                  - Undefined Weak Reference
    __cxa_finalize                            - Undefined Weak Reference
    __decompress                              - Undefined Weak Reference
    _clock_init                               - Undefined Weak Reference
    _microlib_exit                            - Undefined Weak Reference
    __Vectors_Size                           0x000000ec   Number         0  startup_stm32f103xb.o ABSOLUTE
    __Vectors                                0x08000000   Data           4  startup_stm32f103xb.o(RESET)
    __Vectors_End                            0x080000ec   Data           0  startup_stm32f103xb.o(RESET)
    __main                                   0x080000ed   Thumb Code     0  entry.o(.ARM.Collect$$$$00000000)
    _main_stk                                0x080000ed   Thumb Code     0  entry2.o(.ARM.Collect$$$$00000001)
    _main_scatterload                        0x080000f1   Thumb Code     0  entry5.o(.ARM.Collect$$$$00000004)
    __main_after_scatterload                 0x080000f5   Thumb Code     0  entry5.o(.ARM.Collect$$$$00000004)
    _main_clock                              0x080000f5   Thumb Code     0  entry7b.o(.ARM.Collect$$$$00000008)
    _main_cpp_init                           0x080000f5   Thumb Code     0  entry8b.o(.ARM.Collect$$$$0000000A)
    _main_init                               0x080000f5   Thumb Code     0  entry9a.o(.ARM.Collect$$$$0000000B)
    __rt_final_cpp                           0x080000fd   Thumb Code     0  entry10a.o(.ARM.Collect$$$$0000000D)
    __rt_final_exit                          0x080000fd   Thumb Code     0  entry11a.o(.ARM.Collect$$$$0000000F)
    Reset_Handler                            0x08000101   Thumb Code     8  startup_stm32f103xb.o(.text)
    ADC1_2_IRQHandler                        0x0800011b   Thumb Code     0  startup_stm32f103xb.o(.text)
    CAN1_RX1_IRQHandler                      0x0800011b   Thumb Code     0  startup_stm32f103xb.o(.text)
    CAN1_SCE_IRQHandler                      0x0800011b   Thumb Code     0  startup_stm32f103xb.o(.text)
    DMA1_Channel1_IRQHandler                 0x0800011b   Thumb Code     0  startup_stm32f103xb.o(.text)
    DMA1_Channel2_IRQHandler                 0x0800011b   Thumb Code     0  startup_stm32f103xb.o(.text)
    DMA1_Channel3_IRQHandler                 0x0800011b   Thumb Code     0  startup_stm32f103xb.o(.text)
    DMA1_Channel4_IRQHandler                 0x0800011b   Thumb Code     0  startup_stm32f103xb.o(.text)
    DMA1_Channel5_IRQHandler                 0x0800011b   Thumb Code     0  startup_stm32f103xb.o(.text)
    DMA1_Channel6_IRQHandler                 0x0800011b   Thumb Code     0  startup_stm32f103xb.o(.text)
    DMA1_Channel7_IRQHandler                 0x0800011b   Thumb Code     0  startup_stm32f103xb.o(.text)
    EXTI0_IRQHandler                         0x0800011b   Thumb Code     0  startup_stm32f103xb.o(.text)
    EXTI15_10_IRQHandler                     0x0800011b   Thumb Code     0  startup_stm32f103xb.o(.text)
    EXTI1_IRQHandler                         0x0800011b   Thumb Code     0  startup_stm32f103xb.o(.text)
    EXTI2_IRQHandler                         0x0800011b   Thumb Code     0  startup_stm32f103xb.o(.text)
    EXTI3_IRQHandler                         0x0800011b   Thumb Code     0  startup_stm32f103xb.o(.text)
    EXTI4_IRQHandler                         0x0800011b   Thumb Code     0  startup_stm32f103xb.o(.text)
    EXTI9_5_IRQHandler                       0x0800011b   Thumb Code     0  startup_stm32f103xb.o(.text)
    FLASH_IRQHandler                         0x0800011b   Thumb Code     0  startup_stm32f103xb.o(.text)
    I2C1_ER_IRQHandler                       0x0800011b   Thumb Code     0  startup_stm32f103xb.o(.text)
    I2C1_EV_IRQHandler                       0x0800011b   Thumb Code     0  startup_stm32f103xb.o(.text)
    I2C2_ER_IRQHandler                       0x0800011b   Thumb Code     0  startup_stm32f103xb.o(.text)
    I2C2_EV_IRQHandler                       0x0800011b   Thumb Code     0  startup_stm32f103xb.o(.text)
    PVD_IRQHandler                           0x0800011b   Thumb Code     0  startup_stm32f103xb.o(.text)
    RCC_IRQHandler                           0x0800011b   Thumb Code     0  startup_stm32f103xb.o(.text)
    RTC_Alarm_IRQHandler                     0x0800011b   Thumb Code     0  startup_stm32f103xb.o(.text)
    RTC_IRQHandler                           0x0800011b   Thumb Code     0  startup_stm32f103xb.o(.text)
    SPI1_IRQHandler                          0x0800011b   Thumb Code     0  startup_stm32f103xb.o(.text)
    SPI2_IRQHandler                          0x0800011b   Thumb Code     0  startup_stm32f103xb.o(.text)
    TAMPER_IRQHandler                        0x0800011b   Thumb Code     0  startup_stm32f103xb.o(.text)
    TIM1_BRK_IRQHandler                      0x0800011b   Thumb Code     0  startup_stm32f103xb.o(.text)
    TIM1_CC_IRQHandler                       0x0800011b   Thumb Code     0  startup_stm32f103xb.o(.text)
    TIM1_TRG_COM_IRQHandler                  0x0800011b   Thumb Code     0  startup_stm32f103xb.o(.text)
    TIM1_UP_IRQHandler                       0x0800011b   Thumb Code     0  startup_stm32f103xb.o(.text)
    TIM2_IRQHandler                          0x0800011b   Thumb Code     0  startup_stm32f103xb.o(.text)
    TIM3_IRQHandler                          0x0800011b   Thumb Code     0  startup_stm32f103xb.o(.text)
    TIM4_IRQHandler                          0x0800011b   Thumb Code     0  startup_stm32f103xb.o(.text)
    USART1_IRQHandler                        0x0800011b   Thumb Code     0  startup_stm32f103xb.o(.text)
    USART2_IRQHandler                        0x0800011b   Thumb Code     0  startup_stm32f103xb.o(.text)
    USART3_IRQHandler                        0x0800011b   Thumb Code     0  startup_stm32f103xb.o(.text)
    USBWakeUp_IRQHandler                     0x0800011b   Thumb Code     0  startup_stm32f103xb.o(.text)
    USB_HP_CAN1_TX_IRQHandler                0x0800011b   Thumb Code     0  startup_stm32f103xb.o(.text)
    USB_LP_CAN1_RX0_IRQHandler               0x0800011b   Thumb Code     0  startup_stm32f103xb.o(.text)
    WWDG_IRQHandler                          0x0800011b   Thumb Code     0  startup_stm32f103xb.o(.text)
    __aeabi_llsr                             0x08000125   Thumb Code    32  llushr.o(.text)
    _ll_ushift_r                             0x08000125   Thumb Code     0  llushr.o(.text)
    __aeabi_memset                           0x08000145   Thumb Code    14  memseta.o(.text)
    __aeabi_memset4                          0x08000145   Thumb Code     0  memseta.o(.text)
    __aeabi_memset8                          0x08000145   Thumb Code     0  memseta.o(.text)
    __aeabi_memclr                           0x08000153   Thumb Code     4  memseta.o(.text)
    __aeabi_memclr4                          0x08000153   Thumb Code     0  memseta.o(.text)
    __aeabi_memclr8                          0x08000153   Thumb Code     0  memseta.o(.text)
    _memset$wrapper                          0x08000157   Thumb Code    18  memseta.o(.text)
    memcmp                                   0x08000169   Thumb Code    26  memcmp.o(.text)
    __aeabi_fadd                             0x08000183   Thumb Code   164  fadd.o(.text)
    __aeabi_fsub                             0x08000227   Thumb Code     6  fadd.o(.text)
    __aeabi_frsub                            0x0800022d   Thumb Code     6  fadd.o(.text)
    __aeabi_fmul                             0x08000233   Thumb Code   100  fmul.o(.text)
    __aeabi_fdiv                             0x08000297   Thumb Code   124  fdiv.o(.text)
    __aeabi_dadd                             0x08000313   Thumb Code   322  dadd.o(.text)
    __aeabi_dsub                             0x08000455   Thumb Code     6  dadd.o(.text)
    __aeabi_drsub                            0x0800045b   Thumb Code     6  dadd.o(.text)
    __aeabi_dmul                             0x08000461   Thumb Code   228  dmul.o(.text)
    __aeabi_ddiv                             0x08000545   Thumb Code   222  ddiv.o(.text)
    __aeabi_i2f                              0x08000623   Thumb Code    18  fflti.o(.text)
    __aeabi_ui2f                             0x08000635   Thumb Code    10  ffltui.o(.text)
    __aeabi_f2uiz                            0x0800063f   Thumb Code    40  ffixui.o(.text)
    __aeabi_f2d                              0x08000667   Thumb Code    38  f2d.o(.text)
    __aeabi_d2f                              0x0800068d   Thumb Code    56  d2f.o(.text)
    __aeabi_uidiv                            0x080006c5   Thumb Code     0  uidiv.o(.text)
    __aeabi_uidivmod                         0x080006c5   Thumb Code    44  uidiv.o(.text)
    __aeabi_uldivmod                         0x080006f1   Thumb Code    98  uldiv.o(.text)
    __aeabi_llsl                             0x08000753   Thumb Code    30  llshl.o(.text)
    _ll_shift_l                              0x08000753   Thumb Code     0  llshl.o(.text)
    __aeabi_lasr                             0x08000771   Thumb Code    36  llsshr.o(.text)
    _ll_sshift_r                             0x08000771   Thumb Code     0  llsshr.o(.text)
    __I$use$fp                               0x08000795   Thumb Code     0  iusefp.o(.text)
    _float_round                             0x08000795   Thumb Code    18  fepilogue.o(.text)
    _float_epilogue                          0x080007a7   Thumb Code    92  fepilogue.o(.text)
    _double_round                            0x08000803   Thumb Code    30  depilogue.o(.text)
    _double_epilogue                         0x08000821   Thumb Code   156  depilogue.o(.text)
    __ARM_scalbn                             0x080008bd   Thumb Code    46  dscalb.o(.text)
    scalbn                                   0x080008bd   Thumb Code     0  dscalb.o(.text)
    __aeabi_d2ulz                            0x080008eb   Thumb Code    48  dfixul.o(.text)
    __aeabi_cdrcmple                         0x0800091d   Thumb Code    48  cdrcmple.o(.text)
    __scatterload                            0x0800094d   Thumb Code    28  init.o(.text)
    __scatterload_rt2                        0x0800094d   Thumb Code     0  init.o(.text)
    _dsqrt                                   0x08000971   Thumb Code   162  dsqrt.o(.text)
    BusFault_Handler                         0x08000a13   Thumb Code     4  stm32f1xx_it.o(i.BusFault_Handler)
    DebugMon_Handler                         0x08000a17   Thumb Code     2  stm32f1xx_it.o(i.DebugMon_Handler)
    Error_Handler                            0x08000a19   Thumb Code     6  main.o(i.Error_Handler)
    HAL_Delay                                0x08000a21   Thumb Code    36  stm32f1xx_hal.o(i.HAL_Delay)
    HAL_GPIO_Init                            0x08000a49   Thumb Code   766  stm32f1xx_hal_gpio.o(i.HAL_GPIO_Init)
    HAL_GPIO_ReadPin                         0x08000d69   Thumb Code    16  stm32f1xx_hal_gpio.o(i.HAL_GPIO_ReadPin)
    HAL_GPIO_TogglePin                       0x08000d79   Thumb Code    20  stm32f1xx_hal_gpio.o(i.HAL_GPIO_TogglePin)
    HAL_GPIO_WritePin                        0x08000d8d   Thumb Code    12  stm32f1xx_hal_gpio.o(i.HAL_GPIO_WritePin)
    HAL_GetTick                              0x08000d99   Thumb Code     6  stm32f1xx_hal.o(i.HAL_GetTick)
    HAL_IncTick                              0x08000da5   Thumb Code    16  stm32f1xx_hal.o(i.HAL_IncTick)
    HAL_Init                                 0x08000dbd   Thumb Code    34  stm32f1xx_hal.o(i.HAL_Init)
    HAL_InitTick                             0x08000de5   Thumb Code    64  stm32f1xx_hal.o(i.HAL_InitTick)
    HAL_MspInit                              0x08000e31   Thumb Code    76  stm32f1xx_hal_msp.o(i.HAL_MspInit)
    HAL_NVIC_SetPriority                     0x08000e85   Thumb Code   124  stm32f1xx_hal_cortex.o(i.HAL_NVIC_SetPriority)
    HAL_NVIC_SetPriorityGrouping             0x08000f01   Thumb Code    32  stm32f1xx_hal_cortex.o(i.HAL_NVIC_SetPriorityGrouping)
    HAL_RCC_ClockConfig                      0x08000f29   Thumb Code   376  stm32f1xx_hal_rcc.o(i.HAL_RCC_ClockConfig)
    HAL_RCC_GetHCLKFreq                      0x080010b5   Thumb Code     6  stm32f1xx_hal_rcc.o(i.HAL_RCC_GetHCLKFreq)
    HAL_RCC_GetPCLK1Freq                     0x080010c1   Thumb Code    22  stm32f1xx_hal_rcc.o(i.HAL_RCC_GetPCLK1Freq)
    HAL_RCC_GetPCLK2Freq                     0x080010e1   Thumb Code    22  stm32f1xx_hal_rcc.o(i.HAL_RCC_GetPCLK2Freq)
    HAL_RCC_GetSysClockFreq                  0x08001101   Thumb Code    92  stm32f1xx_hal_rcc.o(i.HAL_RCC_GetSysClockFreq)
    HAL_RCC_OscConfig                        0x08001171   Thumb Code  1114  stm32f1xx_hal_rcc.o(i.HAL_RCC_OscConfig)
    HAL_SYSTICK_Config                       0x080015d5   Thumb Code    52  stm32f1xx_hal_cortex.o(i.HAL_SYSTICK_Config)
    HAL_UART_Init                            0x08001609   Thumb Code   118  stm32f1xx_hal_uart.o(i.HAL_UART_Init)
    HAL_UART_MspInit                         0x08001681   Thumb Code   122  stm32f1xx_hal_msp.o(i.HAL_UART_MspInit)
    HAL_UART_Transmit                        0x08001709   Thumb Code   190  stm32f1xx_hal_uart.o(i.HAL_UART_Transmit)
    HardFault_Handler                        0x080017c7   Thumb Code     4  stm32f1xx_it.o(i.HardFault_Handler)
    IIC_Ack                                  0x080017cd   Thumb Code    60  iic.o(i.IIC_Ack)
    IIC_GPIO_Init                            0x0800181d   Thumb Code    62  iic.o(i.IIC_GPIO_Init)
    IIC_NAck                                 0x08001865   Thumb Code    48  iic.o(i.IIC_NAck)
    IIC_Read_Byte                            0x08001899   Thumb Code    84  iic.o(i.IIC_Read_Byte)
    IIC_Send_Byte                            0x080018f1   Thumb Code   100  iic.o(i.IIC_Send_Byte)
    IIC_Start                                0x08001959   Thumb Code    60  iic.o(i.IIC_Start)
    IIC_Stop                                 0x08001999   Thumb Code    40  iic.o(i.IIC_Stop)
    IIC_Wait_Ack                             0x080019c5   Thumb Code    68  iic.o(i.IIC_Wait_Ack)
    MPU_Init                                 0x08001a0d   Thumb Code   122  mpu6050.o(i.MPU_Init)
    MPU_Read_Byte                            0x08001a87   Thumb Code    58  mpu6050.o(i.MPU_Read_Byte)
    MPU_Read_Len                             0x08001ac1   Thumb Code   116  mpu6050.o(i.MPU_Read_Len)
    MPU_Set_Accel_Fsr                        0x08001b35   Thumb Code    16  mpu6050.o(i.MPU_Set_Accel_Fsr)
    MPU_Set_Gyro_Fsr                         0x08001b45   Thumb Code    16  mpu6050.o(i.MPU_Set_Gyro_Fsr)
    MPU_Set_LPF                              0x08001b55   Thumb Code    58  mpu6050.o(i.MPU_Set_LPF)
    MPU_Set_Rate                             0x08001b8f   Thumb Code    58  mpu6050.o(i.MPU_Set_Rate)
    MPU_Write_Byte                           0x08001bc9   Thumb Code    68  mpu6050.o(i.MPU_Write_Byte)
    MPU_Write_Len                            0x08001c0d   Thumb Code    96  mpu6050.o(i.MPU_Write_Len)
    MemManage_Handler                        0x08001da9   Thumb Code     4  stm32f1xx_it.o(i.MemManage_Handler)
    NMI_Handler                              0x08001dad   Thumb Code     4  stm32f1xx_it.o(i.NMI_Handler)
    PendSV_Handler                           0x08001db1   Thumb Code     2  stm32f1xx_it.o(i.PendSV_Handler)
    SVC_Handler                              0x08001ddd   Thumb Code     2  stm32f1xx_it.o(i.SVC_Handler)
    SysTick_Handler                          0x08001ddf   Thumb Code     8  stm32f1xx_it.o(i.SysTick_Handler)
    SystemClock_Config                       0x08001de7   Thumb Code   102  main.o(i.SystemClock_Config)
    SystemInit                               0x08001e4d   Thumb Code     2  system_stm32f1xx.o(i.SystemInit)
    UsageFault_Handler                       0x08002045   Thumb Code     4  stm32f1xx_it.o(i.UsageFault_Handler)
    __0printf                                0x08002049   Thumb Code    22  printfa.o(i.__0printf)
    __1printf                                0x08002049   Thumb Code     0  printfa.o(i.__0printf)
    __2printf                                0x08002049   Thumb Code     0  printfa.o(i.__0printf)
    __c89printf                              0x08002049   Thumb Code     0  printfa.o(i.__0printf)
    printf                                   0x08002049   Thumb Code     0  printfa.o(i.__0printf)
    __ARM_fpclassify                         0x08002069   Thumb Code    40  fpclassify.o(i.__ARM_fpclassify)
    __kernel_poly                            0x080020c9   Thumb Code   170  poly.o(i.__kernel_poly)
    __mathlib_dbl_infnan                     0x08002173   Thumb Code     6  dunder.o(i.__mathlib_dbl_infnan)
    __mathlib_dbl_infnan2                    0x08002179   Thumb Code     4  dunder.o(i.__mathlib_dbl_infnan2)
    __mathlib_dbl_invalid                    0x0800217d   Thumb Code    12  dunder.o(i.__mathlib_dbl_invalid)
    __mathlib_dbl_underflow                  0x08002189   Thumb Code    10  dunder.o(i.__mathlib_dbl_underflow)
    __scatterload_copy                       0x08002199   Thumb Code    14  handlers.o(i.__scatterload_copy)
    __scatterload_null                       0x080021a7   Thumb Code     2  handlers.o(i.__scatterload_null)
    __scatterload_zeroinit                   0x080021a9   Thumb Code    14  handlers.o(i.__scatterload_zeroinit)
    __set_errno                              0x080021b9   Thumb Code     6  errno.o(i.__set_errno)
    asin                                     0x08002a79   Thumb Code   572  asin.o(i.asin)
    atan                                     0x08002ce9   Thumb Code   474  atan.o(i.atan)
    atan2                                    0x08002f09   Thumb Code   346  atan2.o(i.atan2)
    dmp_enable_6x_lp_quat                    0x080030ed   Thumb Code    60  inv_mpu_dmp_motion_driver.o(i.dmp_enable_6x_lp_quat)
    dmp_enable_feature                       0x08003129   Thumb Code   530  inv_mpu_dmp_motion_driver.o(i.dmp_enable_feature)
    dmp_enable_gyro_cal                      0x08003345   Thumb Code    62  inv_mpu_dmp_motion_driver.o(i.dmp_enable_gyro_cal)
    dmp_enable_lp_quat                       0x0800339d   Thumb Code    60  inv_mpu_dmp_motion_driver.o(i.dmp_enable_lp_quat)
    dmp_load_motion_driver_firmware          0x080033d9   Thumb Code    20  inv_mpu_dmp_motion_driver.o(i.dmp_load_motion_driver_firmware)
    dmp_read_fifo                            0x080033f1   Thumb Code   456  inv_mpu_dmp_motion_driver.o(i.dmp_read_fifo)
    dmp_set_fifo_rate                        0x080035bd   Thumb Code    96  inv_mpu_dmp_motion_driver.o(i.dmp_set_fifo_rate)
    dmp_set_orientation                      0x0800362d   Thumb Code   290  inv_mpu_dmp_motion_driver.o(i.dmp_set_orientation)
    dmp_set_shake_reject_thresh              0x08003765   Thumb Code    56  inv_mpu_dmp_motion_driver.o(i.dmp_set_shake_reject_thresh)
    dmp_set_shake_reject_time                0x0800379d   Thumb Code    38  inv_mpu_dmp_motion_driver.o(i.dmp_set_shake_reject_time)
    dmp_set_shake_reject_timeout             0x080037c3   Thumb Code    38  inv_mpu_dmp_motion_driver.o(i.dmp_set_shake_reject_timeout)
    dmp_set_tap_axes                         0x080037e9   Thumb Code    70  inv_mpu_dmp_motion_driver.o(i.dmp_set_tap_axes)
    dmp_set_tap_count                        0x0800382f   Thumb Code    38  inv_mpu_dmp_motion_driver.o(i.dmp_set_tap_count)
    dmp_set_tap_thresh                       0x08003855   Thumb Code   396  inv_mpu_dmp_motion_driver.o(i.dmp_set_tap_thresh)
    dmp_set_tap_time                         0x080039f5   Thumb Code    38  inv_mpu_dmp_motion_driver.o(i.dmp_set_tap_time)
    dmp_set_tap_time_multi                   0x08003a1b   Thumb Code    38  inv_mpu_dmp_motion_driver.o(i.dmp_set_tap_time_multi)
    fputc                                    0x08003a41   Thumb Code    22  main.o(i.fputc)
    inv_orientation_matrix_to_scalar         0x08003a5d   Thumb Code    40  inv_mpu.o(i.inv_orientation_matrix_to_scalar)
    inv_row_2_scale                          0x08003a85   Thumb Code    78  inv_mpu.o(i.inv_row_2_scale)
    main                                     0x08003ad5   Thumb Code   108  main.o(i.main)
    mget_ms                                  0x08003b61   Thumb Code     2  inv_mpu.o(i.mget_ms)
    mpu_configure_fifo                       0x08003b65   Thumb Code   106  inv_mpu.o(i.mpu_configure_fifo)
    mpu_dmp_get_data                         0x08003bd5   Thumb Code   544  inv_mpu.o(i.mpu_dmp_get_data)
    mpu_dmp_init                             0x08003df9   Thumb Code   142  inv_mpu.o(i.mpu_dmp_init)
    mpu_get_accel_fsr                        0x08003e8d   Thumb Code    72  inv_mpu.o(i.mpu_get_accel_fsr)
    mpu_init                                 0x08003ed9   Thumb Code   396  inv_mpu.o(i.mpu_init)
    mpu_load_firmware                        0x08004069   Thumb Code   180  inv_mpu.o(i.mpu_load_firmware)
    mpu_lp_accel_mode                        0x08004121   Thumb Code   218  inv_mpu.o(i.mpu_lp_accel_mode)
    mpu_read_fifo_stream                     0x08004201   Thumb Code   186  inv_mpu.o(i.mpu_read_fifo_stream)
    mpu_read_mem                             0x080042c1   Thumb Code   122  inv_mpu.o(i.mpu_read_mem)
    mpu_reset_fifo                           0x08004341   Thumb Code   450  inv_mpu.o(i.mpu_reset_fifo)
    mpu_set_accel_fsr                        0x08004509   Thumb Code   126  inv_mpu.o(i.mpu_set_accel_fsr)
    mpu_set_bypass                           0x0800458d   Thumb Code   328  inv_mpu.o(i.mpu_set_bypass)
    mpu_set_dmp_state                        0x080046d9   Thumb Code   138  inv_mpu.o(i.mpu_set_dmp_state)
    mpu_set_gyro_fsr                         0x08004769   Thumb Code   132  inv_mpu.o(i.mpu_set_gyro_fsr)
    mpu_set_int_latched                      0x080047f1   Thumb Code   102  inv_mpu.o(i.mpu_set_int_latched)
    mpu_set_lpf                              0x0800485d   Thumb Code   126  inv_mpu.o(i.mpu_set_lpf)
    mpu_set_sample_rate                      0x080048e1   Thumb Code   152  inv_mpu.o(i.mpu_set_sample_rate)
    mpu_set_sensors                          0x0800497d   Thumb Code   202  inv_mpu.o(i.mpu_set_sensors)
    mpu_write_mem                            0x08004a4d   Thumb Code   122  inv_mpu.o(i.mpu_write_mem)
    sqrt                                     0x08004b5d   Thumb Code    76  sqrt.o(i.sqrt)
    reg                                      0x08004ba8   Data          27  inv_mpu.o(.constdata)
    hw                                       0x08004bc4   Data          12  inv_mpu.o(.constdata)
    test                                     0x08004bd0   Data          40  inv_mpu.o(.constdata)
    AHBPrescTable                            0x08005800   Data          16  system_stm32f1xx.o(.constdata)
    APBPrescTable                            0x08005810   Data           8  system_stm32f1xx.o(.constdata)
    __mathlib_zero                           0x08005900   Data           8  qnan.o(.constdata)
    Region$$Table$$Base                      0x08005908   Number         0  anon$$obj.o(Region$$Table)
    Region$$Table$$Limit                     0x08005928   Number         0  anon$$obj.o(Region$$Table)
    pitch                                    0x20000000   Data           4  main.o(.data)
    roll                                     0x20000004   Data           4  main.o(.data)
    yaw                                      0x20000008   Data           4  main.o(.data)
    gyrox                                    0x2000000c   Data           2  main.o(.data)
    gyroy                                    0x2000000e   Data           2  main.o(.data)
    gyroz                                    0x20000010   Data           2  main.o(.data)
    aacx                                     0x20000012   Data           2  main.o(.data)
    aacy                                     0x20000014   Data           2  main.o(.data)
    aacz                                     0x20000016   Data           2  main.o(.data)
    uwTick                                   0x20000050   Data           4  stm32f1xx_hal.o(.data)
    uwTickPrio                               0x20000054   Data           4  stm32f1xx_hal.o(.data)
    uwTickFreq                               0x20000058   Data           1  stm32f1xx_hal.o(.data)
    SystemCoreClock                          0x2000005c   Data           4  system_stm32f1xx.o(.data)
    __stdout                                 0x20000060   Data           4  stdout.o(.data)
    huart1                                   0x20000068   Data          72  main.o(.bss)
    __initial_sp                             0x200004c0   Data           0  startup_stm32f103xb.o(STACK)



==============================================================================

Memory Map of the image

  Image Entry point : 0x080000ed

  Load Region LR_IROM1 (Base: 0x08000000, Size: 0x00005990, Max: 0x00010000, ABSOLUTE)

    Execution Region ER_IROM1 (Exec base: 0x08000000, Load base: 0x08000000, Size: 0x00005928, Max: 0x00010000, ABSOLUTE)

    Exec Addr    Load Addr    Size         Type   Attr      Idx    E Section Name        Object

    0x08000000   0x08000000   0x000000ec   Data   RO            3    RESET               startup_stm32f103xb.o
    0x080000ec   0x080000ec   0x00000000   Code   RO         2506  * .ARM.Collect$$$$00000000  mc_w.l(entry.o)
    0x080000ec   0x080000ec   0x00000004   Code   RO         2845    .ARM.Collect$$$$00000001  mc_w.l(entry2.o)
    0x080000f0   0x080000f0   0x00000004   Code   RO         2848    .ARM.Collect$$$$00000004  mc_w.l(entry5.o)
    0x080000f4   0x080000f4   0x00000000   Code   RO         2850    .ARM.Collect$$$$00000008  mc_w.l(entry7b.o)
    0x080000f4   0x080000f4   0x00000000   Code   RO         2852    .ARM.Collect$$$$0000000A  mc_w.l(entry8b.o)
    0x080000f4   0x080000f4   0x00000008   Code   RO         2853    .ARM.Collect$$$$0000000B  mc_w.l(entry9a.o)
    0x080000fc   0x080000fc   0x00000000   Code   RO         2855    .ARM.Collect$$$$0000000D  mc_w.l(entry10a.o)
    0x080000fc   0x080000fc   0x00000000   Code   RO         2857    .ARM.Collect$$$$0000000F  mc_w.l(entry11a.o)
    0x080000fc   0x080000fc   0x00000004   Code   RO         2846    .ARM.Collect$$$$00002712  mc_w.l(entry2.o)
    0x08000100   0x08000100   0x00000024   Code   RO            4    .text               startup_stm32f103xb.o
    0x08000124   0x08000124   0x00000020   Code   RO         2511    .text               mc_w.l(llushr.o)
    0x08000144   0x08000144   0x00000024   Code   RO         2513    .text               mc_w.l(memseta.o)
    0x08000168   0x08000168   0x0000001a   Code   RO         2515    .text               mc_w.l(memcmp.o)
    0x08000182   0x08000182   0x000000b0   Code   RO         2778    .text               mf_w.l(fadd.o)
    0x08000232   0x08000232   0x00000064   Code   RO         2780    .text               mf_w.l(fmul.o)
    0x08000296   0x08000296   0x0000007c   Code   RO         2782    .text               mf_w.l(fdiv.o)
    0x08000312   0x08000312   0x0000014e   Code   RO         2784    .text               mf_w.l(dadd.o)
    0x08000460   0x08000460   0x000000e4   Code   RO         2786    .text               mf_w.l(dmul.o)
    0x08000544   0x08000544   0x000000de   Code   RO         2788    .text               mf_w.l(ddiv.o)
    0x08000622   0x08000622   0x00000012   Code   RO         2790    .text               mf_w.l(fflti.o)
    0x08000634   0x08000634   0x0000000a   Code   RO         2792    .text               mf_w.l(ffltui.o)
    0x0800063e   0x0800063e   0x00000028   Code   RO         2798    .text               mf_w.l(ffixui.o)
    0x08000666   0x08000666   0x00000026   Code   RO         2800    .text               mf_w.l(f2d.o)
    0x0800068c   0x0800068c   0x00000038   Code   RO         2802    .text               mf_w.l(d2f.o)
    0x080006c4   0x080006c4   0x0000002c   Code   RO         2860    .text               mc_w.l(uidiv.o)
    0x080006f0   0x080006f0   0x00000062   Code   RO         2862    .text               mc_w.l(uldiv.o)
    0x08000752   0x08000752   0x0000001e   Code   RO         2864    .text               mc_w.l(llshl.o)
    0x08000770   0x08000770   0x00000024   Code   RO         2866    .text               mc_w.l(llsshr.o)
    0x08000794   0x08000794   0x00000000   Code   RO         2875    .text               mc_w.l(iusefp.o)
    0x08000794   0x08000794   0x0000006e   Code   RO         2876    .text               mf_w.l(fepilogue.o)
    0x08000802   0x08000802   0x000000ba   Code   RO         2878    .text               mf_w.l(depilogue.o)
    0x080008bc   0x080008bc   0x0000002e   Code   RO         2880    .text               mf_w.l(dscalb.o)
    0x080008ea   0x080008ea   0x00000030   Code   RO         2882    .text               mf_w.l(dfixul.o)
    0x0800091a   0x0800091a   0x00000002   PAD
    0x0800091c   0x0800091c   0x00000030   Code   RO         2884    .text               mf_w.l(cdrcmple.o)
    0x0800094c   0x0800094c   0x00000024   Code   RO         2886    .text               mc_w.l(init.o)
    0x08000970   0x08000970   0x000000a2   Code   RO         2888    .text               mf_w.l(dsqrt.o)
    0x08000a12   0x08000a12   0x00000004   Code   RO          173    i.BusFault_Handler  stm32f1xx_it.o
    0x08000a16   0x08000a16   0x00000002   Code   RO          174    i.DebugMon_Handler  stm32f1xx_it.o
    0x08000a18   0x08000a18   0x00000006   Code   RO           13    i.Error_Handler     main.o
    0x08000a1e   0x08000a1e   0x00000002   PAD
    0x08000a20   0x08000a20   0x00000028   Code   RO         1453    i.HAL_Delay         stm32f1xx_hal.o
    0x08000a48   0x08000a48   0x00000320   Code   RO         1768    i.HAL_GPIO_Init     stm32f1xx_hal_gpio.o
    0x08000d68   0x08000d68   0x00000010   Code   RO         1770    i.HAL_GPIO_ReadPin  stm32f1xx_hal_gpio.o
    0x08000d78   0x08000d78   0x00000014   Code   RO         1771    i.HAL_GPIO_TogglePin  stm32f1xx_hal_gpio.o
    0x08000d8c   0x08000d8c   0x0000000c   Code   RO         1772    i.HAL_GPIO_WritePin  stm32f1xx_hal_gpio.o
    0x08000d98   0x08000d98   0x0000000c   Code   RO         1457    i.HAL_GetTick       stm32f1xx_hal.o
    0x08000da4   0x08000da4   0x00000018   Code   RO         1463    i.HAL_IncTick       stm32f1xx_hal.o
    0x08000dbc   0x08000dbc   0x00000028   Code   RO         1464    i.HAL_Init          stm32f1xx_hal.o
    0x08000de4   0x08000de4   0x0000004c   Code   RO         1465    i.HAL_InitTick      stm32f1xx_hal.o
    0x08000e30   0x08000e30   0x00000054   Code   RO          248    i.HAL_MspInit       stm32f1xx_hal_msp.o
    0x08000e84   0x08000e84   0x0000007c   Code   RO         1934    i.HAL_NVIC_SetPriority  stm32f1xx_hal_cortex.o
    0x08000f00   0x08000f00   0x00000028   Code   RO         1935    i.HAL_NVIC_SetPriorityGrouping  stm32f1xx_hal_cortex.o
    0x08000f28   0x08000f28   0x0000018c   Code   RO         1621    i.HAL_RCC_ClockConfig  stm32f1xx_hal_rcc.o
    0x080010b4   0x080010b4   0x0000000c   Code   RO         1626    i.HAL_RCC_GetHCLKFreq  stm32f1xx_hal_rcc.o
    0x080010c0   0x080010c0   0x00000020   Code   RO         1628    i.HAL_RCC_GetPCLK1Freq  stm32f1xx_hal_rcc.o
    0x080010e0   0x080010e0   0x00000020   Code   RO         1629    i.HAL_RCC_GetPCLK2Freq  stm32f1xx_hal_rcc.o
    0x08001100   0x08001100   0x00000070   Code   RO         1630    i.HAL_RCC_GetSysClockFreq  stm32f1xx_hal_rcc.o
    0x08001170   0x08001170   0x00000464   Code   RO         1633    i.HAL_RCC_OscConfig  stm32f1xx_hal_rcc.o
    0x080015d4   0x080015d4   0x00000034   Code   RO         1939    i.HAL_SYSTICK_Config  stm32f1xx_hal_cortex.o
    0x08001608   0x08001608   0x00000076   Code   RO         1103    i.HAL_UART_Init     stm32f1xx_hal_uart.o
    0x0800167e   0x0800167e   0x00000002   PAD
    0x08001680   0x08001680   0x00000088   Code   RO          250    i.HAL_UART_MspInit  stm32f1xx_hal_msp.o
    0x08001708   0x08001708   0x000000be   Code   RO         1111    i.HAL_UART_Transmit  stm32f1xx_hal_uart.o
    0x080017c6   0x080017c6   0x00000004   Code   RO          175    i.HardFault_Handler  stm32f1xx_it.o
    0x080017ca   0x080017ca   0x00000002   PAD
    0x080017cc   0x080017cc   0x00000040   Code   RO          284    i.IIC_Ack           iic.o
    0x0800180c   0x0800180c   0x0000000e   Code   RO          286    i.IIC_Delay         iic.o
    0x0800181a   0x0800181a   0x00000002   PAD
    0x0800181c   0x0800181c   0x00000048   Code   RO          287    i.IIC_GPIO_Init     iic.o
    0x08001864   0x08001864   0x00000034   Code   RO          288    i.IIC_NAck          iic.o
    0x08001898   0x08001898   0x00000058   Code   RO          289    i.IIC_Read_Byte     iic.o
    0x080018f0   0x080018f0   0x00000068   Code   RO          290    i.IIC_Send_Byte     iic.o
    0x08001958   0x08001958   0x00000040   Code   RO          291    i.IIC_Start         iic.o
    0x08001998   0x08001998   0x0000002c   Code   RO          292    i.IIC_Stop          iic.o
    0x080019c4   0x080019c4   0x00000048   Code   RO          293    i.IIC_Wait_Ack      iic.o
    0x08001a0c   0x08001a0c   0x0000007a   Code   RO          914    i.MPU_Init          mpu6050.o
    0x08001a86   0x08001a86   0x0000003a   Code   RO          915    i.MPU_Read_Byte     mpu6050.o
    0x08001ac0   0x08001ac0   0x00000074   Code   RO          916    i.MPU_Read_Len      mpu6050.o
    0x08001b34   0x08001b34   0x00000010   Code   RO          917    i.MPU_Set_Accel_Fsr  mpu6050.o
    0x08001b44   0x08001b44   0x00000010   Code   RO          918    i.MPU_Set_Gyro_Fsr  mpu6050.o
    0x08001b54   0x08001b54   0x0000003a   Code   RO          919    i.MPU_Set_LPF       mpu6050.o
    0x08001b8e   0x08001b8e   0x0000003a   Code   RO          920    i.MPU_Set_Rate      mpu6050.o
    0x08001bc8   0x08001bc8   0x00000044   Code   RO          921    i.MPU_Write_Byte    mpu6050.o
    0x08001c0c   0x08001c0c   0x00000060   Code   RO          922    i.MPU_Write_Len     mpu6050.o
    0x08001c6c   0x08001c6c   0x00000104   Code   RO           14    i.MX_GPIO_Init      main.o
    0x08001d70   0x08001d70   0x00000038   Code   RO           15    i.MX_USART1_UART_Init  main.o
    0x08001da8   0x08001da8   0x00000004   Code   RO          176    i.MemManage_Handler  stm32f1xx_it.o
    0x08001dac   0x08001dac   0x00000004   Code   RO          177    i.NMI_Handler       stm32f1xx_it.o
    0x08001db0   0x08001db0   0x00000002   Code   RO          178    i.PendSV_Handler    stm32f1xx_it.o
    0x08001db2   0x08001db2   0x00000002   PAD
    0x08001db4   0x08001db4   0x00000028   Code   RO         1634    i.RCC_Delay         stm32f1xx_hal_rcc.o
    0x08001ddc   0x08001ddc   0x00000002   Code   RO          179    i.SVC_Handler       stm32f1xx_it.o
    0x08001dde   0x08001dde   0x00000008   Code   RO          180    i.SysTick_Handler   stm32f1xx_it.o
    0x08001de6   0x08001de6   0x00000066   Code   RO           16    i.SystemClock_Config  main.o
    0x08001e4c   0x08001e4c   0x00000002   Code   RO         2455    i.SystemInit        system_stm32f1xx.o
    0x08001e4e   0x08001e4e   0x0000006c   Code   RO         1126    i.UART_EndRxTransfer  stm32f1xx_hal_uart.o
    0x08001eba   0x08001eba   0x00000002   PAD
    0x08001ebc   0x08001ebc   0x000000fc   Code   RO         1130    i.UART_SetConfig    stm32f1xx_hal_uart.o
    0x08001fb8   0x08001fb8   0x0000008c   Code   RO         1134    i.UART_WaitOnFlagUntilTimeout  stm32f1xx_hal_uart.o
    0x08002044   0x08002044   0x00000004   Code   RO          181    i.UsageFault_Handler  stm32f1xx_it.o
    0x08002048   0x08002048   0x00000020   Code   RO         2750    i.__0printf         mc_w.l(printfa.o)
    0x08002068   0x08002068   0x00000028   Code   RO         2832    i.__ARM_fpclassify  m_ws.l(fpclassify.o)
    0x08002090   0x08002090   0x00000010   Code   RO         1941    i.__NVIC_GetPriorityGrouping  stm32f1xx_hal_cortex.o
    0x080020a0   0x080020a0   0x00000028   Code   RO         1942    i.__NVIC_SetPriority  stm32f1xx_hal_cortex.o
    0x080020c8   0x080020c8   0x000000aa   Code   RO         2834    i.__kernel_poly     m_ws.l(poly.o)
    0x08002172   0x08002172   0x00000006   Code   RO         2819    i.__mathlib_dbl_infnan  m_ws.l(dunder.o)
    0x08002178   0x08002178   0x00000004   Code   RO         2820    i.__mathlib_dbl_infnan2  m_ws.l(dunder.o)
    0x0800217c   0x0800217c   0x0000000c   Code   RO         2821    i.__mathlib_dbl_invalid  m_ws.l(dunder.o)
    0x08002188   0x08002188   0x00000010   Code   RO         2824    i.__mathlib_dbl_underflow  m_ws.l(dunder.o)
    0x08002198   0x08002198   0x0000000e   Code   RO         2894    i.__scatterload_copy  mc_w.l(handlers.o)
    0x080021a6   0x080021a6   0x00000002   Code   RO         2895    i.__scatterload_null  mc_w.l(handlers.o)
    0x080021a8   0x080021a8   0x0000000e   Code   RO         2896    i.__scatterload_zeroinit  mc_w.l(handlers.o)
    0x080021b6   0x080021b6   0x00000002   PAD
    0x080021b8   0x080021b8   0x0000000c   Code   RO         2870    i.__set_errno       mc_w.l(errno.o)
    0x080021c4   0x080021c4   0x00000184   Code   RO         2757    i._fp_digits        mc_w.l(printfa.o)
    0x08002348   0x08002348   0x000006dc   Code   RO         2758    i._printf_core      mc_w.l(printfa.o)
    0x08002a24   0x08002a24   0x00000024   Code   RO         2759    i._printf_post_padding  mc_w.l(printfa.o)
    0x08002a48   0x08002a48   0x0000002e   Code   RO         2760    i._printf_pre_padding  mc_w.l(printfa.o)
    0x08002a76   0x08002a76   0x00000002   PAD
    0x08002a78   0x08002a78   0x00000270   Code   RO         2489    i.asin              m_ws.l(asin.o)
    0x08002ce8   0x08002ce8   0x00000220   Code   RO         2809    i.atan              m_ws.l(atan.o)
    0x08002f08   0x08002f08   0x00000180   Code   RO         2499    i.atan2             m_ws.l(atan2.o)
    0x08003088   0x08003088   0x00000064   Code   RO          713    i.decode_gesture    inv_mpu_dmp_motion_driver.o
    0x080030ec   0x080030ec   0x0000003c   Code   RO          714    i.dmp_enable_6x_lp_quat  inv_mpu_dmp_motion_driver.o
    0x08003128   0x08003128   0x0000021c   Code   RO          715    i.dmp_enable_feature  inv_mpu_dmp_motion_driver.o
    0x08003344   0x08003344   0x00000058   Code   RO          716    i.dmp_enable_gyro_cal  inv_mpu_dmp_motion_driver.o
    0x0800339c   0x0800339c   0x0000003c   Code   RO          717    i.dmp_enable_lp_quat  inv_mpu_dmp_motion_driver.o
    0x080033d8   0x080033d8   0x00000018   Code   RO          722    i.dmp_load_motion_driver_firmware  inv_mpu_dmp_motion_driver.o
    0x080033f0   0x080033f0   0x000001cc   Code   RO          723    i.dmp_read_fifo     inv_mpu_dmp_motion_driver.o
    0x080035bc   0x080035bc   0x00000070   Code   RO          727    i.dmp_set_fifo_rate  inv_mpu_dmp_motion_driver.o
    0x0800362c   0x0800362c   0x00000138   Code   RO          730    i.dmp_set_orientation  inv_mpu_dmp_motion_driver.o
    0x08003764   0x08003764   0x00000038   Code   RO          733    i.dmp_set_shake_reject_thresh  inv_mpu_dmp_motion_driver.o
    0x0800379c   0x0800379c   0x00000026   Code   RO          734    i.dmp_set_shake_reject_time  inv_mpu_dmp_motion_driver.o
    0x080037c2   0x080037c2   0x00000026   Code   RO          735    i.dmp_set_shake_reject_timeout  inv_mpu_dmp_motion_driver.o
    0x080037e8   0x080037e8   0x00000046   Code   RO          736    i.dmp_set_tap_axes  inv_mpu_dmp_motion_driver.o
    0x0800382e   0x0800382e   0x00000026   Code   RO          737    i.dmp_set_tap_count  inv_mpu_dmp_motion_driver.o
    0x08003854   0x08003854   0x000001a0   Code   RO          738    i.dmp_set_tap_thresh  inv_mpu_dmp_motion_driver.o
    0x080039f4   0x080039f4   0x00000026   Code   RO          739    i.dmp_set_tap_time  inv_mpu_dmp_motion_driver.o
    0x08003a1a   0x08003a1a   0x00000026   Code   RO          740    i.dmp_set_tap_time_multi  inv_mpu_dmp_motion_driver.o
    0x08003a40   0x08003a40   0x0000001c   Code   RO           17    i.fputc             main.o
    0x08003a5c   0x08003a5c   0x00000028   Code   RO          365    i.inv_orientation_matrix_to_scalar  inv_mpu.o
    0x08003a84   0x08003a84   0x0000004e   Code   RO          366    i.inv_row_2_scale   inv_mpu.o
    0x08003ad2   0x08003ad2   0x00000002   PAD
    0x08003ad4   0x08003ad4   0x0000008c   Code   RO           18    i.main              main.o
    0x08003b60   0x08003b60   0x00000002   Code   RO          367    i.mget_ms           inv_mpu.o
    0x08003b62   0x08003b62   0x00000002   PAD
    0x08003b64   0x08003b64   0x00000070   Code   RO          368    i.mpu_configure_fifo  inv_mpu.o
    0x08003bd4   0x08003bd4   0x00000224   Code   RO          369    i.mpu_dmp_get_data  inv_mpu.o
    0x08003df8   0x08003df8   0x00000094   Code   RO          370    i.mpu_dmp_init      inv_mpu.o
    0x08003e8c   0x08003e8c   0x0000004c   Code   RO          371    i.mpu_get_accel_fsr  inv_mpu.o
    0x08003ed8   0x08003ed8   0x00000190   Code   RO          387    i.mpu_init          inv_mpu.o
    0x08004068   0x08004068   0x000000b8   Code   RO          388    i.mpu_load_firmware  inv_mpu.o
    0x08004120   0x08004120   0x000000e0   Code   RO          389    i.mpu_lp_accel_mode  inv_mpu.o
    0x08004200   0x08004200   0x000000c0   Code   RO          392    i.mpu_read_fifo_stream  inv_mpu.o
    0x080042c0   0x080042c0   0x00000080   Code   RO          393    i.mpu_read_mem      inv_mpu.o
    0x08004340   0x08004340   0x000001c8   Code   RO          396    i.mpu_reset_fifo    inv_mpu.o
    0x08004508   0x08004508   0x00000084   Code   RO          399    i.mpu_set_accel_fsr  inv_mpu.o
    0x0800458c   0x0800458c   0x0000014c   Code   RO          400    i.mpu_set_bypass    inv_mpu.o
    0x080046d8   0x080046d8   0x00000090   Code   RO          402    i.mpu_set_dmp_state  inv_mpu.o
    0x08004768   0x08004768   0x00000088   Code   RO          403    i.mpu_set_gyro_fsr  inv_mpu.o
    0x080047f0   0x080047f0   0x0000006c   Code   RO          404    i.mpu_set_int_latched  inv_mpu.o
    0x0800485c   0x0800485c   0x00000084   Code   RO          406    i.mpu_set_lpf       inv_mpu.o
    0x080048e0   0x080048e0   0x0000009c   Code   RO          407    i.mpu_set_sample_rate  inv_mpu.o
    0x0800497c   0x0800497c   0x000000d0   Code   RO          408    i.mpu_set_sensors   inv_mpu.o
    0x08004a4c   0x08004a4c   0x00000080   Code   RO          409    i.mpu_write_mem     inv_mpu.o
    0x08004acc   0x08004acc   0x00000090   Code   RO          411    i.set_int_enable    inv_mpu.o
    0x08004b5c   0x08004b5c   0x0000004c   Code   RO         2838    i.sqrt              m_ws.l(sqrt.o)
    0x08004ba8   0x08004ba8   0x00000050   Data   RO          413    .constdata          inv_mpu.o
    0x08004bf8   0x08004bf8   0x00000bf6   Data   RO          742    .constdata          inv_mpu_dmp_motion_driver.o
    0x080057ee   0x080057ee   0x00000012   Data   RO         1635    .constdata          stm32f1xx_hal_rcc.o
    0x08005800   0x08005800   0x00000018   Data   RO         2456    .constdata          system_stm32f1xx.o
    0x08005818   0x08005818   0x00000050   Data   RO         2490    .constdata          m_ws.l(asin.o)
    0x08005868   0x08005868   0x00000098   Data   RO         2810    .constdata          m_ws.l(atan.o)
    0x08005900   0x08005900   0x00000008   Data   RO         2836    .constdata          m_ws.l(qnan.o)
    0x08005908   0x08005908   0x00000020   Data   RO         2892    Region$$Table       anon$$obj.o


    Execution Region RW_IRAM1 (Exec base: 0x20000000, Load base: 0x08005928, Size: 0x000004c0, Max: 0x00005000, ABSOLUTE)

    Exec Addr    Load Addr    Size         Type   Attr      Idx    E Section Name        Object

    0x20000000   0x08005928   0x00000018   Data   RW           20    .data               main.o
    0x20000018   0x08005940   0x00000035   Data   RW          414    .data               inv_mpu.o
    0x2000004d   0x08005975   0x00000003   PAD
    0x20000050   0x08005978   0x00000009   Data   RW         1471    .data               stm32f1xx_hal.o
    0x20000059   0x08005981   0x00000003   PAD
    0x2000005c   0x08005984   0x00000004   Data   RW         2457    .data               system_stm32f1xx.o
    0x20000060   0x08005988   0x00000004   Data   RW         2859    .data               mc_w.l(stdout.o)
    0x20000064   0x0800598c   0x00000004   Data   RW         2871    .data               mc_w.l(errno.o)
    0x20000068        -       0x00000048   Zero   RW           19    .bss                main.o
    0x200000b0        -       0x00000010   Zero   RW          741    .bss                inv_mpu_dmp_motion_driver.o
    0x200000c0        -       0x00000400   Zero   RW            1    STACK               startup_stm32f103xb.o


==============================================================================

Image component sizes


      Code (inc. data)   RO Data    RW Data    ZI Data      Debug   Object Name

       574         38          0          0          0       5203   iic.o
      4208        106         80         53          0      20686   inv_mpu.o
      2488        108       3062          0         16      18261   inv_mpu_dmp_motion_driver.o
       592         64          0         24         72     398973   main.o
       608          0          0          0          0       5887   mpu6050.o
        36          8        236          0       1024        784   startup_stm32f103xb.o
       192         36          0          9          0       5745   stm32f1xx_hal.o
       272         22          0          0          0      28642   stm32f1xx_hal_cortex.o
       848         34          0          0          0       3836   stm32f1xx_hal_gpio.o
       220         22          0          0          0       1541   stm32f1xx_hal_msp.o
      1748         98         18          0          0       5816   stm32f1xx_hal_rcc.o
       808          4          0          0          0       4268   stm32f1xx_hal_uart.o
        34          0          0          0          0       3758   stm32f1xx_it.o
         2          0         24          4          0       1059   system_stm32f1xx.o

    ----------------------------------------------------------------------
     12646        540       3452         96       1112     504459   Object Totals
         0          0         32          0          0          0   (incl. Generated)
        16          0          0          6          0          0   (incl. Padding)

    ----------------------------------------------------------------------

      Code (inc. data)   RO Data    RW Data    ZI Data      Debug   Library Member Name

       624         52         80          0          0        168   asin.o
       544         70        152          0          0        124   atan.o
       384         38          0          0          0        144   atan2.o
        38          6          0          0          0        272   dunder.o
        40          0          0          0          0         68   fpclassify.o
       170          0          0          0          0         96   poly.o
         0          0          8          0          0          0   qnan.o
        76          0          0          0          0         84   sqrt.o
         0          0          0          0          0          0   entry.o
         0          0          0          0          0          0   entry10a.o
         0          0          0          0          0          0   entry11a.o
         8          4          0          0          0          0   entry2.o
         4          0          0          0          0          0   entry5.o
         0          0          0          0          0          0   entry7b.o
         0          0          0          0          0          0   entry8b.o
         8          4          0          0          0          0   entry9a.o
        12          6          0          4          0         68   errno.o
        30          0          0          0          0          0   handlers.o
        36          8          0          0          0         68   init.o
         0          0          0          0          0          0   iusefp.o
        30          0          0          0          0         68   llshl.o
        36          0          0          0          0         68   llsshr.o
        32          0          0          0          0         68   llushr.o
        26          0          0          0          0         80   memcmp.o
        36          0          0          0          0        108   memseta.o
      2258         90          0          0          0        452   printfa.o
         0          0          0          4          0          0   stdout.o
        44          0          0          0          0         80   uidiv.o
        98          0          0          0          0         92   uldiv.o
        48          0          0          0          0         68   cdrcmple.o
        56          0          0          0          0         88   d2f.o
       334          0          0          0          0        148   dadd.o
       222          0          0          0          0        100   ddiv.o
       186          0          0          0          0        176   depilogue.o
        48          0          0          0          0         68   dfixul.o
       228          0          0          0          0         96   dmul.o
        46          0          0          0          0         80   dscalb.o
       162          0          0          0          0        100   dsqrt.o
        38          0          0          0          0         68   f2d.o
       176          0          0          0          0        140   fadd.o
       124          0          0          0          0         88   fdiv.o
       110          0          0          0          0        168   fepilogue.o
        40          0          0          0          0         68   ffixui.o
        18          0          0          0          0         68   fflti.o
        10          0          0          0          0         68   ffltui.o
       100          0          0          0          0         76   fmul.o

    ----------------------------------------------------------------------
      6486        278        240          8          0       3776   Library Totals
         6          0          0          0          0          0   (incl. Padding)

    ----------------------------------------------------------------------

      Code (inc. data)   RO Data    RW Data    ZI Data      Debug   Library Name

      1876        166        240          0          0        956   m_ws.l
      2658        112          0          8          0       1152   mc_w.l
      1946          0          0          0          0       1668   mf_w.l

    ----------------------------------------------------------------------
      6486        278        240          8          0       3776   Library Totals

    ----------------------------------------------------------------------

==============================================================================


      Code (inc. data)   RO Data    RW Data    ZI Data      Debug   

     19132        818       3692        104       1112     501367   Grand Totals
     19132        818       3692        104       1112     501367   ELF Image Totals
     19132        818       3692        104          0          0   ROM Totals

==============================================================================

    Total RO  Size (Code + RO Data)                22824 (  22.29kB)
    Total RW  Size (RW Data + ZI Data)              1216 (   1.19kB)
    Total ROM Size (Code + RO Data + RW Data)      22928 (  22.39kB)

==============================================================================

