Component: ARM Compiler 5.06 update 6 (build 750) Tool: armlink [4d35ed]

==============================================================================

Section Cross References

    startup_stm32f103xb.o(STACK) refers (Special) to heapauxi.o(.text) for __use_two_region_memory
    startup_stm32f103xb.o(HEAP) refers (Special) to heapauxi.o(.text) for __use_two_region_memory
    startup_stm32f103xb.o(RESET) refers (Special) to heapauxi.o(.text) for __use_two_region_memory
    startup_stm32f103xb.o(RESET) refers to startup_stm32f103xb.o(STACK) for __initial_sp
    startup_stm32f103xb.o(RESET) refers to startup_stm32f103xb.o(.text) for Reset_Handler
    startup_stm32f103xb.o(RESET) refers to stm32f1xx_it.o(i.NMI_Handler) for NMI_Handler
    startup_stm32f103xb.o(RESET) refers to stm32f1xx_it.o(i.HardFault_Handler) for HardFault_Handler
    startup_stm32f103xb.o(RESET) refers to stm32f1xx_it.o(i.MemManage_Handler) for MemManage_Handler
    startup_stm32f103xb.o(RESET) refers to stm32f1xx_it.o(i.BusFault_Handler) for BusFault_Handler
    startup_stm32f103xb.o(RESET) refers to stm32f1xx_it.o(i.UsageFault_Handler) for UsageFault_Handler
    startup_stm32f103xb.o(RESET) refers to stm32f1xx_it.o(i.SVC_Handler) for SVC_Handler
    startup_stm32f103xb.o(RESET) refers to stm32f1xx_it.o(i.DebugMon_Handler) for DebugMon_Handler
    startup_stm32f103xb.o(RESET) refers to stm32f1xx_it.o(i.PendSV_Handler) for PendSV_Handler
    startup_stm32f103xb.o(RESET) refers to stm32f1xx_it.o(i.SysTick_Handler) for SysTick_Handler
    startup_stm32f103xb.o(.text) refers (Special) to heapauxi.o(.text) for __use_two_region_memory
    startup_stm32f103xb.o(.text) refers to system_stm32f1xx.o(i.SystemInit) for SystemInit
    startup_stm32f103xb.o(.text) refers to __main.o(!!!main) for __main
    startup_stm32f103xb.o(.text) refers to startup_stm32f103xb.o(HEAP) for Heap_Mem
    startup_stm32f103xb.o(.text) refers to startup_stm32f103xb.o(STACK) for Stack_Mem
    stm32f1xx_it.o(i.SysTick_Handler) refers to stm32f1xx_hal.o(i.HAL_IncTick) for HAL_IncTick
    stm32f1xx_hal_msp.o(i.HAL_UART_MspDeInit) refers to stm32f1xx_hal_gpio.o(i.HAL_GPIO_DeInit) for HAL_GPIO_DeInit
    stm32f1xx_hal_msp.o(i.HAL_UART_MspInit) refers to stm32f1xx_hal_gpio.o(i.HAL_GPIO_Init) for HAL_GPIO_Init
    main.o(i._Z12MX_GPIO_Initv) refers to stm32f1xx_hal_gpio.o(i.HAL_GPIO_WritePin) for HAL_GPIO_WritePin
    main.o(i._Z12MX_GPIO_Initv) refers to stm32f1xx_hal_gpio.o(i.HAL_GPIO_Init) for HAL_GPIO_Init
    main.o(i._Z18SystemClock_Configv) refers to rt_memclr_w.o(.text) for __aeabi_memclr4
    main.o(i._Z18SystemClock_Configv) refers to stm32f1xx_hal_rcc.o(i.HAL_RCC_OscConfig) for HAL_RCC_OscConfig
    main.o(i._Z18SystemClock_Configv) refers to main.o(i.Error_Handler) for Error_Handler
    main.o(i._Z18SystemClock_Configv) refers to stm32f1xx_hal_rcc.o(i.HAL_RCC_ClockConfig) for HAL_RCC_ClockConfig
    main.o(i._Z19MX_USART1_UART_Initv) refers to stm32f1xx_hal_uart.o(i.HAL_UART_Init) for HAL_UART_Init
    main.o(i._Z19MX_USART1_UART_Initv) refers to main.o(i.Error_Handler) for Error_Handler
    main.o(i._Z19MX_USART1_UART_Initv) refers to main.o(.bss) for huart1
    main.o(i.main) refers to stm32f1xx_hal.o(i.HAL_Init) for HAL_Init
    main.o(i.main) refers to main.o(i._Z18SystemClock_Configv) for SystemClock_Config()
    main.o(i.main) refers to main.o(i._Z12MX_GPIO_Initv) for MX_GPIO_Init()
    main.o(i.main) refers to main.o(i._Z19MX_USART1_UART_Initv) for MX_USART1_UART_Init()
    main.o(i.main) refers to mpu6050.o(i.MPU_Init) for MPU_Init
    main.o(i.main) refers to inv_mpu.o(i.mpu_dmp_init) for mpu_dmp_init
    main.o(i.main) refers to 8x8led.o(i.GC7219_INIT) for GC7219_INIT
    main.o(i.main) refers to animation.o(i._ZN9LEDMatrixC1Ev) for LEDMatrix::LEDMatrix()
    main.o(i.main) refers to inv_mpu.o(i.mpu_dmp_get_data) for mpu_dmp_get_data
    main.o(i.main) refers to stm32f1xx_hal_gpio.o(i.HAL_GPIO_TogglePin) for HAL_GPIO_TogglePin
    main.o(i.main) refers to stm32f1xx_hal.o(i.HAL_Delay) for HAL_Delay
    main.o(i.main) refers to animation.o(i._ZN9LEDMatrix6setLEDEii) for LEDMatrix::setLED(int, int)
    main.o(i.main) refers to animation.o(i._ZN9LEDMatrix7refreshEv) for LEDMatrix::refresh()
    main.o(i.main) refers to main.o(.data) for yaw
    main.o(.ARM.exidx) refers to main.o(i.Error_Handler) for i.Error_Handler
    main.o(.ARM.exidx) refers to main.o(i._Z19MX_USART1_UART_Initv) for i._Z19MX_USART1_UART_Initv
    main.o(.ARM.exidx) refers to main.o(i._Z12MX_GPIO_Initv) for i._Z12MX_GPIO_Initv
    main.o(.ARM.exidx) refers to main.o(i._Z18SystemClock_Configv) for i._Z18SystemClock_Configv
    main.o(.ARM.exidx) refers to main.o(i.main) for i.main
    iic.o(i.IIC_Ack) refers to stm32f1xx_hal_gpio.o(i.HAL_GPIO_WritePin) for HAL_GPIO_WritePin
    iic.o(i.IIC_Ack) refers to iic.o(i.IIC_Delay) for IIC_Delay
    iic.o(i.IIC_CheckDevice) refers to iic.o(i.IIC_GPIO_Init) for IIC_GPIO_Init
    iic.o(i.IIC_CheckDevice) refers to iic.o(i.IIC_Start) for IIC_Start
[...]
    ..\Drivers\STM32F1xx_HAL_Driver\Src\stm32f1xx_hal_rcc.c 0x00000000   Number         0  stm32f1xx_hal_rcc.o ABSOLUTE
    ..\Drivers\STM32F1xx_HAL_Driver\Src\stm32f1xx_hal_rcc_ex.c 0x00000000   Number         0  stm32f1xx_hal_rcc_ex.o ABSOLUTE
    ..\Drivers\STM32F1xx_HAL_Driver\Src\stm32f1xx_hal_tim.c 0x00000000   Number         0  stm32f1xx_hal_tim.o ABSOLUTE
    ..\Drivers\STM32F1xx_HAL_Driver\Src\stm32f1xx_hal_tim_ex.c 0x00000000   Number         0  stm32f1xx_hal_tim_ex.o ABSOLUTE
    ..\Drivers\STM32F1xx_HAL_Driver\Src\stm32f1xx_hal_uart.c 0x00000000   Number         0  stm32f1xx_hal_uart.o ABSOLUTE
    ..\\Core\\Src\\main.cpp                  0x00000000   Number         0  main.o ABSOLUTE
    ..\\Drivers\\BSP\\Src\\8x8led.c          0x00000000   Number         0  8x8led.o ABSOLUTE
    ..\\Drivers\\BSP\\Src\\Animation.cpp     0x00000000   Number         0  animation.o ABSOLUTE
    ..\\Drivers\\BSP\\Src\\IIC.c             0x00000000   Number         0  iic.o ABSOLUTE
    ..\\Drivers\\BSP\\Src\\inv_mpu.c         0x00000000   Number         0  inv_mpu.o ABSOLUTE
    ..\\Drivers\\BSP\\Src\\inv_mpu_dmp_motion_driver.c 0x00000000   Number         0  inv_mpu_dmp_motion_driver.o ABSOLUTE
    ..\\Drivers\\BSP\\Src\\mpu6050.c         0x00000000   Number         0  mpu6050.o ABSOLUTE
    dc.s                                     0x00000000   Number         0  dc.o ABSOLUTE
    startup_stm32f103xb.s                    0x00000000   Number         0  startup_stm32f103xb.o ABSOLUTE
    RESET                                    0x08000000   Section      236  startup_stm32f103xb.o(RESET)
    !!!main                                  0x080000ec   Section        8  __main.o(!!!main)
    !!!scatter                               0x080000f4   Section       52  __scatter.o(!!!scatter)
    !!handler_copy                           0x08000128   Section       26  __scatter_copy.o(!!handler_copy)
    !!handler_zi                             0x08000144   Section       28  __scatter_zi.o(!!handler_zi)
    .ARM.Collect$$libinit$$00000000          0x08000160   Section        2  libinit.o(.ARM.Collect$$libinit$$00000000)
    .ARM.Collect$$libinit$$00000002          0x08000162   Section        0  libinit2.o(.ARM.Collect$$libinit$$00000002)
    .ARM.Collect$$libinit$$00000004          0x08000162   Section        0  libinit2.o(.ARM.Collect$$libinit$$00000004)
    .ARM.Collect$$libinit$$0000000A          0x08000162   Section        0  libinit2.o(.ARM.Collect$$libinit$$0000000A)
    .ARM.Collect$$libinit$$0000000C          0x08000162   Section        0  libinit2.o(.ARM.Collect$$libinit$$0000000C)
    .ARM.Collect$$libinit$$0000000E          0x08000162   Section        0  libinit2.o(.ARM.Collect$$libinit$$0000000E)
    .ARM.Collect$$libinit$$00000011          0x08000162   Section        0  libinit2.o(.ARM.Collect$$libinit$$00000011)
    .ARM.Collect$$libinit$$00000013          0x08000162   Section        0  libinit2.o(.ARM.Collect$$libinit$$00000013)
    .ARM.Collect$$libinit$$00000015          0x08000162   Section        0  libinit2.o(.ARM.Collect$$libinit$$00000015)
    .ARM.Collect$$libinit$$00000017          0x08000162   Section        0  libinit2.o(.ARM.Collect$$libinit$$00000017)
    .ARM.Collect$$libinit$$00000019          0x08000162   Section        0  libinit2.o(.ARM.Collect$$libinit$$00000019)
    .ARM.Collect$$libinit$$0000001B          0x08000162   Section        0  libinit2.o(.ARM.Collect$$libinit$$0000001B)
    .ARM.Collect$$libinit$$0000001D          0x08000162   Section        0  libinit2.o(.ARM.Collect$$libinit$$0000001D)
    .ARM.Collect$$libinit$$0000001F          0x08000162   Section        0  libinit2.o(.ARM.Collect$$libinit$$0000001F)
    .ARM.Collect$$libinit$$00000021          0x08000162   Section        0  libinit2.o(.ARM.Collect$$libinit$$00000021)
    .ARM.Collect$$libinit$$00000023          0x08000162   Section        0  libinit2.o(.ARM.Collect$$libinit$$00000023)
    .ARM.Collect$$libinit$$00000025          0x08000162   Section        0  libinit2.o(.ARM.Collect$$libinit$$00000025)
    .ARM.Collect$$libinit$$0000002C          0x08000162   Section        0  libinit2.o(.ARM.Collect$$libinit$$0000002C)
    .ARM.Collect$$libinit$$0000002E          0x08000162   Section        0  libinit2.o(.ARM.Collect$$libinit$$0000002E)
    .ARM.Collect$$libinit$$00000030          0x08000162   Section        0  libinit2.o(.ARM.Collect$$libinit$$00000030)
    .ARM.Collect$$libinit$$00000032          0x08000162   Section        0  libinit2.o(.ARM.Collect$$libinit$$00000032)
    .ARM.Collect$$libinit$$00000033          0x08000162   Section        2  libinit2.o(.ARM.Collect$$libinit$$00000033)
    .ARM.Collect$$libshutdown$$00000000      0x08000164   Section        2  libshutdown.o(.ARM.Collect$$libshutdown$$00000000)
    .ARM.Collect$$libshutdown$$00000002      0x08000166   Section        0  libshutdown2.o(.ARM.Collect$$libshutdown$$00000002)
    .ARM.Collect$$libshutdown$$00000004      0x08000166   Section        0  libshutdown2.o(.ARM.Collect$$libshutdown$$00000004)
    .ARM.Collect$$libshutdown$$00000007      0x08000166   Section        0  libshutdown2.o(.ARM.Collect$$libshutdown$$00000007)
    .ARM.Collect$$libshutdown$$0000000A      0x08000166   Section        0  libshutdown2.o(.ARM.Collect$$libshutdown$$0000000A)
    .ARM.Collect$$libshutdown$$0000000C      0x08000166   Section        0  libshutdown2.o(.ARM.Collect$$libshutdown$$0000000C)
    .ARM.Collect$$libshutdown$$0000000F      0x08000166   Section        0  libshutdown2.o(.ARM.Collect$$libshutdown$$0000000F)
    .ARM.Collect$$libshutdown$$00000010      0x08000166   Section        2  libshutdown2.o(.ARM.Collect$$libshutdown$$00000010)
    .ARM.Collect$$rtentry$$00000000          0x08000168   Section        0  __rtentry.o(.ARM.Collect$$rtentry$$00000000)
    .ARM.Collect$$rtentry$$00000002          0x08000168   Section        0  __rtentry2.o(.ARM.Collect$$rtentry$$00000002)
    .ARM.Collect$$rtentry$$00000004          0x08000168   Section        6  __rtentry4.o(.ARM.Collect$$rtentry$$00000004)
    .ARM.Collect$$rtentry$$00000009          0x0800016e   Section        0  __rtentry2.o(.ARM.Collect$$rtentry$$00000009)
    .ARM.Collect$$rtentry$$0000000A          0x0800016e   Section        4  __rtentry2.o(.ARM.Collect$$rtentry$$0000000A)
    .ARM.Collect$$rtentry$$0000000C          0x08000172   Section        0  __rtentry2.o(.ARM.Collect$$rtentry$$0000000C)
    .ARM.Collect$$rtentry$$0000000D          0x08000172   Section        8  __rtentry2.o(.ARM.Collect$$rtentry$$0000000D)
    .ARM.Collect$$rtexit$$00000000           0x0800017a   Section        2  rtexit.o(.ARM.Collect$$rtexit$$00000000)
    .ARM.Collect$$rtexit$$00000002           0x0800017c   Section        0  rtexit2.o(.ARM.Collect$$rtexit$$00000002)
    .ARM.Collect$$rtexit$$00000003           0x0800017c   Section        4  rtexit2.o(.ARM.Collect$$rtexit$$00000003)
    .ARM.Collect$$rtexit$$00000004           0x08000180   Section        6  rtexit2.o(.ARM.Collect$$rtexit$$00000004)
    .text                                    0x08000188   Section       64  startup_stm32f103xb.o(.text)
    .text                                    0x080001c8   Section        0  memcmp.o(.text)
    .text                                    0x08000220   Section       16  aeabi_memset.o(.text)
    .text                                    0x08000230   Section       78  rt_memclr_w.o(.text)
    .text                                    0x0800027e   Section        0  heapauxi.o(.text)
    .text                                    0x08000284   Section        0  _rserrno.o(.text)
    .text                                    0x0800029a   Section       68  rt_memclr.o(.text)
    .text                                    0x080002e0   Section        8  rt_errno_addr_intlibspace.o(.text)
    .text                                    0x080002e8   Section        8  libspace.o(.text)
    .text                                    0x080002f0   Section       74  sys_stackheap_outer.o(.text)
    .text                                    0x0800033a   Section        0  exit.o(.text)
    .text                                    0x0800034c   Section        0  sys_exit.o(.text)
    .text                                    0x08000358   Section        2  use_no_semi.o(.text)
    .text                                    0x0800035a   Section        0  indicate_semi.o(.text)
    i.BusFault_Handler                       0x0800035a   Section        0  stm32f1xx_it.o(i.BusFault_Handler)
    i.DebugMon_Handler                       0x0800035e   Section        0  stm32f1xx_it.o(i.DebugMon_Handler)
    i.Error_Handler                          0x08000360   Section        0  main.o(i.Error_Handler)
    i.GC7219_INIT                            0x08000366   Section        0  8x8led.o(i.GC7219_INIT)
    i.GC7219_Write_Command                   0x08000394   Section        0  8x8led.o(i.GC7219_Write_Command)
    i.GC7219_Write_byte                      0x080003c0   Section        0  8x8led.o(i.GC7219_Write_byte)
    i.HAL_Delay                              0x0800040c   Section        0  stm32f1xx_hal.o(i.HAL_Delay)
    i.HAL_GPIO_Init                          0x08000434   Section        0  stm32f1xx_hal_gpio.o(i.HAL_GPIO_Init)
    i.HAL_GPIO_ReadPin                       0x08000754   Section        0  stm32f1xx_hal_gpio.o(i.HAL_GPIO_ReadPin)
    i.HAL_GPIO_TogglePin                     0x08000764   Section        0  stm32f1xx_hal_gpio.o(i.HAL_GPIO_TogglePin)
    i.HAL_GPIO_WritePin                      0x08000778   Section        0  stm32f1xx_hal_gpio.o(i.HAL_GPIO_WritePin)
    i.HAL_GetTick                            0x08000784   Section        0  stm32f1xx_hal.o(i.HAL_GetTick)
    i.HAL_IncTick                            0x08000790   Section        0  stm32f1xx_hal.o(i.HAL_IncTick)
    i.HAL_Init                               0x080007a8   Section        0  stm32f1xx_hal.o(i.HAL_Init)
    i.HAL_InitTick                           0x080007d0   Section        0  stm32f1xx_hal.o(i.HAL_InitTick)
    i.HAL_MspInit                            0x0800081c   Section        0  stm32f1xx_hal_msp.o(i.HAL_MspInit)
    i.HAL_NVIC_SetPriority                   0x08000870   Section        0  stm32f1xx_hal_cortex.o(i.HAL_NVIC_SetPriority)
    i.HAL_NVIC_SetPriorityGrouping           0x080008ec   Section        0  stm32f1xx_hal_cortex.o(i.HAL_NVIC_SetPriorityGrouping)
    i.HAL_RCC_ClockConfig                    0x08000914   Section        0  stm32f1xx_hal_rcc.o(i.HAL_RCC_ClockConfig)
    i.HAL_RCC_GetHCLKFreq                    0x08000aa0   Section        0  stm32f1xx_hal_rcc.o(i.HAL_RCC_GetHCLKFreq)
    i.HAL_RCC_GetPCLK1Freq                   0x08000aac   Section        0  stm32f1xx_hal_rcc.o(i.HAL_RCC_GetPCLK1Freq)
    i.HAL_RCC_GetPCLK2Freq                   0x08000acc   Section        0  stm32f1xx_hal_rcc.o(i.HAL_RCC_GetPCLK2Freq)
    i.HAL_RCC_GetSysClockFreq                0x08000aec   Section        0  stm32f1xx_hal_rcc.o(i.HAL_RCC_GetSysClockFreq)
    i.HAL_RCC_OscConfig                      0x08000b5c   Section        0  stm32f1xx_hal_rcc.o(i.HAL_RCC_OscConfig)
    i.HAL_SYSTICK_Config                     0x08000fc0   Section        0  stm32f1xx_hal_cortex.o(i.HAL_SYSTICK_Config)
    i.HAL_UART_Init                          0x08000ff4   Section        0  stm32f1xx_hal_uart.o(i.HAL_UART_Init)
    i.HAL_UART_MspInit                       0x0800106c   Section        0  stm32f1xx_hal_msp.o(i.HAL_UART_MspInit)
    i.HardFault_Handler                      0x080010f4   Section        0  stm32f1xx_it.o(i.HardFault_Handler)
    i.IIC_Ack                                0x080010f8   Section        0  iic.o(i.IIC_Ack)
    i.IIC_Delay                              0x08001138   Section        0  iic.o(i.IIC_Delay)
    IIC_Delay                                0x08001139   Thumb Code    14  iic.o(i.IIC_Delay)
    i.IIC_GPIO_Init                          0x08001148   Section        0  iic.o(i.IIC_GPIO_Init)
    i.IIC_NAck                               0x08001190   Section        0  iic.o(i.IIC_NAck)
    i.IIC_Read_Byte                          0x080011c4   Section        0  iic.o(i.IIC_Read_Byte)
    i.IIC_Send_Byte                          0x0800121c   Section        0  iic.o(i.IIC_Send_Byte)
    i.IIC_Start                              0x08001284   Section        0  iic.o(i.IIC_Start)
    i.IIC_Stop                               0x080012c4   Section        0  iic.o(i.IIC_Stop)
    i.IIC_Wait_Ack                           0x080012f0   Section        0  iic.o(i.IIC_Wait_Ack)
    i.MPU_Init                               0x08001338   Section        0  mpu6050.o(i.MPU_Init)
    i.MPU_Read_Byte                          0x080013b2   Section        0  mpu6050.o(i.MPU_Read_Byte)
    i.MPU_Read_Len                           0x080013ec   Section        0  mpu6050.o(i.MPU_Read_Len)
    i.MPU_Set_Accel_Fsr                      0x08001460   Section        0  mpu6050.o(i.MPU_Set_Accel_Fsr)
    i.MPU_Set_Gyro_Fsr                       0x08001470   Section        0  mpu6050.o(i.MPU_Set_Gyro_Fsr)
    i.MPU_Set_LPF                            0x08001480   Section        0  mpu6050.o(i.MPU_Set_LPF)
    i.MPU_Set_Rate                           0x080014ba   Section        0  mpu6050.o(i.MPU_Set_Rate)
    i.MPU_Write_Byte                         0x080014f4   Section        0  mpu6050.o(i.MPU_Write_Byte)
    i.MPU_Write_Len                          0x08001538   Section        0  mpu6050.o(i.MPU_Write_Len)
    i.MemManage_Handler                      0x08001598   Section        0  stm32f1xx_it.o(i.MemManage_Handler)
    i.NMI_Handler                            0x0800159c   Section        0  stm32f1xx_it.o(i.NMI_Handler)
    i.PendSV_Handler                         0x080015a0   Section        0  stm32f1xx_it.o(i.PendSV_Handler)
    i.RCC_Delay                              0x080015a4   Section        0  stm32f1xx_hal_rcc.o(i.RCC_Delay)
    RCC_Delay                                0x080015a5   Thumb Code    36  stm32f1xx_hal_rcc.o(i.RCC_Delay)
    i.SVC_Handler                            0x080015cc   Section        0  stm32f1xx_it.o(i.SVC_Handler)
    i.SysTick_Handler                        0x080015ce   Section        0  stm32f1xx_it.o(i.SysTick_Handler)
    i.SystemInit                             0x080015d6   Section        0  system_stm32f1xx.o(i.SystemInit)
    i.UART_SetConfig                         0x080015d8   Section        0  stm32f1xx_hal_uart.o(i.UART_SetConfig)
    UART_SetConfig                           0x080015d9   Thumb Code   248  stm32f1xx_hal_uart.o(i.UART_SetConfig)
    i.UsageFault_Handler                     0x080016d4   Section        0  stm32f1xx_it.o(i.UsageFault_Handler)
    i._Z12MX_GPIO_Initv                      0x080016d8   Section        0  main.o(i._Z12MX_GPIO_Initv)
    MX_GPIO_Init()                           0x080016d9   Thumb Code   236  main.o(i._Z12MX_GPIO_Initv)
    i._Z18SystemClock_Configv                0x080017d4   Section        0  main.o(i._Z18SystemClock_Configv)
    i._Z19MX_USART1_UART_Initv               0x0800183c   Section        0  main.o(i._Z19MX_USART1_UART_Initv)
    MX_USART1_UART_Init()                    0x0800183d   Thumb Code    46  main.o(i._Z19MX_USART1_UART_Initv)
    i._ZN9LEDMatrix5clearEv                  0x08001874   Section        0  animation.o(i._ZN9LEDMatrix5clearEv)
    i._ZN9LEDMatrix6setLEDEii                0x08001886   Section        0  animation.o(i._ZN9LEDMatrix6setLEDEii)
    i._ZN9LEDMatrix7refreshEv                0x080018a8   Section        0  animation.o(i._ZN9LEDMatrix7refreshEv)
    i._ZN9LEDMatrixC1Ev                      0x080018c2   Section        0  animation.o(i._ZN9LEDMatrixC1Ev)
    i.__ARM_fpclassify                       0x080018d0   Section        0  fpclassify.o(i.__ARM_fpclassify)
    i.__NVIC_GetPriorityGrouping             0x080018f8   Section        0  stm32f1xx_hal_cortex.o(i.__NVIC_GetPriorityGrouping)
    __NVIC_GetPriorityGrouping               0x080018f9   Thumb Code    10  stm32f1xx_hal_cortex.o(i.__NVIC_GetPriorityGrouping)
    i.__NVIC_SetPriority                     0x08001908   Section        0  stm32f1xx_hal_cortex.o(i.__NVIC_SetPriority)
    __NVIC_SetPriority                       0x08001909   Thumb Code    32  stm32f1xx_hal_cortex.o(i.__NVIC_SetPriority)
    i.__kernel_poly                          0x08001930   Section        0  poly.o(i.__kernel_poly)
    i.__mathlib_dbl_infnan                   0x080019da   Section        0  dunder.o(i.__mathlib_dbl_infnan)
    i.__mathlib_dbl_infnan2                  0x080019e0   Section        0  dunder.o(i.__mathlib_dbl_infnan2)
    i.__mathlib_dbl_invalid                  0x080019e4   Section        0  dunder.o(i.__mathlib_dbl_invalid)
    i.__mathlib_dbl_underflow                0x080019f0   Section        0  dunder.o(i.__mathlib_dbl_underflow)
    i.asin                                   0x08001a00   Section        0  asin.o(i.asin)
    i.atan                                   0x08001c70   Section        0  atan.o(i.atan)
    i.atan2                                  0x08001e90   Section        0  atan2.o(i.atan2)
    i.decode_gesture                         0x08002010   Section        0  inv_mpu_dmp_motion_driver.o(i.decode_gesture)
    decode_gesture                           0x08002011   Thumb Code    94  inv_mpu_dmp_motion_driver.o(i.decode_gesture)
    i.dmp_enable_6x_lp_quat                  0x08002074   Section        0  inv_mpu_dmp_motion_driver.o(i.dmp_enable_6x_lp_quat)
    i.dmp_enable_feature                     0x080020b0   Section        0  inv_mpu_dmp_motion_driver.o(i.dmp_enable_feature)
    i.dmp_enable_gyro_cal                    0x080022cc   Section        0  inv_mpu_dmp_motion_driver.o(i.dmp_enable_gyro_cal)
    i.dmp_enable_lp_quat                     0x08002324   Section        0  inv_mpu_dmp_motion_driver.o(i.dmp_enable_lp_quat)
    i.dmp_load_motion_driver_firmware        0x08002360   Section        0  inv_mpu_dmp_motion_driver.o(i.dmp_load_motion_driver_firmware)
    i.dmp_read_fifo                          0x08002378   Section        0  inv_mpu_dmp_motion_driver.o(i.dmp_read_fifo)
    i.dmp_set_fifo_rate                      0x08002544   Section        0  inv_mpu_dmp_motion_driver.o(i.dmp_set_fifo_rate)
    i.dmp_set_orientation                    0x080025b4   Section        0  inv_mpu_dmp_motion_driver.o(i.dmp_set_orientation)
    i.dmp_set_shake_reject_thresh            0x080026ec   Section        0  inv_mpu_dmp_motion_driver.o(i.dmp_set_shake_reject_thresh)
    i.dmp_set_shake_reject_time              0x08002724   Section        0  inv_mpu_dmp_motion_driver.o(i.dmp_set_shake_reject_time)
    i.dmp_set_shake_reject_timeout           0x0800274a   Section        0  inv_mpu_dmp_motion_driver.o(i.dmp_set_shake_reject_timeout)
    i.dmp_set_tap_axes                       0x08002770   Section        0  inv_mpu_dmp_motion_driver.o(i.dmp_set_tap_axes)
    i.dmp_set_tap_count                      0x080027b6   Section        0  inv_mpu_dmp_motion_driver.o(i.dmp_set_tap_count)
    i.dmp_set_tap_thresh                     0x080027dc   Section        0  inv_mpu_dmp_motion_driver.o(i.dmp_set_tap_thresh)
    i.dmp_set_tap_time                       0x0800297c   Section        0  inv_mpu_dmp_motion_driver.o(i.dmp_set_tap_time)
    i.dmp_set_tap_time_multi                 0x080029a2   Section        0  inv_mpu_dmp_motion_driver.o(i.dmp_set_tap_time_multi)
    i.inv_orientation_matrix_to_scalar       0x080029c8   Section        0  inv_mpu.o(i.inv_orientation_matrix_to_scalar)
    i.inv_row_2_scale                        0x080029f0   Section        0  inv_mpu.o(i.inv_row_2_scale)
    i.main                                   0x08002a40   Section        0  main.o(i.main)
    i.mget_ms                                0x08002aac   Section        0  inv_mpu.o(i.mget_ms)
    i.mpu_configure_fifo                     0x08002ab0   Section        0  inv_mpu.o(i.mpu_configure_fifo)
    i.mpu_dmp_get_data                       0x08002b20   Section        0  inv_mpu.o(i.mpu_dmp_get_data)
    i.mpu_dmp_init                           0x08002d44   Section        0  inv_mpu.o(i.mpu_dmp_init)
    i.mpu_get_accel_fsr                      0x08002dd8   Section        0  inv_mpu.o(i.mpu_get_accel_fsr)
    i.mpu_init                               0x08002e24   Section        0  inv_mpu.o(i.mpu_init)
    i.mpu_load_firmware                      0x08002fb4   Section        0  inv_mpu.o(i.mpu_load_firmware)
    i.mpu_lp_accel_mode                      0x0800306c   Section        0  inv_mpu.o(i.mpu_lp_accel_mode)
    i.mpu_read_fifo_stream                   0x0800314c   Section        0  inv_mpu.o(i.mpu_read_fifo_stream)
    i.mpu_read_mem                           0x0800320c   Section        0  inv_mpu.o(i.mpu_read_mem)
    i.mpu_reset_fifo                         0x0800328c   Section        0  inv_mpu.o(i.mpu_reset_fifo)
    i.mpu_set_accel_fsr                      0x08003454   Section        0  inv_mpu.o(i.mpu_set_accel_fsr)
    i.mpu_set_bypass                         0x080034d8   Section        0  inv_mpu.o(i.mpu_set_bypass)
    i.mpu_set_dmp_state                      0x08003624   Section        0  inv_mpu.o(i.mpu_set_dmp_state)
    i.mpu_set_gyro_fsr                       0x080036b4   Section        0  inv_mpu.o(i.mpu_set_gyro_fsr)
    i.mpu_set_int_latched                    0x0800373c   Section        0  inv_mpu.o(i.mpu_set_int_latched)
    i.mpu_set_lpf                            0x080037a8   Section        0  inv_mpu.o(i.mpu_set_lpf)
    i.mpu_set_sample_rate                    0x0800382c   Section        0  inv_mpu.o(i.mpu_set_sample_rate)
    i.mpu_set_sensors                        0x080038c8   Section        0  inv_mpu.o(i.mpu_set_sensors)
    i.mpu_write_mem                          0x08003998   Section        0  inv_mpu.o(i.mpu_write_mem)
    i.set_int_enable                         0x08003a18   Section        0  inv_mpu.o(i.set_int_enable)
    set_int_enable                           0x08003a19   Thumb Code   138  inv_mpu.o(i.set_int_enable)
    i.sqrt                                   0x08003aa8   Section        0  sqrt.o(i.sqrt)
    x$fpl$d2f                                0x08003af4   Section       98  d2f.o(x$fpl$d2f)
    x$fpl$dadd                               0x08003b58   Section      336  daddsub_clz.o(x$fpl$dadd)
    _dadd1                                   0x08003b69   Thumb Code     0  daddsub_clz.o(x$fpl$dadd)
    x$fpl$dcheck1                            0x08003ca8   Section       16  dcheck1.o(x$fpl$dcheck1)
    x$fpl$ddiv                               0x08003cb8   Section      688  ddiv.o(x$fpl$ddiv)
    ddiv_entry                               0x08003cbf   Thumb Code     0  ddiv.o(x$fpl$ddiv)
    x$fpl$dmul                               0x08003f68   Section      340  dmul.o(x$fpl$dmul)
    x$fpl$dnaninf                            0x080040bc   Section      156  dnaninf.o(x$fpl$dnaninf)
    x$fpl$dretinf                            0x08004158   Section       12  dretinf.o(x$fpl$dretinf)
    x$fpl$drsb                               0x08004164   Section       22  daddsub_clz.o(x$fpl$drsb)
    x$fpl$dsqrt                              0x0800417c   Section      460  dsqrt_noumaal.o(x$fpl$dsqrt)
    x$fpl$dsub                               0x08004348   Section      468  daddsub_clz.o(x$fpl$dsub)
    _dsub1                                   0x08004359   Thumb Code     0  daddsub_clz.o(x$fpl$dsub)
    x$fpl$f2d                                0x0800451c   Section       86  f2d.o(x$fpl$f2d)
    x$fpl$fadd                               0x08004574   Section      196  faddsub_clz.o(x$fpl$fadd)
    _fadd1                                   0x08004583   Thumb Code     0  faddsub_clz.o(x$fpl$fadd)
    x$fpl$fdiv                               0x08004638   Section      388  fdiv.o(x$fpl$fdiv)
    _fdiv1                                   0x08004639   Thumb Code     0  fdiv.o(x$fpl$fdiv)
    x$fpl$ffixu                              0x080047bc   Section       62  ffixu.o(x$fpl$ffixu)
    x$fpl$fflt                               0x080047fc   Section       48  fflt_clz.o(x$fpl$fflt)
    x$fpl$ffltu                              0x0800482c   Section       38  fflt_clz.o(x$fpl$ffltu)
    x$fpl$fmul                               0x08004854   Section      258  fmul.o(x$fpl$fmul)
    x$fpl$fnaninf                            0x08004956   Section      140  fnaninf.o(x$fpl$fnaninf)
    x$fpl$fretinf                            0x080049e2   Section       10  fretinf.o(x$fpl$fretinf)
    x$fpl$fsub                               0x080049ec   Section      234  faddsub_clz.o(x$fpl$fsub)
    _fsub1                                   0x080049fb   Thumb Code     0  faddsub_clz.o(x$fpl$fsub)
    x$fpl$retnan                             0x08004ad6   Section      100  retnan.o(x$fpl$retnan)
    x$fpl$scalbn                             0x08004b3a   Section       92  scalbn.o(x$fpl$scalbn)
    x$fpl$trapveneer                         0x08004b96   Section       48  trapv.o(x$fpl$trapveneer)
    x$fpl$usenofp                            0x08004bc6   Section        0  usenofp.o(x$fpl$usenofp)
    .constdata                               0x08004bc8   Section       80  inv_mpu.o(.constdata)
    .constdata                               0x08004c18   Section     3062  inv_mpu_dmp_motion_driver.o(.constdata)
    dmp_memory                               0x08004c18   Data        3062  inv_mpu_dmp_motion_driver.o(.constdata)
    .constdata                               0x0800580e   Section       18  stm32f1xx_hal_rcc.o(.constdata)
    aPLLMULFactorTable                       0x0800580e   Data          16  stm32f1xx_hal_rcc.o(.constdata)
    aPredivFactorTable                       0x0800581e   Data           2  stm32f1xx_hal_rcc.o(.constdata)
    .constdata                               0x08005820   Section       24  system_stm32f1xx.o(.constdata)
    .constdata                               0x08005838   Section       80  asin.o(.constdata)
    pS                                       0x08005838   Data          48  asin.o(.constdata)
    qS                                       0x08005868   Data          32  asin.o(.constdata)
    .constdata                               0x08005888   Section      152  atan.o(.constdata)
    atanhi                                   0x08005888   Data          32  atan.o(.constdata)
    atanlo                                   0x080058a8   Data          32  atan.o(.constdata)
    aTodd                                    0x080058c8   Data          40  atan.o(.constdata)
    aTeven                                   0x080058f0   Data          48  atan.o(.constdata)
    .constdata                               0x08005920   Section        8  qnan.o(.constdata)
    .data                                    0x20000000   Section       24  main.o(.data)
    .data                                    0x20000018   Section       53  inv_mpu.o(.data)
    st                                       0x20000018   Data          44  inv_mpu.o(.data)
    gyro_orientation                         0x20000044   Data           9  inv_mpu.o(.data)
    .data                                    0x20000050   Section        9  stm32f1xx_hal.o(.data)
    .data                                    0x2000005c   Section        4  system_stm32f1xx.o(.data)
    .bss                                     0x20000060   Section       72  main.o(.bss)
    .bss                                     0x200000a8   Section       16  inv_mpu_dmp_motion_driver.o(.bss)
    dmp                                      0x200000a8   Data          16  inv_mpu_dmp_motion_driver.o(.bss)
    .bss                                     0x200000b8   Section       96  libspace.o(.bss)
    HEAP                                     0x20000118   Section      512  startup_stm32f103xb.o(HEAP)
    Heap_Mem                                 0x20000118   Data         512  startup_stm32f103xb.o(HEAP)
    STACK                                    0x20000318   Section     1024  startup_stm32f103xb.o(STACK)
    Stack_Mem                                0x20000318   Data        1024  startup_stm32f103xb.o(STACK)
    __initial_sp                             0x20000718   Data           0  startup_stm32f103xb.o(STACK)

    Global Symbols

    Symbol Name                              Value     Ov Type        Size  Object(Section)

    BuildAttributes$$THM_ISAv4$P$D$K$B$S$PE$A:L22UL41UL21$X:L11$S22US41US21$IEEE1$IW$USESV6$~STKCKD$USESV7$~SHL$OTIME$ROPI$IEEEX$EBA8$UX$STANDARDLIB$REQ8$PRES8$EABIv2 0x00000000   Number         0  anon$$obj.o ABSOLUTE
    __ARM_use_no_argv                        0x00000000   Number         0  main.o ABSOLUTE
    __ARM_exceptions_init                     - Undefined Weak Reference
    __alloca_initialize                       - Undefined Weak Reference
    __arm_preinit_                            - Undefined Weak Reference
    __cpp_initialize__aeabi_                  - Undefined Weak Reference
    __cxa_finalize                            - Undefined Weak Reference
    __rt_locale                               - Undefined Weak Reference
    __sigvec_lookup                           - Undefined Weak Reference
    _atexit_init                              - Undefined Weak Reference
    _call_atexit_fns                          - Undefined Weak Reference
    _clock_init                               - Undefined Weak Reference
    _fp_trap_init                             - Undefined Weak Reference
    _fp_trap_shutdown                         - Undefined Weak Reference
    _get_lc_collate                           - Undefined Weak Reference
    _get_lc_ctype                             - Undefined Weak Reference
    _get_lc_monetary                          - Undefined Weak Reference
    _get_lc_numeric                           - Undefined Weak Reference
    _get_lc_time                              - Undefined Weak Reference
    _getenv_init                              - Undefined Weak Reference
    _handle_redirection                       - Undefined Weak Reference
    _init_alloc                               - Undefined Weak Reference
    _init_user_alloc                          - Undefined Weak Reference
    _initio                                   - Undefined Weak Reference
    _rand_init                                - Undefined Weak Reference
    _signal_finish                            - Undefined Weak Reference
    _signal_init                              - Undefined Weak Reference
    _terminate_alloc                          - Undefined Weak Reference
    _terminate_user_alloc                     - Undefined Weak Reference
    _terminateio                              - Undefined Weak Reference
    __Vectors_Size                           0x000000ec   Number         0  startup_stm32f103xb.o ABSOLUTE
    __Vectors                                0x08000000   Data           4  startup_stm32f103xb.o(RESET)
    __Vectors_End                            0x080000ec   Data           0  startup_stm32f103xb.o(RESET)
    __main                                   0x080000ed   Thumb Code     8  __main.o(!!!main)
    __scatterload                            0x080000f5   Thumb Code     0  __scatter.o(!!!scatter)
    __scatterload_rt2                        0x080000f5   Thumb Code    44  __scatter.o(!!!scatter)
    __scatterload_rt2_thumb_only             0x080000f5   Thumb Code     0  __scatter.o(!!!scatter)
    __scatterload_null                       0x08000103   Thumb Code     0  __scatter.o(!!!scatter)
    __scatterload_copy                       0x08000129   Thumb Code    26  __scatter_copy.o(!!handler_copy)
    __scatterload_zeroinit                   0x08000145   Thumb Code    28  __scatter_zi.o(!!handler_zi)
    __rt_lib_init                            0x08000161   Thumb Code     0  libinit.o(.ARM.Collect$$libinit$$00000000)
    __rt_lib_init_alloca_1                   0x08000163   Thumb Code     0  libinit2.o(.ARM.Collect$$libinit$$0000002E)
    __rt_lib_init_argv_1                     0x08000163   Thumb Code     0  libinit2.o(.ARM.Collect$$libinit$$0000002C)
    __rt_lib_init_atexit_1                   0x08000163   Thumb Code     0  libinit2.o(.ARM.Collect$$libinit$$0000001B)
    __rt_lib_init_clock_1                    0x08000163   Thumb Code     0  libinit2.o(.ARM.Collect$$libinit$$00000021)
    __rt_lib_init_cpp_1                      0x08000163   Thumb Code     0  libinit2.o(.ARM.Collect$$libinit$$00000032)
    __rt_lib_init_exceptions_1               0x08000163   Thumb Code     0  libinit2.o(.ARM.Collect$$libinit$$00000030)
    __rt_lib_init_fp_1                       0x08000163   Thumb Code     0  libinit2.o(.ARM.Collect$$libinit$$00000002)
    __rt_lib_init_fp_trap_1                  0x08000163   Thumb Code     0  libinit2.o(.ARM.Collect$$libinit$$0000001F)
    __rt_lib_init_getenv_1                   0x08000163   Thumb Code     0  libinit2.o(.ARM.Collect$$libinit$$00000023)
    __rt_lib_init_heap_1                     0x08000163   Thumb Code     0  libinit2.o(.ARM.Collect$$libinit$$0000000A)
    __rt_lib_init_lc_collate_1               0x08000163   Thumb Code     0  libinit2.o(.ARM.Collect$$libinit$$00000011)
    __rt_lib_init_lc_ctype_1                 0x08000163   Thumb Code     0  libinit2.o(.ARM.Collect$$libinit$$00000013)
    __rt_lib_init_lc_monetary_1              0x08000163   Thumb Code     0  libinit2.o(.ARM.Collect$$libinit$$00000015)
    __rt_lib_init_lc_numeric_1               0x08000163   Thumb Code     0  libinit2.o(.ARM.Collect$$libinit$$00000017)
    __rt_lib_init_lc_time_1                  0x08000163   Thumb Code     0  libinit2.o(.ARM.Collect$$libinit$$00000019)
    __rt_lib_init_preinit_1                  0x08000163   Thumb Code     0  libinit2.o(.ARM.Collect$$libinit$$00000004)
    __rt_lib_init_rand_1                     0x08000163   Thumb Code     0  libinit2.o(.ARM.Collect$$libinit$$0000000E)
    __rt_lib_init_return                     0x08000163   Thumb Code     0  libinit2.o(.ARM.Collect$$libinit$$00000033)
    __rt_lib_init_signal_1                   0x08000163   Thumb Code     0  libinit2.o(.ARM.Collect$$libinit$$0000001D)
    __rt_lib_init_stdio_1                    0x08000163   Thumb Code     0  libinit2.o(.ARM.Collect$$libinit$$00000025)
    __rt_lib_init_user_alloc_1               0x08000163   Thumb Code     0  libinit2.o(.ARM.Collect$$libinit$$0000000C)
    __rt_lib_shutdown                        0x08000165   Thumb Code     0  libshutdown.o(.ARM.Collect$$libshutdown$$00000000)
    __rt_lib_shutdown_cpp_1                  0x08000167   Thumb Code     0  libshutdown2.o(.ARM.Collect$$libshutdown$$00000002)
    __rt_lib_shutdown_fp_trap_1              0x08000167   Thumb Code     0  libshutdown2.o(.ARM.Collect$$libshutdown$$00000007)
    __rt_lib_shutdown_heap_1                 0x08000167   Thumb Code     0  libshutdown2.o(.ARM.Collect$$libshutdown$$0000000F)
    __rt_lib_shutdown_return                 0x08000167   Thumb Code     0  libshutdown2.o(.ARM.Collect$$libshutdown$$00000010)
    __rt_lib_shutdown_signal_1               0x08000167   Thumb Code     0  libshutdown2.o(.ARM.Collect$$libshutdown$$0000000A)
    __rt_lib_shutdown_stdio_1                0x08000167   Thumb Code     0  libshutdown2.o(.ARM.Collect$$libshutdown$$00000004)
    __rt_lib_shutdown_user_alloc_1           0x08000167   Thumb Code     0  libshutdown2.o(.ARM.Collect$$libshutdown$$0000000C)
    __rt_entry                               0x08000169   Thumb Code     0  __rtentry.o(.ARM.Collect$$rtentry$$00000000)
    __rt_entry_presh_1                       0x08000169   Thumb Code     0  __rtentry2.o(.ARM.Collect$$rtentry$$00000002)
    __rt_entry_sh                            0x08000169   Thumb Code     0  __rtentry4.o(.ARM.Collect$$rtentry$$00000004)
    __rt_entry_li                            0x0800016f   Thumb Code     0  __rtentry2.o(.ARM.Collect$$rtentry$$0000000A)
    __rt_entry_postsh_1                      0x0800016f   Thumb Code     0  __rtentry2.o(.ARM.Collect$$rtentry$$00000009)
    __rt_entry_main                          0x08000173   Thumb Code     0  __rtentry2.o(.ARM.Collect$$rtentry$$0000000D)
    __rt_entry_postli_1                      0x08000173   Thumb Code     0  __rtentry2.o(.ARM.Collect$$rtentry$$0000000C)
    __rt_exit                                0x0800017b   Thumb Code     0  rtexit.o(.ARM.Collect$$rtexit$$00000000)
    __rt_exit_ls                             0x0800017d   Thumb Code     0  rtexit2.o(.ARM.Collect$$rtexit$$00000003)
    __rt_exit_prels_1                        0x0800017d   Thumb Code     0  rtexit2.o(.ARM.Collect$$rtexit$$00000002)
    __rt_exit_exit                           0x08000181   Thumb Code     0  rtexit2.o(.ARM.Collect$$rtexit$$00000004)
    Reset_Handler                            0x08000189   Thumb Code     8  startup_stm32f103xb.o(.text)
    ADC1_2_IRQHandler                        0x080001a3   Thumb Code     0  startup_stm32f103xb.o(.text)
    CAN1_RX1_IRQHandler                      0x080001a3   Thumb Code     0  startup_stm32f103xb.o(.text)
    CAN1_SCE_IRQHandler                      0x080001a3   Thumb Code     0  startup_stm32f103xb.o(.text)
    DMA1_Channel1_IRQHandler                 0x080001a3   Thumb Code     0  startup_stm32f103xb.o(.text)
    DMA1_Channel2_IRQHandler                 0x080001a3   Thumb Code     0  startup_stm32f103xb.o(.text)
    DMA1_Channel3_IRQHandler                 0x080001a3   Thumb Code     0  startup_stm32f103xb.o(.text)
    DMA1_Channel4_IRQHandler                 0x080001a3   Thumb Code     0  startup_stm32f103xb.o(.text)
    DMA1_Channel5_IRQHandler                 0x080001a3   Thumb Code     0  startup_stm32f103xb.o(.text)
    DMA1_Channel6_IRQHandler                 0x080001a3   Thumb Code     0  startup_stm32f103xb.o(.text)
    DMA1_Channel7_IRQHandler                 0x080001a3   Thumb Code     0  startup_stm32f103xb.o(.text)
    EXTI0_IRQHandler                         0x080001a3   Thumb Code     0  startup_stm32f103xb.o(.text)
    EXTI15_10_IRQHandler                     0x080001a3   Thumb Code     0  startup_stm32f103xb.o(.text)
    EXTI1_IRQHandler                         0x080001a3   Thumb Code     0  startup_stm32f103xb.o(.text)
    EXTI2_IRQHandler                         0x080001a3   Thumb Code     0  startup_stm32f103xb.o(.text)
    EXTI3_IRQHandler                         0x080001a3   Thumb Code     0  startup_stm32f103xb.o(.text)
    EXTI4_IRQHandler                         0x080001a3   Thumb Code     0  startup_stm32f103xb.o(.text)
    EXTI9_5_IRQHandler                       0x080001a3   Thumb Code     0  startup_stm32f103xb.o(.text)
    FLASH_IRQHandler                         0x080001a3   Thumb Code     0  startup_stm32f103xb.o(.text)
    I2C1_ER_IRQHandler                       0x080001a3   Thumb Code     0  startup_stm32f103xb.o(.text)
    I2C1_EV_IRQHandler                       0x080001a3   Thumb Code     0  startup_stm32f103xb.o(.text)
    I2C2_ER_IRQHandler                       0x080001a3   Thumb Code     0  startup_stm32f103xb.o(.text)
    I2C2_EV_IRQHandler                       0x080001a3   Thumb Code     0  startup_stm32f103xb.o(.text)
    PVD_IRQHandler                           0x080001a3   Thumb Code     0  startup_stm32f103xb.o(.text)
    RCC_IRQHandler                           0x080001a3   Thumb Code     0  startup_stm32f103xb.o(.text)
    RTC_Alarm_IRQHandler                     0x080001a3   Thumb Code     0  startup_stm32f103xb.o(.text)
    RTC_IRQHandler                           0x080001a3   Thumb Code     0  startup_stm32f103xb.o(.text)
    SPI1_IRQHandler                          0x080001a3   Thumb Code     0  startup_stm32f103xb.o(.text)
    SPI2_IRQHandler                          0x080001a3   Thumb Code     0  startup_stm32f103xb.o(.text)
    TAMPER_IRQHandler                        0x080001a3   Thumb Code     0  startup_stm32f103xb.o(.text)
    TIM1_BRK_IRQHandler                      0x080001a3   Thumb Code     0  startup_stm32f103xb.o(.text)
    TIM1_CC_IRQHandler                       0x080001a3   Thumb Code     0  startup_stm32f103xb.o(.text)
    TIM1_TRG_COM_IRQHandler                  0x080001a3   Thumb Code     0  startup_stm32f103xb.o(.text)
    TIM1_UP_IRQHandler                       0x080001a3   Thumb Code     0  startup_stm32f103xb.o(.text)
    TIM2_IRQHandler                          0x080001a3   Thumb Code     0  startup_stm32f103xb.o(.text)
    TIM3_IRQHandler                          0x080001a3   Thumb Code     0  startup_stm32f103xb.o(.text)
    TIM4_IRQHandler                          0x080001a3   Thumb Code     0  startup_stm32f103xb.o(.text)
    USART1_IRQHandler                        0x080001a3   Thumb Code     0  startup_stm32f103xb.o(.text)
    USART2_IRQHandler                        0x080001a3   Thumb Code     0  startup_stm32f103xb.o(.text)
    USART3_IRQHandler                        0x080001a3   Thumb Code     0  startup_stm32f103xb.o(.text)
    USBWakeUp_IRQHandler                     0x080001a3   Thumb Code     0  startup_stm32f103xb.o(.text)
    USB_HP_CAN1_TX_IRQHandler                0x080001a3   Thumb Code     0  startup_stm32f103xb.o(.text)
    USB_LP_CAN1_RX0_IRQHandler               0x080001a3   Thumb Code     0  startup_stm32f103xb.o(.text)
    WWDG_IRQHandler                          0x080001a3   Thumb Code     0  startup_stm32f103xb.o(.text)
    __user_initial_stackheap                 0x080001a5   Thumb Code     0  startup_stm32f103xb.o(.text)
    memcmp                                   0x080001c9   Thumb Code    88  memcmp.o(.text)
    __aeabi_memset                           0x08000221   Thumb Code    16  aeabi_memset.o(.text)
    __aeabi_memclr4                          0x08000231   Thumb Code     0  rt_memclr_w.o(.text)
    __aeabi_memclr8                          0x08000231   Thumb Code     0  rt_memclr_w.o(.text)
    __rt_memclr_w                            0x08000231   Thumb Code    78  rt_memclr_w.o(.text)
    _memset_w                                0x08000235   Thumb Code     0  rt_memclr_w.o(.text)
    __use_two_region_memory                  0x0800027f   Thumb Code     2  heapauxi.o(.text)
    __rt_heap_escrow$2region                 0x08000281   Thumb Code     2  heapauxi.o(.text)
    __rt_heap_expand$2region                 0x08000283   Thumb Code     2  heapauxi.o(.text)
    __read_errno                             0x08000285   Thumb Code    10  _rserrno.o(.text)
    __set_errno                              0x0800028f   Thumb Code    12  _rserrno.o(.text)
    __aeabi_memclr                           0x0800029b   Thumb Code     0  rt_memclr.o(.text)
    __rt_memclr                              0x0800029b   Thumb Code    68  rt_memclr.o(.text)
    _memset                                  0x0800029f   Thumb Code     0  rt_memclr.o(.text)
    __aeabi_errno_addr                       0x080002e1   Thumb Code     8  rt_errno_addr_intlibspace.o(.text)
    __errno$intlibspace                      0x080002e1   Thumb Code     0  rt_errno_addr_intlibspace.o(.text)
    __rt_errno_addr$intlibspace              0x080002e1   Thumb Code     0  rt_errno_addr_intlibspace.o(.text)
    __user_libspace                          0x080002e9   Thumb Code     8  libspace.o(.text)
    __user_perproc_libspace                  0x080002e9   Thumb Code     0  libspace.o(.text)
    __user_perthread_libspace                0x080002e9   Thumb Code     0  libspace.o(.text)
    __user_setup_stackheap                   0x080002f1   Thumb Code    74  sys_stackheap_outer.o(.text)
    exit                                     0x0800033b   Thumb Code    18  exit.o(.text)
    _sys_exit                                0x0800034d   Thumb Code     8  sys_exit.o(.text)
    __I$use$semihosting                      0x08000359   Thumb Code     0  use_no_semi.o(.text)
    __use_no_semihosting_swi                 0x08000359   Thumb Code     2  use_no_semi.o(.text)
    BusFault_Handler                         0x0800035b   Thumb Code     4  stm32f1xx_it.o(i.BusFault_Handler)
    __semihosting_library_function           0x0800035b   Thumb Code     0  indicate_semi.o(.text)
    DebugMon_Handler                         0x0800035f   Thumb Code     2  stm32f1xx_it.o(i.DebugMon_Handler)
    Error_Handler                            0x08000361   Thumb Code     6  main.o(i.Error_Handler)
    GC7219_INIT                              0x08000367   Thumb Code    44  8x8led.o(i.GC7219_INIT)
    GC7219_Write_Command                     0x08000395   Thumb Code    40  8x8led.o(i.GC7219_Write_Command)
    GC7219_Write_byte                        0x080003c1   Thumb Code    72  8x8led.o(i.GC7219_Write_byte)
    HAL_Delay                                0x0800040d   Thumb Code    36  stm32f1xx_hal.o(i.HAL_Delay)
    HAL_GPIO_Init                            0x08000435   Thumb Code   766  stm32f1xx_hal_gpio.o(i.HAL_GPIO_Init)
    HAL_GPIO_ReadPin                         0x08000755   Thumb Code    16  stm32f1xx_hal_gpio.o(i.HAL_GPIO_ReadPin)
    HAL_GPIO_TogglePin                       0x08000765   Thumb Code    20  stm32f1xx_hal_gpio.o(i.HAL_GPIO_TogglePin)
    HAL_GPIO_WritePin                        0x08000779   Thumb Code    12  stm32f1xx_hal_gpio.o(i.HAL_GPIO_WritePin)
    HAL_GetTick                              0x08000785   Thumb Code     6  stm32f1xx_hal.o(i.HAL_GetTick)
    HAL_IncTick                              0x08000791   Thumb Code    16  stm32f1xx_hal.o(i.HAL_IncTick)
    HAL_Init                                 0x080007a9   Thumb Code    34  stm32f1xx_hal.o(i.HAL_Init)
    HAL_InitTick                             0x080007d1   Thumb Code    64  stm32f1xx_hal.o(i.HAL_InitTick)
    HAL_MspInit                              0x0800081d   Thumb Code    76  stm32f1xx_hal_msp.o(i.HAL_MspInit)
    HAL_NVIC_SetPriority                     0x08000871   Thumb Code   124  stm32f1xx_hal_cortex.o(i.HAL_NVIC_SetPriority)
    HAL_NVIC_SetPriorityGrouping             0x080008ed   Thumb Code    32  stm32f1xx_hal_cortex.o(i.HAL_NVIC_SetPriorityGrouping)
    HAL_RCC_ClockConfig                      0x08000915   Thumb Code   376  stm32f1xx_hal_rcc.o(i.HAL_RCC_ClockConfig)
    HAL_RCC_GetHCLKFreq                      0x08000aa1   Thumb Code     6  stm32f1xx_hal_rcc.o(i.HAL_RCC_GetHCLKFreq)
    HAL_RCC_GetPCLK1Freq                     0x08000aad   Thumb Code    22  stm32f1xx_hal_rcc.o(i.HAL_RCC_GetPCLK1Freq)
    HAL_RCC_GetPCLK2Freq                     0x08000acd   Thumb Code    22  stm32f1xx_hal_rcc.o(i.HAL_RCC_GetPCLK2Freq)
    HAL_RCC_GetSysClockFreq                  0x08000aed   Thumb Code    92  stm32f1xx_hal_rcc.o(i.HAL_RCC_GetSysClockFreq)
    HAL_RCC_OscConfig                        0x08000b5d   Thumb Code  1114  stm32f1xx_hal_rcc.o(i.HAL_RCC_OscConfig)
    HAL_SYSTICK_Config                       0x08000fc1   Thumb Code    52  stm32f1xx_hal_cortex.o(i.HAL_SYSTICK_Config)
    HAL_UART_Init                            0x08000ff5   Thumb Code   118  stm32f1xx_hal_uart.o(i.HAL_UART_Init)
    HAL_UART_MspInit                         0x0800106d   Thumb Code   122  stm32f1xx_hal_msp.o(i.HAL_UART_MspInit)
    HardFault_Handler                        0x080010f5   Thumb Code     4  stm32f1xx_it.o(i.HardFault_Handler)
    IIC_Ack                                  0x080010f9   Thumb Code    60  iic.o(i.IIC_Ack)
    IIC_GPIO_Init                            0x08001149   Thumb Code    62  iic.o(i.IIC_GPIO_Init)
    IIC_NAck                                 0x08001191   Thumb Code    48  iic.o(i.IIC_NAck)
    IIC_Read_Byte                            0x080011c5   Thumb Code    84  iic.o(i.IIC_Read_Byte)
    IIC_Send_Byte                            0x0800121d   Thumb Code   100  iic.o(i.IIC_Send_Byte)
    IIC_Start                                0x08001285   Thumb Code    60  iic.o(i.IIC_Start)
    IIC_Stop                                 0x080012c5   Thumb Code    40  iic.o(i.IIC_Stop)
    IIC_Wait_Ack                             0x080012f1   Thumb Code    68  iic.o(i.IIC_Wait_Ack)
    MPU_Init                                 0x08001339   Thumb Code   122  mpu6050.o(i.MPU_Init)
    MPU_Read_Byte                            0x080013b3   Thumb Code    58  mpu6050.o(i.MPU_Read_Byte)
    MPU_Read_Len                             0x080013ed   Thumb Code   116  mpu6050.o(i.MPU_Read_Len)
    MPU_Set_Accel_Fsr                        0x08001461   Thumb Code    16  mpu6050.o(i.MPU_Set_Accel_Fsr)
    MPU_Set_Gyro_Fsr                         0x08001471   Thumb Code    16  mpu6050.o(i.MPU_Set_Gyro_Fsr)
    MPU_Set_LPF                              0x08001481   Thumb Code    58  mpu6050.o(i.MPU_Set_LPF)
    MPU_Set_Rate                             0x080014bb   Thumb Code    58  mpu6050.o(i.MPU_Set_Rate)
    MPU_Write_Byte                           0x080014f5   Thumb Code    68  mpu6050.o(i.MPU_Write_Byte)
    MPU_Write_Len                            0x08001539   Thumb Code    96  mpu6050.o(i.MPU_Write_Len)
    MemManage_Handler                        0x08001599   Thumb Code     4  stm32f1xx_it.o(i.MemManage_Handler)
    NMI_Handler                              0x0800159d   Thumb Code     4  stm32f1xx_it.o(i.NMI_Handler)
    PendSV_Handler                           0x080015a1   Thumb Code     2  stm32f1xx_it.o(i.PendSV_Handler)
    SVC_Handler                              0x080015cd   Thumb Code     2  stm32f1xx_it.o(i.SVC_Handler)
    SysTick_Handler                          0x080015cf   Thumb Code     8  stm32f1xx_it.o(i.SysTick_Handler)
    SystemInit                               0x080015d7   Thumb Code     2  system_stm32f1xx.o(i.SystemInit)
    UsageFault_Handler                       0x080016d5   Thumb Code     4  stm32f1xx_it.o(i.UsageFault_Handler)
    SystemClock_Config()                     0x080017d5   Thumb Code   102  main.o(i._Z18SystemClock_Configv)
    LEDMatrix::clear()                       0x08001875   Thumb Code    18  animation.o(i._ZN9LEDMatrix5clearEv)
    LEDMatrix::setLED(int, int)              0x08001887   Thumb Code    34  animation.o(i._ZN9LEDMatrix6setLEDEii)
    LEDMatrix::refresh()                     0x080018a9   Thumb Code    26  animation.o(i._ZN9LEDMatrix7refreshEv)
    LEDMatrix::LEDMatrix()                   0x080018c3   Thumb Code    14  animation.o(i._ZN9LEDMatrixC1Ev)
    LEDMatrix::LEDMatrix__sub_object()       0x080018c3   Thumb Code     0  animation.o(i._ZN9LEDMatrixC1Ev)
    __ARM_fpclassify                         0x080018d1   Thumb Code    40  fpclassify.o(i.__ARM_fpclassify)
    __kernel_poly                            0x08001931   Thumb Code   170  poly.o(i.__kernel_poly)
    __mathlib_dbl_infnan                     0x080019db   Thumb Code     6  dunder.o(i.__mathlib_dbl_infnan)
    __mathlib_dbl_infnan2                    0x080019e1   Thumb Code     4  dunder.o(i.__mathlib_dbl_infnan2)
    __mathlib_dbl_invalid                    0x080019e5   Thumb Code    12  dunder.o(i.__mathlib_dbl_invalid)
    __mathlib_dbl_underflow                  0x080019f1   Thumb Code    10  dunder.o(i.__mathlib_dbl_underflow)
    asin                                     0x08001a01   Thumb Code   572  asin.o(i.asin)
    atan                                     0x08001c71   Thumb Code   474  atan.o(i.atan)
    atan2                                    0x08001e91   Thumb Code   346  atan2.o(i.atan2)
    dmp_enable_6x_lp_quat                    0x08002075   Thumb Code    60  inv_mpu_dmp_motion_driver.o(i.dmp_enable_6x_lp_quat)
    dmp_enable_feature                       0x080020b1   Thumb Code   530  inv_mpu_dmp_motion_driver.o(i.dmp_enable_feature)
    dmp_enable_gyro_cal                      0x080022cd   Thumb Code    62  inv_mpu_dmp_motion_driver.o(i.dmp_enable_gyro_cal)
    dmp_enable_lp_quat                       0x08002325   Thumb Code    60  inv_mpu_dmp_motion_driver.o(i.dmp_enable_lp_quat)
    dmp_load_motion_driver_firmware          0x08002361   Thumb Code    20  inv_mpu_dmp_motion_driver.o(i.dmp_load_motion_driver_firmware)
    dmp_read_fifo                            0x08002379   Thumb Code   456  inv_mpu_dmp_motion_driver.o(i.dmp_read_fifo)
    dmp_set_fifo_rate                        0x08002545   Thumb Code    96  inv_mpu_dmp_motion_driver.o(i.dmp_set_fifo_rate)
    dmp_set_orientation                      0x080025b5   Thumb Code   290  inv_mpu_dmp_motion_driver.o(i.dmp_set_orientation)
    dmp_set_shake_reject_thresh              0x080026ed   Thumb Code    56  inv_mpu_dmp_motion_driver.o(i.dmp_set_shake_reject_thresh)
    dmp_set_shake_reject_time                0x08002725   Thumb Code    38  inv_mpu_dmp_motion_driver.o(i.dmp_set_shake_reject_time)
    dmp_set_shake_reject_timeout             0x0800274b   Thumb Code    38  inv_mpu_dmp_motion_driver.o(i.dmp_set_shake_reject_timeout)
    dmp_set_tap_axes                         0x08002771   Thumb Code    70  inv_mpu_dmp_motion_driver.o(i.dmp_set_tap_axes)
    dmp_set_tap_count                        0x080027b7   Thumb Code    38  inv_mpu_dmp_motion_driver.o(i.dmp_set_tap_count)
    dmp_set_tap_thresh                       0x080027dd   Thumb Code   396  inv_mpu_dmp_motion_driver.o(i.dmp_set_tap_thresh)
    dmp_set_tap_time                         0x0800297d   Thumb Code    38  inv_mpu_dmp_motion_driver.o(i.dmp_set_tap_time)
    dmp_set_tap_time_multi                   0x080029a3   Thumb Code    38  inv_mpu_dmp_motion_driver.o(i.dmp_set_tap_time_multi)
    inv_orientation_matrix_to_scalar         0x080029c9   Thumb Code    40  inv_mpu.o(i.inv_orientation_matrix_to_scalar)
    inv_row_2_scale                          0x080029f1   Thumb Code    78  inv_mpu.o(i.inv_row_2_scale)
    main                                     0x08002a41   Thumb Code    92  main.o(i.main)
    mget_ms                                  0x08002aad   Thumb Code     2  inv_mpu.o(i.mget_ms)
    mpu_configure_fifo                       0x08002ab1   Thumb Code   106  inv_mpu.o(i.mpu_configure_fifo)
    mpu_dmp_get_data                         0x08002b21   Thumb Code   544  inv_mpu.o(i.mpu_dmp_get_data)
    mpu_dmp_init                             0x08002d45   Thumb Code   142  inv_mpu.o(i.mpu_dmp_init)
    mpu_get_accel_fsr                        0x08002dd9   Thumb Code    72  inv_mpu.o(i.mpu_get_accel_fsr)
    mpu_init                                 0x08002e25   Thumb Code   396  inv_mpu.o(i.mpu_init)
    mpu_load_firmware                        0x08002fb5   Thumb Code   180  inv_mpu.o(i.mpu_load_firmware)
    mpu_lp_accel_mode                        0x0800306d   Thumb Code   218  inv_mpu.o(i.mpu_lp_accel_mode)
    mpu_read_fifo_stream                     0x0800314d   Thumb Code   186  inv_mpu.o(i.mpu_read_fifo_stream)
    mpu_read_mem                             0x0800320d   Thumb Code   122  inv_mpu.o(i.mpu_read_mem)
    mpu_reset_fifo                           0x0800328d   Thumb Code   450  inv_mpu.o(i.mpu_reset_fifo)
    mpu_set_accel_fsr                        0x08003455   Thumb Code   126  inv_mpu.o(i.mpu_set_accel_fsr)
    mpu_set_bypass                           0x080034d9   Thumb Code   328  inv_mpu.o(i.mpu_set_bypass)
    mpu_set_dmp_state                        0x08003625   Thumb Code   138  inv_mpu.o(i.mpu_set_dmp_state)
    mpu_set_gyro_fsr                         0x080036b5   Thumb Code   132  inv_mpu.o(i.mpu_set_gyro_fsr)
    mpu_set_int_latched                      0x0800373d   Thumb Code   102  inv_mpu.o(i.mpu_set_int_latched)
    mpu_set_lpf                              0x080037a9   Thumb Code   126  inv_mpu.o(i.mpu_set_lpf)
    mpu_set_sample_rate                      0x0800382d   Thumb Code   152  inv_mpu.o(i.mpu_set_sample_rate)
    mpu_set_sensors                          0x080038c9   Thumb Code   202  inv_mpu.o(i.mpu_set_sensors)
    mpu_write_mem                            0x08003999   Thumb Code   122  inv_mpu.o(i.mpu_write_mem)
    sqrt                                     0x08003aa9   Thumb Code    76  sqrt.o(i.sqrt)
    __aeabi_d2f                              0x08003af5   Thumb Code     0  d2f.o(x$fpl$d2f)
    _d2f                                     0x08003af5   Thumb Code    98  d2f.o(x$fpl$d2f)
    __aeabi_dadd                             0x08003b59   Thumb Code     0  daddsub_clz.o(x$fpl$dadd)
    _dadd                                    0x08003b59   Thumb Code   332  daddsub_clz.o(x$fpl$dadd)
    __fpl_dcheck_NaN1                        0x08003ca9   Thumb Code    10  dcheck1.o(x$fpl$dcheck1)
    __aeabi_ddiv                             0x08003cb9   Thumb Code     0  ddiv.o(x$fpl$ddiv)
    _ddiv                                    0x08003cb9   Thumb Code   552  ddiv.o(x$fpl$ddiv)
    __aeabi_dmul                             0x08003f69   Thumb Code     0  dmul.o(x$fpl$dmul)
    _dmul                                    0x08003f69   Thumb Code   332  dmul.o(x$fpl$dmul)
    __fpl_dnaninf                            0x080040bd   Thumb Code   156  dnaninf.o(x$fpl$dnaninf)
    __fpl_dretinf                            0x08004159   Thumb Code    12  dretinf.o(x$fpl$dretinf)
    __aeabi_drsub                            0x08004165   Thumb Code     0  daddsub_clz.o(x$fpl$drsb)
    _drsb                                    0x08004165   Thumb Code    22  daddsub_clz.o(x$fpl$drsb)
    _dsqrt                                   0x0800417d   Thumb Code   456  dsqrt_noumaal.o(x$fpl$dsqrt)
    __aeabi_dsub                             0x08004349   Thumb Code     0  daddsub_clz.o(x$fpl$dsub)
    _dsub                                    0x08004349   Thumb Code   464  daddsub_clz.o(x$fpl$dsub)
    __aeabi_f2d                              0x0800451d   Thumb Code     0  f2d.o(x$fpl$f2d)
    _f2d                                     0x0800451d   Thumb Code    86  f2d.o(x$fpl$f2d)
    __aeabi_fadd                             0x08004575   Thumb Code     0  faddsub_clz.o(x$fpl$fadd)
    _fadd                                    0x08004575   Thumb Code   196  faddsub_clz.o(x$fpl$fadd)
    __aeabi_fdiv                             0x08004639   Thumb Code     0  fdiv.o(x$fpl$fdiv)
    _fdiv                                    0x08004639   Thumb Code   384  fdiv.o(x$fpl$fdiv)
    __aeabi_f2uiz                            0x080047bd   Thumb Code     0  ffixu.o(x$fpl$ffixu)
    _ffixu                                   0x080047bd   Thumb Code    62  ffixu.o(x$fpl$ffixu)
    __aeabi_i2f                              0x080047fd   Thumb Code     0  fflt_clz.o(x$fpl$fflt)
    _fflt                                    0x080047fd   Thumb Code    48  fflt_clz.o(x$fpl$fflt)
    __aeabi_ui2f                             0x0800482d   Thumb Code     0  fflt_clz.o(x$fpl$ffltu)
    _ffltu                                   0x0800482d   Thumb Code    38  fflt_clz.o(x$fpl$ffltu)
    __aeabi_fmul                             0x08004855   Thumb Code     0  fmul.o(x$fpl$fmul)
    _fmul                                    0x08004855   Thumb Code   258  fmul.o(x$fpl$fmul)
    __fpl_fnaninf                            0x08004957   Thumb Code   140  fnaninf.o(x$fpl$fnaninf)
    __fpl_fretinf                            0x080049e3   Thumb Code    10  fretinf.o(x$fpl$fretinf)
    __aeabi_fsub                             0x080049ed   Thumb Code     0  faddsub_clz.o(x$fpl$fsub)
    _fsub                                    0x080049ed   Thumb Code   234  faddsub_clz.o(x$fpl$fsub)
    __fpl_return_NaN                         0x08004ad7   Thumb Code   100  retnan.o(x$fpl$retnan)
    __ARM_scalbn                             0x08004b3b   Thumb Code    92  scalbn.o(x$fpl$scalbn)
    __fpl_cmpreturn                          0x08004b97   Thumb Code    48  trapv.o(x$fpl$trapveneer)
    __I$use$fp                               0x08004bc6   Number         0  usenofp.o(x$fpl$usenofp)
    reg                                      0x08004bc8   Data          27  inv_mpu.o(.constdata)
    hw                                       0x08004be4   Data          12  inv_mpu.o(.constdata)
    test                                     0x08004bf0   Data          40  inv_mpu.o(.constdata)
    AHBPrescTable                            0x08005820   Data          16  system_stm32f1xx.o(.constdata)
    APBPrescTable                            0x08005830   Data           8  system_stm32f1xx.o(.constdata)
    __mathlib_zero                           0x08005920   Data           8  qnan.o(.constdata)
    Region$$Table$$Base                      0x08005928   Number         0  anon$$obj.o(Region$$Table)
    Region$$Table$$Limit                     0x08005948   Number         0  anon$$obj.o(Region$$Table)
    pitch                                    0x20000000   Data           4  main.o(.data)
    roll                                     0x20000004   Data           4  main.o(.data)
    yaw                                      0x20000008   Data           4  main.o(.data)
    gyrox                                    0x2000000c   Data           2  main.o(.data)
    gyroy                                    0x2000000e   Data           2  main.o(.data)
    gyroz                                    0x20000010   Data           2  main.o(.data)
    aacx                                     0x20000012   Data           2  main.o(.data)
    aacy                                     0x20000014   Data           2  main.o(.data)
    aacz                                     0x20000016   Data           2  main.o(.data)
    uwTick                                   0x20000050   Data           4  stm32f1xx_hal.o(.data)
    uwTickPrio                               0x20000054   Data           4  stm32f1xx_hal.o(.data)
    uwTickFreq                               0x20000058   Data           1  stm32f1xx_hal.o(.data)
    SystemCoreClock                          0x2000005c   Data           4  system_stm32f1xx.o(.data)
    huart1                                   0x20000060   Data          72  main.o(.bss)
    __libspace_start                         0x200000b8   Data          96  libspace.o(.bss)
    __temporary_stack_top$libspace           0x20000118   Data           0  libspace.o(.bss)



==============================================================================

Memory Map of the image

  Image Entry point : 0x080000ed

  Load Region LR_IROM1 (Base: 0x08000000, Size: 0x000059a8, Max: 0x00010000, ABSOLUTE)

    Execution Region ER_IROM1 (Exec base: 0x08000000, Load base: 0x08000000, Size: 0x00005948, Max: 0x00010000, ABSOLUTE)

    Exec Addr    Load Addr    Size         Type   Attr      Idx    E Section Name        Object

    0x08000000   0x08000000   0x000000ec   Data   RO            3    RESET               startup_stm32f103xb.o
    0x080000ec   0x080000ec   0x00000008   Code   RO         2896  * !!!main             c_w.l(__main.o)
    0x080000f4   0x080000f4   0x00000034   Code   RO         3208    !!!scatter          c_w.l(__scatter.o)
    0x08000128   0x08000128   0x0000001a   Code   RO         3210    !!handler_copy      c_w.l(__scatter_copy.o)
    0x08000142   0x08000142   0x00000002   PAD
    0x08000144   0x08000144   0x0000001c   Code   RO         3212    !!handler_zi        c_w.l(__scatter_zi.o)
    0x08000160   0x08000160   0x00000002   Code   RO         3071    .ARM.Collect$$libinit$$00000000  c_w.l(libinit.o)
    0x08000162   0x08000162   0x00000000   Code   RO         3083    .ARM.Collect$$libinit$$00000002  c_w.l(libinit2.o)
    0x08000162   0x08000162   0x00000000   Code   RO         3085    .ARM.Collect$$libinit$$00000004  c_w.l(libinit2.o)
    0x08000162   0x08000162   0x00000000   Code   RO         3088    .ARM.Collect$$libinit$$0000000A  c_w.l(libinit2.o)
    0x08000162   0x08000162   0x00000000   Code   RO         3090    .ARM.Collect$$libinit$$0000000C  c_w.l(libinit2.o)
    0x08000162   0x08000162   0x00000000   Code   RO         3092    .ARM.Collect$$libinit$$0000000E  c_w.l(libinit2.o)
    0x08000162   0x08000162   0x00000000   Code   RO         3095    .ARM.Collect$$libinit$$00000011  c_w.l(libinit2.o)
    0x08000162   0x08000162   0x00000000   Code   RO         3097    .ARM.Collect$$libinit$$00000013  c_w.l(libinit2.o)
    0x08000162   0x08000162   0x00000000   Code   RO         3099    .ARM.Collect$$libinit$$00000015  c_w.l(libinit2.o)
    0x08000162   0x08000162   0x00000000   Code   RO         3101    .ARM.Collect$$libinit$$00000017  c_w.l(libinit2.o)
    0x08000162   0x08000162   0x00000000   Code   RO         3103    .ARM.Collect$$libinit$$00000019  c_w.l(libinit2.o)
    0x08000162   0x08000162   0x00000000   Code   RO         3105    .ARM.Collect$$libinit$$0000001B  c_w.l(libinit2.o)
    0x08000162   0x08000162   0x00000000   Code   RO         3107    .ARM.Collect$$libinit$$0000001D  c_w.l(libinit2.o)
    0x08000162   0x08000162   0x00000000   Code   RO         3109    .ARM.Collect$$libinit$$0000001F  c_w.l(libinit2.o)
    0x08000162   0x08000162   0x00000000   Code   RO         3111    .ARM.Collect$$libinit$$00000021  c_w.l(libinit2.o)
    0x08000162   0x08000162   0x00000000   Code   RO         3113    .ARM.Collect$$libinit$$00000023  c_w.l(libinit2.o)
    0x08000162   0x08000162   0x00000000   Code   RO         3115    .ARM.Collect$$libinit$$00000025  c_w.l(libinit2.o)
    0x08000162   0x08000162   0x00000000   Code   RO         3119    .ARM.Collect$$libinit$$0000002C  c_w.l(libinit2.o)
    0x08000162   0x08000162   0x00000000   Code   RO         3121    .ARM.Collect$$libinit$$0000002E  c_w.l(libinit2.o)
    0x08000162   0x08000162   0x00000000   Code   RO         3123    .ARM.Collect$$libinit$$00000030  c_w.l(libinit2.o)
    0x08000162   0x08000162   0x00000000   Code   RO         3125    .ARM.Collect$$libinit$$00000032  c_w.l(libinit2.o)
    0x08000162   0x08000162   0x00000002   Code   RO         3126    .ARM.Collect$$libinit$$00000033  c_w.l(libinit2.o)
    0x08000164   0x08000164   0x00000002   Code   RO         3158    .ARM.Collect$$libshutdown$$00000000  c_w.l(libshutdown.o)
    0x08000166   0x08000166   0x00000000   Code   RO         3175    .ARM.Collect$$libshutdown$$00000002  c_w.l(libshutdown2.o)
    0x08000166   0x08000166   0x00000000   Code   RO         3177    .ARM.Collect$$libshutdown$$00000004  c_w.l(libshutdown2.o)
    0x08000166   0x08000166   0x00000000   Code   RO         3180    .ARM.Collect$$libshutdown$$00000007  c_w.l(libshutdown2.o)
    0x08000166   0x08000166   0x00000000   Code   RO         3183    .ARM.Collect$$libshutdown$$0000000A  c_w.l(libshutdown2.o)
    0x08000166   0x08000166   0x00000000   Code   RO         3185    .ARM.Collect$$libshutdown$$0000000C  c_w.l(libshutdown2.o)
    0x08000166   0x08000166   0x00000000   Code   RO         3188    .ARM.Collect$$libshutdown$$0000000F  c_w.l(libshutdown2.o)
    0x08000166   0x08000166   0x00000002   Code   RO         3189    .ARM.Collect$$libshutdown$$00000010  c_w.l(libshutdown2.o)
    0x08000168   0x08000168   0x00000000   Code   RO         2970    .ARM.Collect$$rtentry$$00000000  c_w.l(__rtentry.o)
    0x08000168   0x08000168   0x00000000   Code   RO         3028    .ARM.Collect$$rtentry$$00000002  c_w.l(__rtentry2.o)
    0x08000168   0x08000168   0x00000006   Code   RO         3040    .ARM.Collect$$rtentry$$00000004  c_w.l(__rtentry4.o)
    0x0800016e   0x0800016e   0x00000000   Code   RO         3030    .ARM.Collect$$rtentry$$00000009  c_w.l(__rtentry2.o)
    0x0800016e   0x0800016e   0x00000004   Code   RO         3031    .ARM.Collect$$rtentry$$0000000A  c_w.l(__rtentry2.o)
    0x08000172   0x08000172   0x00000000   Code   RO         3033    .ARM.Collect$$rtentry$$0000000C  c_w.l(__rtentry2.o)
    0x08000172   0x08000172   0x00000008   Code   RO         3034    .ARM.Collect$$rtentry$$0000000D  c_w.l(__rtentry2.o)
    0x0800017a   0x0800017a   0x00000002   Code   RO         3076    .ARM.Collect$$rtexit$$00000000  c_w.l(rtexit.o)
    0x0800017c   0x0800017c   0x00000000   Code   RO         3130    .ARM.Collect$$rtexit$$00000002  c_w.l(rtexit2.o)
    0x0800017c   0x0800017c   0x00000004   Code   RO         3131    .ARM.Collect$$rtexit$$00000003  c_w.l(rtexit2.o)
    0x08000180   0x08000180   0x00000006   Code   RO         3132    .ARM.Collect$$rtexit$$00000004  c_w.l(rtexit2.o)
    0x08000186   0x08000186   0x00000002   PAD
    0x08000188   0x08000188   0x00000040   Code   RO            4    .text               startup_stm32f103xb.o
    0x080001c8   0x080001c8   0x00000058   Code   RO         2888    .text               c_w.l(memcmp.o)
    0x08000220   0x08000220   0x00000010   Code   RO         2890    .text               c_w.l(aeabi_memset.o)
    0x08000230   0x08000230   0x0000004e   Code   RO         2892    .text               c_w.l(rt_memclr_w.o)
    0x0800027e   0x0800027e   0x00000006   Code   RO         2894    .text               c_w.l(heapauxi.o)
    0x08000284   0x08000284   0x00000016   Code   RO         2973    .text               c_w.l(_rserrno.o)
    0x0800029a   0x0800029a   0x00000044   Code   RO         2975    .text               c_w.l(rt_memclr.o)
    0x080002de   0x080002de   0x00000002   PAD
    0x080002e0   0x080002e0   0x00000008   Code   RO         3049    .text               c_w.l(rt_errno_addr_intlibspace.o)
    0x080002e8   0x080002e8   0x00000008   Code   RO         3057    .text               c_w.l(libspace.o)
    0x080002f0   0x080002f0   0x0000004a   Code   RO         3060    .text               c_w.l(sys_stackheap_outer.o)
    0x0800033a   0x0800033a   0x00000012   Code   RO         3064    .text               c_w.l(exit.o)
    0x0800034c   0x0800034c   0x0000000c   Code   RO         3146    .text               c_w.l(sys_exit.o)
    0x08000358   0x08000358   0x00000002   Code   RO         3163    .text               c_w.l(use_no_semi.o)
    0x0800035a   0x0800035a   0x00000000   Code   RO         3165    .text               c_w.l(indicate_semi.o)
    0x0800035a   0x0800035a   0x00000004   Code   RO           13    i.BusFault_Handler  stm32f1xx_it.o
    0x0800035e   0x0800035e   0x00000002   Code   RO           14    i.DebugMon_Handler  stm32f1xx_it.o
    0x08000360   0x08000360   0x00000006   Code   RO          206    i.Error_Handler     main.o
    0x08000366   0x08000366   0x0000002c   Code   RO         1102    i.GC7219_INIT       8x8led.o
    0x08000392   0x08000392   0x00000002   PAD
    0x08000394   0x08000394   0x0000002c   Code   RO         1103    i.GC7219_Write_Command  8x8led.o
    0x080003c0   0x080003c0   0x0000004c   Code   RO         1105    i.GC7219_Write_byte  8x8led.o
    0x0800040c   0x0800040c   0x00000028   Code   RO         1847    i.HAL_Delay         stm32f1xx_hal.o
    0x08000434   0x08000434   0x00000320   Code   RO         2162    i.HAL_GPIO_Init     stm32f1xx_hal_gpio.o
    0x08000754   0x08000754   0x00000010   Code   RO         2164    i.HAL_GPIO_ReadPin  stm32f1xx_hal_gpio.o
    0x08000764   0x08000764   0x00000014   Code   RO         2165    i.HAL_GPIO_TogglePin  stm32f1xx_hal_gpio.o
    0x08000778   0x08000778   0x0000000c   Code   RO         2166    i.HAL_GPIO_WritePin  stm32f1xx_hal_gpio.o
    0x08000784   0x08000784   0x0000000c   Code   RO         1851    i.HAL_GetTick       stm32f1xx_hal.o
    0x08000790   0x08000790   0x00000018   Code   RO         1857    i.HAL_IncTick       stm32f1xx_hal.o
    0x080007a8   0x080007a8   0x00000028   Code   RO         1858    i.HAL_Init          stm32f1xx_hal.o
    0x080007d0   0x080007d0   0x0000004c   Code   RO         1859    i.HAL_InitTick      stm32f1xx_hal.o
    0x0800081c   0x0800081c   0x00000054   Code   RO          170    i.HAL_MspInit       stm32f1xx_hal_msp.o
    0x08000870   0x08000870   0x0000007c   Code   RO         2328    i.HAL_NVIC_SetPriority  stm32f1xx_hal_cortex.o
    0x080008ec   0x080008ec   0x00000028   Code   RO         2329    i.HAL_NVIC_SetPriorityGrouping  stm32f1xx_hal_cortex.o
    0x08000914   0x08000914   0x0000018c   Code   RO         2015    i.HAL_RCC_ClockConfig  stm32f1xx_hal_rcc.o
    0x08000aa0   0x08000aa0   0x0000000c   Code   RO         2020    i.HAL_RCC_GetHCLKFreq  stm32f1xx_hal_rcc.o
    0x08000aac   0x08000aac   0x00000020   Code   RO         2022    i.HAL_RCC_GetPCLK1Freq  stm32f1xx_hal_rcc.o
    0x08000acc   0x08000acc   0x00000020   Code   RO         2023    i.HAL_RCC_GetPCLK2Freq  stm32f1xx_hal_rcc.o
    0x08000aec   0x08000aec   0x00000070   Code   RO         2024    i.HAL_RCC_GetSysClockFreq  stm32f1xx_hal_rcc.o
    0x08000b5c   0x08000b5c   0x00000464   Code   RO         2027    i.HAL_RCC_OscConfig  stm32f1xx_hal_rcc.o
    0x08000fc0   0x08000fc0   0x00000034   Code   RO         2333    i.HAL_SYSTICK_Config  stm32f1xx_hal_cortex.o
    0x08000ff4   0x08000ff4   0x00000076   Code   RO         1497    i.HAL_UART_Init     stm32f1xx_hal_uart.o
    0x0800106a   0x0800106a   0x00000002   PAD
    0x0800106c   0x0800106c   0x00000088   Code   RO          172    i.HAL_UART_MspInit  stm32f1xx_hal_msp.o
    0x080010f4   0x080010f4   0x00000004   Code   RO           15    i.HardFault_Handler  stm32f1xx_it.o
    0x080010f8   0x080010f8   0x00000040   Code   RO          370    i.IIC_Ack           iic.o
    0x08001138   0x08001138   0x0000000e   Code   RO          372    i.IIC_Delay         iic.o
    0x08001146   0x08001146   0x00000002   PAD
    0x08001148   0x08001148   0x00000048   Code   RO          373    i.IIC_GPIO_Init     iic.o
    0x08001190   0x08001190   0x00000034   Code   RO          374    i.IIC_NAck          iic.o
    0x080011c4   0x080011c4   0x00000058   Code   RO          375    i.IIC_Read_Byte     iic.o
    0x0800121c   0x0800121c   0x00000068   Code   RO          376    i.IIC_Send_Byte     iic.o
    0x08001284   0x08001284   0x00000040   Code   RO          377    i.IIC_Start         iic.o
    0x080012c4   0x080012c4   0x0000002c   Code   RO          378    i.IIC_Stop          iic.o
    0x080012f0   0x080012f0   0x00000048   Code   RO          379    i.IIC_Wait_Ack      iic.o
    0x08001338   0x08001338   0x0000007a   Code   RO         1015    i.MPU_Init          mpu6050.o
    0x080013b2   0x080013b2   0x0000003a   Code   RO         1016    i.MPU_Read_Byte     mpu6050.o
    0x080013ec   0x080013ec   0x00000074   Code   RO         1017    i.MPU_Read_Len      mpu6050.o
    0x08001460   0x08001460   0x00000010   Code   RO         1018    i.MPU_Set_Accel_Fsr  mpu6050.o
    0x08001470   0x08001470   0x00000010   Code   RO         1019    i.MPU_Set_Gyro_Fsr  mpu6050.o
    0x08001480   0x08001480   0x0000003a   Code   RO         1020    i.MPU_Set_LPF       mpu6050.o
    0x080014ba   0x080014ba   0x0000003a   Code   RO         1021    i.MPU_Set_Rate      mpu6050.o
    0x080014f4   0x080014f4   0x00000044   Code   RO         1022    i.MPU_Write_Byte    mpu6050.o
    0x08001538   0x08001538   0x00000060   Code   RO         1023    i.MPU_Write_Len     mpu6050.o
    0x08001598   0x08001598   0x00000004   Code   RO           16    i.MemManage_Handler  stm32f1xx_it.o
    0x0800159c   0x0800159c   0x00000004   Code   RO           17    i.NMI_Handler       stm32f1xx_it.o
    0x080015a0   0x080015a0   0x00000002   Code   RO           18    i.PendSV_Handler    stm32f1xx_it.o
    0x080015a2   0x080015a2   0x00000002   PAD
    0x080015a4   0x080015a4   0x00000028   Code   RO         2028    i.RCC_Delay         stm32f1xx_hal_rcc.o
    0x080015cc   0x080015cc   0x00000002   Code   RO           19    i.SVC_Handler       stm32f1xx_it.o
    0x080015ce   0x080015ce   0x00000008   Code   RO           20    i.SysTick_Handler   stm32f1xx_it.o
    0x080015d6   0x080015d6   0x00000002   Code   RO         2849    i.SystemInit        system_stm32f1xx.o
    0x080015d8   0x080015d8   0x000000fc   Code   RO         1524    i.UART_SetConfig    stm32f1xx_hal_uart.o
    0x080016d4   0x080016d4   0x00000004   Code   RO           21    i.UsageFault_Handler  stm32f1xx_it.o
    0x080016d8   0x080016d8   0x000000fc   Code   RO          207    i._Z12MX_GPIO_Initv  main.o
    0x080017d4   0x080017d4   0x00000066   Code   RO          208    i._Z18SystemClock_Configv  main.o
    0x0800183a   0x0800183a   0x00000002   PAD
    0x0800183c   0x0800183c   0x00000038   Code   RO          209    i._Z19MX_USART1_UART_Initv  main.o
    0x08001874   0x08001874   0x00000012   Code   RO         1147    i._ZN9LEDMatrix5clearEv  animation.o
    0x08001886   0x08001886   0x00000022   Code   RO         1148    i._ZN9LEDMatrix6setLEDEii  animation.o
    0x080018a8   0x080018a8   0x0000001a   Code   RO         1150    i._ZN9LEDMatrix7refreshEv  animation.o
    0x080018c2   0x080018c2   0x0000000e   Code   RO         1152    i._ZN9LEDMatrixC1Ev  animation.o
    0x080018d0   0x080018d0   0x00000028   Code   RO         3014    i.__ARM_fpclassify  m_ws.l(fpclassify.o)
    0x080018f8   0x080018f8   0x00000010   Code   RO         2335    i.__NVIC_GetPriorityGrouping  stm32f1xx_hal_cortex.o
    0x08001908   0x08001908   0x00000028   Code   RO         2336    i.__NVIC_SetPriority  stm32f1xx_hal_cortex.o
    0x08001930   0x08001930   0x000000aa   Code   RO         3016    i.__kernel_poly     m_ws.l(poly.o)
    0x080019da   0x080019da   0x00000006   Code   RO         3001    i.__mathlib_dbl_infnan  m_ws.l(dunder.o)
    0x080019e0   0x080019e0   0x00000004   Code   RO         3002    i.__mathlib_dbl_infnan2  m_ws.l(dunder.o)
    0x080019e4   0x080019e4   0x0000000c   Code   RO         3003    i.__mathlib_dbl_invalid  m_ws.l(dunder.o)
    0x080019f0   0x080019f0   0x00000010   Code   RO         3006    i.__mathlib_dbl_underflow  m_ws.l(dunder.o)
    0x08001a00   0x08001a00   0x00000270   Code   RO         2953    i.asin              m_ws.l(asin.o)
    0x08001c70   0x08001c70   0x00000220   Code   RO         2991    i.atan              m_ws.l(atan.o)
    0x08001e90   0x08001e90   0x00000180   Code   RO         2963    i.atan2             m_ws.l(atan2.o)
    0x08002010   0x08002010   0x00000064   Code   RO          814    i.decode_gesture    inv_mpu_dmp_motion_driver.o
    0x08002074   0x08002074   0x0000003c   Code   RO          815    i.dmp_enable_6x_lp_quat  inv_mpu_dmp_motion_driver.o
    0x080020b0   0x080020b0   0x0000021c   Code   RO          816    i.dmp_enable_feature  inv_mpu_dmp_motion_driver.o
    0x080022cc   0x080022cc   0x00000058   Code   RO          817    i.dmp_enable_gyro_cal  inv_mpu_dmp_motion_driver.o
    0x08002324   0x08002324   0x0000003c   Code   RO          818    i.dmp_enable_lp_quat  inv_mpu_dmp_motion_driver.o
    0x08002360   0x08002360   0x00000018   Code   RO          823    i.dmp_load_motion_driver_firmware  inv_mpu_dmp_motion_driver.o
    0x08002378   0x08002378   0x000001cc   Code   RO          824    i.dmp_read_fifo     inv_mpu_dmp_motion_driver.o
    0x08002544   0x08002544   0x00000070   Code   RO          828    i.dmp_set_fifo_rate  inv_mpu_dmp_motion_driver.o
    0x080025b4   0x080025b4   0x00000138   Code   RO          831    i.dmp_set_orientation  inv_mpu_dmp_motion_driver.o
    0x080026ec   0x080026ec   0x00000038   Code   RO          834    i.dmp_set_shake_reject_thresh  inv_mpu_dmp_motion_driver.o
    0x08002724   0x08002724   0x00000026   Code   RO          835    i.dmp_set_shake_reject_time  inv_mpu_dmp_motion_driver.o
    0x0800274a   0x0800274a   0x00000026   Code   RO          836    i.dmp_set_shake_reject_timeout  inv_mpu_dmp_motion_driver.o
    0x08002770   0x08002770   0x00000046   Code   RO          837    i.dmp_set_tap_axes  inv_mpu_dmp_motion_driver.o
    0x080027b6   0x080027b6   0x00000026   Code   RO          838    i.dmp_set_tap_count  inv_mpu_dmp_motion_driver.o
    0x080027dc   0x080027dc   0x000001a0   Code   RO          839    i.dmp_set_tap_thresh  inv_mpu_dmp_motion_driver.o
    0x0800297c   0x0800297c   0x00000026   Code   RO          840    i.dmp_set_tap_time  inv_mpu_dmp_motion_driver.o
    0x080029a2   0x080029a2   0x00000026   Code   RO          841    i.dmp_set_tap_time_multi  inv_mpu_dmp_motion_driver.o
    0x080029c8   0x080029c8   0x00000028   Code   RO          457    i.inv_orientation_matrix_to_scalar  inv_mpu.o
    0x080029f0   0x080029f0   0x0000004e   Code   RO          458    i.inv_row_2_scale   inv_mpu.o
    0x08002a3e   0x08002a3e   0x00000002   PAD
    0x08002a40   0x08002a40   0x0000006c   Code   RO          210    i.main              main.o
    0x08002aac   0x08002aac   0x00000002   Code   RO          459    i.mget_ms           inv_mpu.o
    0x08002aae   0x08002aae   0x00000002   PAD
    0x08002ab0   0x08002ab0   0x00000070   Code   RO          460    i.mpu_configure_fifo  inv_mpu.o
    0x08002b20   0x08002b20   0x00000224   Code   RO          461    i.mpu_dmp_get_data  inv_mpu.o
    0x08002d44   0x08002d44   0x00000094   Code   RO          462    i.mpu_dmp_init      inv_mpu.o
    0x08002dd8   0x08002dd8   0x0000004c   Code   RO          463    i.mpu_get_accel_fsr  inv_mpu.o
    0x08002e24   0x08002e24   0x00000190   Code   RO          479    i.mpu_init          inv_mpu.o
    0x08002fb4   0x08002fb4   0x000000b8   Code   RO          480    i.mpu_load_firmware  inv_mpu.o
    0x0800306c   0x0800306c   0x000000e0   Code   RO          481    i.mpu_lp_accel_mode  inv_mpu.o
    0x0800314c   0x0800314c   0x000000c0   Code   RO          484    i.mpu_read_fifo_stream  inv_mpu.o
    0x0800320c   0x0800320c   0x00000080   Code   RO          485    i.mpu_read_mem      inv_mpu.o
    0x0800328c   0x0800328c   0x000001c8   Code   RO          488    i.mpu_reset_fifo    inv_mpu.o
    0x08003454   0x08003454   0x00000084   Code   RO          491    i.mpu_set_accel_fsr  inv_mpu.o
    0x080034d8   0x080034d8   0x0000014c   Code   RO          492    i.mpu_set_bypass    inv_mpu.o
    0x08003624   0x08003624   0x00000090   Code   RO          494    i.mpu_set_dmp_state  inv_mpu.o
    0x080036b4   0x080036b4   0x00000088   Code   RO          495    i.mpu_set_gyro_fsr  inv_mpu.o
    0x0800373c   0x0800373c   0x0000006c   Code   RO          496    i.mpu_set_int_latched  inv_mpu.o
    0x080037a8   0x080037a8   0x00000084   Code   RO          498    i.mpu_set_lpf       inv_mpu.o
    0x0800382c   0x0800382c   0x0000009c   Code   RO          499    i.mpu_set_sample_rate  inv_mpu.o
    0x080038c8   0x080038c8   0x000000d0   Code   RO          500    i.mpu_set_sensors   inv_mpu.o
    0x08003998   0x08003998   0x00000080   Code   RO          501    i.mpu_write_mem     inv_mpu.o
    0x08003a18   0x08003a18   0x00000090   Code   RO          503    i.set_int_enable    inv_mpu.o
    0x08003aa8   0x08003aa8   0x0000004c   Code   RO         3020    i.sqrt              m_ws.l(sqrt.o)
    0x08003af4   0x08003af4   0x00000062   Code   RO         2898    x$fpl$d2f           fz_ws.l(d2f.o)
    0x08003b56   0x08003b56   0x00000002   PAD
    0x08003b58   0x08003b58   0x00000150   Code   RO         2900    x$fpl$dadd          fz_ws.l(daddsub_clz.o)
    0x08003ca8   0x08003ca8   0x00000010   Code   RO         3051    x$fpl$dcheck1       fz_ws.l(dcheck1.o)
    0x08003cb8   0x08003cb8   0x000002b0   Code   RO         2907    x$fpl$ddiv          fz_ws.l(ddiv.o)
    0x08003f68   0x08003f68   0x00000154   Code   RO         2916    x$fpl$dmul          fz_ws.l(dmul.o)
    0x080040bc   0x080040bc   0x0000009c   Code   RO         2977    x$fpl$dnaninf       fz_ws.l(dnaninf.o)
    0x08004158   0x08004158   0x0000000c   Code   RO         2979    x$fpl$dretinf       fz_ws.l(dretinf.o)
    0x08004164   0x08004164   0x00000016   Code   RO         2901    x$fpl$drsb          fz_ws.l(daddsub_clz.o)
    0x0800417a   0x0800417a   0x00000002   PAD
    0x0800417c   0x0800417c   0x000001cc   Code   RO         3055    x$fpl$dsqrt         fz_ws.l(dsqrt_noumaal.o)
    0x08004348   0x08004348   0x000001d4   Code   RO         2902    x$fpl$dsub          fz_ws.l(daddsub_clz.o)
    0x0800451c   0x0800451c   0x00000056   Code   RO         2918    x$fpl$f2d           fz_ws.l(f2d.o)
    0x08004572   0x08004572   0x00000002   PAD
    0x08004574   0x08004574   0x000000c4   Code   RO         2920    x$fpl$fadd          fz_ws.l(faddsub_clz.o)
    0x08004638   0x08004638   0x00000184   Code   RO         2927    x$fpl$fdiv          fz_ws.l(fdiv.o)
    0x080047bc   0x080047bc   0x0000003e   Code   RO         2936    x$fpl$ffixu         fz_ws.l(ffixu.o)
    0x080047fa   0x080047fa   0x00000002   PAD
    0x080047fc   0x080047fc   0x00000030   Code   RO         2941    x$fpl$fflt          fz_ws.l(fflt_clz.o)
    0x0800482c   0x0800482c   0x00000026   Code   RO         2940    x$fpl$ffltu         fz_ws.l(fflt_clz.o)
    0x08004852   0x08004852   0x00000002   PAD
    0x08004854   0x08004854   0x00000102   Code   RO         2948    x$fpl$fmul          fz_ws.l(fmul.o)
    0x08004956   0x08004956   0x0000008c   Code   RO         2983    x$fpl$fnaninf       fz_ws.l(fnaninf.o)
    0x080049e2   0x080049e2   0x0000000a   Code   RO         2985    x$fpl$fretinf       fz_ws.l(fretinf.o)
    0x080049ec   0x080049ec   0x000000ea   Code   RO         2922    x$fpl$fsub          fz_ws.l(faddsub_clz.o)
    0x08004ad6   0x08004ad6   0x00000064   Code   RO         3074    x$fpl$retnan        fz_ws.l(retnan.o)
    0x08004b3a   0x08004b3a   0x0000005c   Code   RO         2987    x$fpl$scalbn        fz_ws.l(scalbn.o)
    0x08004b96   0x08004b96   0x00000030   Code   RO         3127    x$fpl$trapveneer    fz_ws.l(trapv.o)
    0x08004bc6   0x08004bc6   0x00000000   Code   RO         2989    x$fpl$usenofp       fz_ws.l(usenofp.o)
    0x08004bc6   0x08004bc6   0x00000002   PAD
    0x08004bc8   0x08004bc8   0x00000050   Data   RO          505    .constdata          inv_mpu.o
    0x08004c18   0x08004c18   0x00000bf6   Data   RO          843    .constdata          inv_mpu_dmp_motion_driver.o
    0x0800580e   0x0800580e   0x00000012   Data   RO         2029    .constdata          stm32f1xx_hal_rcc.o
    0x08005820   0x08005820   0x00000018   Data   RO         2850    .constdata          system_stm32f1xx.o
    0x08005838   0x08005838   0x00000050   Data   RO         2954    .constdata          m_ws.l(asin.o)
    0x08005888   0x08005888   0x00000098   Data   RO         2992    .constdata          m_ws.l(atan.o)
    0x08005920   0x08005920   0x00000008   Data   RO         3018    .constdata          m_ws.l(qnan.o)
    0x08005928   0x08005928   0x00000020   Data   RO         3206    Region$$Table       anon$$obj.o


    Execution Region RW_IRAM1 (Exec base: 0x20000000, Load base: 0x08005948, Size: 0x00000718, Max: 0x00005000, ABSOLUTE)

    Exec Addr    Load Addr    Size         Type   Attr      Idx    E Section Name        Object

    0x20000000   0x08005948   0x00000018   Data   RW          217    .data               main.o
    0x20000018   0x08005960   0x00000035   Data   RW          506    .data               inv_mpu.o
    0x2000004d   0x08005995   0x00000003   PAD
    0x20000050   0x08005998   0x00000009   Data   RW         1865    .data               stm32f1xx_hal.o
    0x20000059   0x080059a1   0x00000003   PAD
    0x2000005c   0x080059a4   0x00000004   Data   RW         2851    .data               system_stm32f1xx.o
    0x20000060        -       0x00000048   Zero   RW          216    .bss                main.o
    0x200000a8        -       0x00000010   Zero   RW          842    .bss                inv_mpu_dmp_motion_driver.o
    0x200000b8        -       0x00000060   Zero   RW         3058    .bss                c_w.l(libspace.o)
    0x20000118        -       0x00000200   Zero   RW            2    HEAP                startup_stm32f103xb.o
    0x20000318        -       0x00000400   Zero   RW            1    STACK               startup_stm32f103xb.o


==============================================================================

Image component sizes


      Code (inc. data)   RO Data    RW Data    ZI Data      Debug   Object Name

       164          8          0          0          0       1569   8x8led.o
        92          0          0          0          0       3896   animation.o
       574         38          0          0          0       5203   iic.o
      4208        106         80         53          0      20686   inv_mpu.o
      2488        108       3062          0         16      18261   inv_mpu_dmp_motion_driver.o
       524         42          0         24         72     394865   main.o
       608          0          0          0          0       5887   mpu6050.o
        64         26        236          0       1536        792   startup_stm32f103xb.o
       192         36          0          9          0       5745   stm32f1xx_hal.o
       272         22          0          0          0      28642   stm32f1xx_hal_cortex.o
       848         34          0          0          0       3836   stm32f1xx_hal_gpio.o
       220         22          0          0          0       1541   stm32f1xx_hal_msp.o
      1748         98         18          0          0       5816   stm32f1xx_hal_rcc.o
       370          4          0          0          0       1716   stm32f1xx_hal_uart.o
        34          0          0          0          0     396986   stm32f1xx_it.o
         2          0         24          4          0       1059   system_stm32f1xx.o

    ----------------------------------------------------------------------
     12422        544       3452         96       1624     896500   Object Totals
         0          0         32          0          0          0   (incl. Generated)
        14          0          0          6          0          0   (incl. Padding)

    ----------------------------------------------------------------------

      Code (inc. data)   RO Data    RW Data    ZI Data      Debug   Library Member Name

         8          0          0          0          0         68   __main.o
         0          0          0          0          0          0   __rtentry.o
        12          0          0          0          0          0   __rtentry2.o
         6          0          0          0          0          0   __rtentry4.o
        52          8          0          0          0          0   __scatter.o
        26          0          0          0          0          0   __scatter_copy.o
        28          0          0          0          0          0   __scatter_zi.o
        22          0          0          0          0        100   _rserrno.o
        16          0          0          0          0         68   aeabi_memset.o
        18          0          0          0          0         80   exit.o
         6          0          0          0          0        152   heapauxi.o
         0          0          0          0          0          0   indicate_semi.o
         2          0          0          0          0          0   libinit.o
         2          0          0          0          0          0   libinit2.o
         2          0          0          0          0          0   libshutdown.o
         2          0          0          0          0          0   libshutdown2.o
         8          4          0          0         96         68   libspace.o
        88          0          0          0          0         76   memcmp.o
         8          4          0          0          0         68   rt_errno_addr_intlibspace.o
        68          0          0          0          0         68   rt_memclr.o
        78          0          0          0          0         80   rt_memclr_w.o
         2          0          0          0          0          0   rtexit.o
        10          0          0          0          0          0   rtexit2.o
        12          4          0          0          0         68   sys_exit.o
        74          0          0          0          0         80   sys_stackheap_outer.o
         2          0          0          0          0         68   use_no_semi.o
        98          4          0          0          0         92   d2f.o
       826         16          0          0          0        348   daddsub_clz.o
        16          4          0          0          0         68   dcheck1.o
       688        140          0          0          0        208   ddiv.o
       340         12          0          0          0        104   dmul.o
       156          4          0          0          0         92   dnaninf.o
        12          0          0          0          0         68   dretinf.o
       460         56          0          0          0        120   dsqrt_noumaal.o
        86          4          0          0          0         84   f2d.o
       430          8          0          0          0        168   faddsub_clz.o
       388         76          0          0          0         96   fdiv.o
        62          4          0          0          0         84   ffixu.o
        86          0          0          0          0        136   fflt_clz.o
       258          4          0          0          0         84   fmul.o
       140          4          0          0          0         84   fnaninf.o
        10          0          0          0          0         68   fretinf.o
       100          0          0          0          0         68   retnan.o
        92          0          0          0          0         68   scalbn.o
        48          0          0          0          0         68   trapv.o
         0          0          0          0          0          0   usenofp.o
       624         52         80          0          0        168   asin.o
       544         70        152          0          0        124   atan.o
       384         38          0          0          0        144   atan2.o
        38          6          0          0          0        272   dunder.o
        40          0          0          0          0         68   fpclassify.o
       170          0          0          0          0         96   poly.o
         0          0          8          0          0          0   qnan.o
        76          0          0          0          0         84   sqrt.o

    ----------------------------------------------------------------------
      6742        522        240          0         96       4108   Library Totals
        18          0          0          0          0          0   (incl. Padding)

    ----------------------------------------------------------------------

      Code (inc. data)   RO Data    RW Data    ZI Data      Debug   Library Name

       552         20          0          0         96       1044   c_w.l
      4296        336          0          0          0       2108   fz_ws.l
      1876        166        240          0          0        956   m_ws.l

    ----------------------------------------------------------------------
      6742        522        240          0         96       4108   Library Totals

    ----------------------------------------------------------------------

==============================================================================


      Code (inc. data)   RO Data    RW Data    ZI Data      Debug   

     19164       1066       3692         96       1720     893272   Grand Totals
     19164       1066       3692         96       1720     893272   ELF Image Totals
     19164       1066       3692         96          0          0   ROM Totals

==============================================================================

    Total RO  Size (Code + RO Data)                22856 (  22.32kB)
    Total RW  Size (RW Data + ZI Data)              1816 (   1.77kB)
    Total ROM Size (Code + RO Data + RW Data)      22952 (  22.41kB)

==============================================================================

